******************************************************************************
             TMS320C2000 Linker PC v21.6.0                     
******************************************************************************
>> Linked Tue Feb 15 18:02:47 2022

OUTPUT FILE NAME:   <BMS_Firmware.out>
ENTRY POINT SYMBOL: "code_start"  address: 00000000


MEMORY CONFIGURATION

         name            origin    length      used     unused   attr    fill
----------------------  --------  ---------  --------  --------  ----  --------
PAGE 0:
  BEGIN                 00000000   00000002  00000002  00000000  RWIX
  RAMM0                 000000f6   0000030a  00000020  000002ea  RWIX
  RAMLS0                00008000   00000800  00000800  00000000  RWIX
  RAMLS1                00008800   00000800  000007ff  00000001  RWIX
  RAMLS2                00009000   00000800  00000648  000001b8  RWIX
  RAMLS3                00009800   00000800  00000000  00000800  RWIX
  RAMLS4                0000a000   00000800  00000000  00000800  RWIX
  FLASH_BANK0_SEC0      00080000   00001000  00000000  00001000  RWIX
  FLASH_BANK0_SEC1      00081000   00001000  00000000  00001000  RWIX
  FLASH_BANK0_SEC2      00082000   00001000  00000000  00001000  RWIX
  FLASH_BANK0_SEC3      00083000   00001000  00000000  00001000  RWIX
  FLASH_BANK0_SEC4      00084000   00001000  00000000  00001000  RWIX
  FLASH_BANK0_SEC5      00085000   00001000  00000000  00001000  RWIX
  FLASH_BANK0_SEC6      00086000   00001000  00000000  00001000  RWIX
  FLASH_BANK0_SEC7      00087000   00001000  00000000  00001000  RWIX
  FLASH_BANK0_SEC8      00088000   00001000  00000000  00001000  RWIX
  FLASH_BANK0_SEC9      00089000   00001000  00000000  00001000  RWIX
  FLASH_BANK0_SEC10     0008a000   00001000  00000000  00001000  RWIX
  FLASH_BANK0_SEC11     0008b000   00001000  00000000  00001000  RWIX
  FLASH_BANK0_SEC12     0008c000   00001000  00000000  00001000  RWIX
  FLASH_BANK0_SEC13     0008d000   00001000  00000000  00001000  RWIX
  FLASH_BANK0_SEC14     0008e000   00001000  00000000  00001000  RWIX
  FLASH_BANK0_SEC15     0008f000   00001000  00000000  00001000  RWIX
  FLASH_BANK1_SEC0      00090000   00001000  00000000  00001000  RWIX
  FLASH_BANK1_SEC1      00091000   00001000  00000000  00001000  RWIX
  FLASH_BANK1_SEC2      00092000   00001000  00000000  00001000  RWIX
  FLASH_BANK1_SEC3      00093000   00001000  00000000  00001000  RWIX
  FLASH_BANK1_SEC4      00094000   00001000  00000000  00001000  RWIX
  FLASH_BANK1_SEC5      00095000   00001000  00000000  00001000  RWIX
  FLASH_BANK1_SEC6      00096000   00001000  00000000  00001000  RWIX
  FLASH_BANK1_SEC7      00097000   00001000  00000000  00001000  RWIX
  FLASH_BANK1_SEC8      00098000   00001000  00000000  00001000  RWIX
  FLASH_BANK1_SEC9      00099000   00001000  00000000  00001000  RWIX
  FLASH_BANK1_SEC10     0009a000   00001000  00000000  00001000  RWIX
  FLASH_BANK1_SEC11     0009b000   00001000  00000000  00001000  RWIX
  FLASH_BANK1_SEC12     0009c000   00001000  00000000  00001000  RWIX
  FLASH_BANK1_SEC13     0009d000   00001000  00000000  00001000  RWIX
  FLASH_BANK1_SEC14     0009e000   00001000  00000000  00001000  RWIX
  FLASH_BANK1_SEC15     0009f000   00001000  00000000  00001000  RWIX
  RESET                 003fffc0   00000002  00000000  00000002  RWIX

PAGE 1:
  BOOT_RSVD             00000002   000000f1  00000000  000000f1  RWIX
  RAMM1                 00000400   000003f8  00000100  000002f8  RWIX
  RAMLS5                0000a800   00000800  00000453  000003ad  RWIX
  RAMLS6                0000b000   00000800  00000000  00000800  RWIX
  RAMLS7                0000b800   00000800  00000000  00000800  RWIX
  RAMGS0                0000c000   00002000  00000000  00002000  RWIX
  RAMGS1                0000e000   00002000  00000000  00002000  RWIX
  RAMGS2                00010000   00002000  00000000  00002000  RWIX
  RAMGS3                00012000   00001ff8  00000000  00001ff8  RWIX


SECTION ALLOCATION MAP

 output                                  attributes/
section   page    origin      length       input sections
--------  ----  ----------  ----------   ----------------
codestart 
*          0    00000000    00000002     
                  00000000    00000002     f28004x_codestartbranch.obj (codestart)

.TI.ramfunc 
*          0    000000f6    00000004     
                  000000f6    00000004     driverlib_eabi.lib : sysctl.obj (.TI.ramfunc)

.cinit     0    000000fc    0000001c     
                  000000fc    00000008     (.cinit..data.load) [load image, compression = lzss]
                  00000104    00000006     (__TI_handler_table)
                  0000010a    00000004     (.cinit..bss.load) [load image, compression = zero_init]
                  0000010e    00000002     --HOLE-- [fill = 0]
                  00000110    00000008     (__TI_cinit_table)

.reset     0    003fffc0    00000000     DSECT

.stack     1    00000400    00000100     UNINITIALIZED
                  00000400    00000100     --HOLE--

.bss       1    0000ab84    000000c2     UNINITIALIZED
                  0000ab84    00000040     main.obj (.bss:RX_MsgBuffer)
                  0000abc4    00000040     main.obj (.bss:TX_MsgBuffer)
                  0000ac04    0000002c     main.obj (.bss)
                  0000ac30    00000014     main.obj (.bss:AvailableI2C_slaves)
                  0000ac44    00000002     UART.obj (.bss)

.init_array 
*          0    000000f6    00000000     UNINITIALIZED

.const     1    0000a800    00000383     
                  0000a800    000000be     UART.obj (.const:.string)
                  0000a8be    0000009a     driverlib_eabi.lib : sysctl.obj (.const:.string)
                  0000a958    00000098                        : gpio.obj (.const:.string)
                  0000a9f0    00000097                        : sci.obj (.const:.string)
                  0000aa87    00000001     --HOLE-- [fill = 0]
                  0000aa88    00000056     i2c_helper.obj (.const:.string)
                  0000aade    0000004b     driverlib_eabi.lib : i2c.obj (.const:.string)
                  0000ab29    00000001     --HOLE-- [fill = 0]
                  0000ab2a    00000046     main.obj (.const:.string)
                  0000ab70    00000013     device.obj (.const:.string)

.data      1    0000ac46    0000000e     UNINITIALIZED
                  0000ac46    00000006     rts2800_fpu32_eabi.lib : exit.c.obj (.data)
                  0000ac4c    00000003     main.obj (.data)
                  0000ac4f    00000001     UART.obj (.data)
                  0000ac50    00000002     rts2800_fpu32_eabi.lib : _lock.c.obj (.data:_lock)
                  0000ac52    00000002                            : _lock.c.obj (.data:_unlock)

.text.1    0    00008000    00000800     
                  00008000    000004d3     i2c_helper.obj (.text)
                  000084d3    00000284     main.obj (.text)
                  00008757    00000096     UART.obj (.text:retain)
                  000087ed    00000010     driverlib_eabi.lib : sysctl.obj (.text:DCC_isBaseValid)
                  000087fd    00000002                        : interrupt.obj (.text:Interrupt_illegalOperationHandler)
                  000087ff    00000001     rts2800_fpu32_eabi.lib : startup.c.obj (.text)

.text.2    0    00008800    000007ff     
                  00008800    000001ad     device.obj (.text)
                  000089ad    00000180     UART.obj (.text)
                  00008b2d    000000c7     driverlib_eabi.lib : sysctl.obj (.text:SysCtl_setClock)
                  00008bf4    000000c0                        : sysctl.obj (.text:SysCtl_isPLLValid)
                  00008cb4    00000082     main.obj (.text:retain)
                  00008d36    0000007a     driverlib_eabi.lib : sysctl.obj (.text:DCC_setCounterSeeds)
                  00008db0    00000064                        : i2c.obj (.text:I2C_initMaster)
                  00008e14    0000005e                        : sysctl.obj (.text:SysCtl_getClock)
                  00008e72    0000005b                        : sysctl.obj (.text:SysCtl_selectOscSource)
                  00008ecd    00000052                        : gpio.obj (.text:GPIO_setPadConfig)
                  00008f1f    00000046                        : sci.obj (.text:SCI_clearInterruptStatus)
                  00008f65    00000046                        : sci.obj (.text:SCI_disableInterrupt)
                  00008fab    00000044                        : sci.obj (.text:SCI_enableInterrupt)
                  00008fef    00000010                        : i2c.obj (.text:I2C_isBaseValid)

.text.3    0    00009000    00000648     
                  00009000    00000041     driverlib_eabi.lib : sci.obj (.text:SCI_writeCharArray)
                  00009041    0000003e                        : sci.obj (.text:SCI_setConfig)
                  0000907f    0000003d                        : interrupt.obj (.text:Interrupt_initModule)
                  000090bc    0000003b                        : gpio.obj (.text:GPIO_setAnalogMode)
                  000090f7    00000038                        : gpio.obj (.text:GPIO_setMasterCore)
                  0000912f    00000038                        : gpio.obj (.text:GPIO_setQualificationMode)
                  00009167    00000037                        : gpio.obj (.text:GPIO_setPinConfig)
                  0000919e    00000034                        : interrupt.obj (.text:Interrupt_enable)
                  000091d2    00000031                        : gpio.obj (.text:GPIO_setDirectionMode)
                  00009203    00000031     rts2800_fpu32_eabi.lib : copy_decompress_lzss.c.obj (.text:decompress:lzss)
                  00009234    0000002c     driverlib_eabi.lib : i2c.obj (.text:I2C_disableInterrupt)
                  00009260    0000002b                        : i2c.obj (.text:I2C_enableInterrupt)
                  0000928b    0000002b     rts2800_fpu32_eabi.lib : autoinit.c.obj (.text:__TI_auto_init_nobinit_nopinit)
                  000092b6    00000029                            : exit.c.obj (.text)
                  000092df    00000026     driverlib_eabi.lib : sysctl.obj (.text:SysCtl_pollX1Counter)
                  00009305    00000025                        : sysctl.obj (.text:DCC_enableSingleShotMode)
                  0000932a    00000024                        : sysctl.obj (.text:SysCtl_selectXTAL)
                  0000934e    00000022                        : sci.obj (.text:SCI_isFIFOEnabled)
                  00009370    00000021                        : i2c.obj (.text:I2C_clearInterruptStatus)
                  00009391    00000021                        : i2c.obj (.text:I2C_getInterruptStatus)
                  000093b2    0000001f                        : sysctl.obj (.text:DCC_setCounter1ClkSource)
                  000093d1    0000001e                        : interrupt.obj (.text:Interrupt_initVectorTable)
                  000093ef    0000001d                        : sysctl.obj (.text:DCC_setCounter0ClkSource)
                  0000940c    0000001d     rts2800_fpu32_eabi.lib : memcpy.c.obj (.text)
                  00009429    0000001b     driverlib_eabi.lib : sci.obj (.text:SCI_isSpaceAvailableNonFIFO)
                  00009444    0000001a                        : sysctl.obj (.text:SysCtl_getLowSpeedClock)
                  0000945e    0000001a                        : sysctl.obj (.text:SysCtl_selectXTALSingleEnded)
                  00009478    00000019                        : sci.obj (.text:SCI_disableModule)
                  00009491    00000019                        : sci.obj (.text:SCI_performSoftwareReset)
                  000094aa    00000017                        : sysctl.obj (.text:DCC_disableDoneSignal)
                  000094c1    00000017                        : sysctl.obj (.text:DCC_enableDoneSignal)
                  000094d8    00000017                        : sysctl.obj (.text:SysCtl_enablePeripheral)
                  000094ef    00000017     rts2800_fpu32_eabi.lib : boot28.asm.obj (.text)
                  00009506    00000016     driverlib_eabi.lib : sysctl.obj (.text:DCC_clearDoneFlag)
                  0000951c    00000016                        : sysctl.obj (.text:DCC_clearErrorFlag)
                  00009532    00000016                        : sysctl.obj (.text:DCC_disableErrorSignal)
                  00009548    00000016                        : sysctl.obj (.text:DCC_enableErrorSignal)
                  0000955e    00000015                        : sci.obj (.text:SCI_getTxFIFOStatus)
                  00009573    00000015                        : sci.obj (.text:SCI_isBaseValid)
                  00009588    00000014                        : sysctl.obj (.text:DCC_disableModule)
                  0000959c    00000014                        : sysctl.obj (.text:DCC_enableModule)
                  000095b0    00000014                        : gpio.obj (.text:GPIO_isPinValid)
                  000095c4    00000014                        : sci.obj (.text:SCI_enableModule)
                  000095d8    0000000e                        : interrupt.obj (.text:Interrupt_defaultHandler)
                  000095e6    0000000d                        : interrupt.obj (.text:Interrupt_disableMaster)
                  000095f3    0000000d                        : interrupt.obj (.text:Interrupt_enableMaster)
                  00009600    0000000d     rts2800_fpu32_eabi.lib : copy_zero_init.c.obj (.text:decompress:ZI:__TI_zero_init_nomemset)
                  0000960d    0000000c                            : args_main.c.obj (.text)
                  00009619    0000000b     driverlib_eabi.lib : sysctl.obj (.text:SysCtl_isMCDClockFailureDetected)
                  00009624    00000009     rts2800_fpu32_eabi.lib : _lock.c.obj (.text)
                  0000962d    00000008                            : copy_decompress_none.c.obj (.text:decompress:none)
                  00009635    00000008     f28004x_codestartbranch.obj (.text)
                  0000963d    00000007     driverlib_eabi.lib : sysctl.obj (.text:SysCtl_resetMCD)
                  00009644    00000002                        : interrupt.obj (.text:Interrupt_nmiHandler)
                  00009646    00000002     rts2800_fpu32_eabi.lib : pre_init.c.obj (.text)

MODULE SUMMARY

       Module                        code   ro data   rw data
       ------                        ----   -------   -------
    .\
       i2c_helper.obj                1235   86        0      
       main.obj                      774    70        195    
       UART.obj                      534    190       3      
    +--+-----------------------------+------+---------+---------+
       Total:                        2543   346       198    
                                                             
    .\device\
       device.obj                    429    19        0      
       f28004x_codestartbranch.obj   10     0         0      
    +--+-----------------------------+------+---------+---------+
       Total:                        439    19        0      
                                                             
    D:\Programs\TI\C2000Ware_4_00_00_00\driverlib\f28004x\driverlib\ccs\Debug\driverlib_eabi.lib
       sysctl.obj                    1156   154       0      
       sci.obj                       508    151       0      
       gpio.obj                      377    152       0      
       i2c.obj                       269    75        0      
       interrupt.obj                 187    0         0      
    +--+-----------------------------+------+---------+---------+
       Total:                        2497   532       0      
                                                             
    D:\Programs\TI\ccs\tools\compiler\ti-cgt-c2000_21.6.0.LTS\lib\rts2800_fpu32_eabi.lib
       copy_decompress_lzss.c.obj    49     0         0      
       exit.c.obj                    41     0         6      
       autoinit.c.obj                43     0         0      
       memcpy.c.obj                  29     0         0      
       boot28.asm.obj                23     0         0      
       _lock.c.obj                   9      0         4      
       copy_zero_init.c.obj          13     0         0      
       args_main.c.obj               12     0         0      
       copy_decompress_none.c.obj    8      0         0      
       pre_init.c.obj                2      0         0      
       startup.c.obj                 1      0         0      
    +--+-----------------------------+------+---------+---------+
       Total:                        230    0         10     
                                                             
       Stack:                        0      0         256    
       Linker Generated:             0      26        0      
    +--+-----------------------------+------+---------+---------+
       Grand Total:                  5709   923       464    


LINKER GENERATED COPY TABLES

__TI_cinit_table @ 00000110 records: 2, size/record: 4, table size: 8
	.data: load addr=000000fc, load size=00000008 bytes, run addr=0000ac46, run size=0000000e bytes, compression=lzss
	.bss: load addr=0000010a, load size=00000004 bytes, run addr=0000ab84, run size=000000c2 bytes, compression=zero_init


LINKER GENERATED HANDLER TABLE

__TI_handler_table @ 00000104 records: 3, size/record: 2, table size: 6
	index: 0, handler: __TI_zero_init
	index: 1, handler: __TI_decompress_lzss
	index: 2, handler: __TI_decompress_none


GLOBAL DATA SYMBOLS: SORTED BY DATA PAGE

address     data page           name
--------    ----------------    ----
00000400      10 (00000400)     __stack

0000ab84     2ae (0000ab80)     RX_MsgBuffer

0000abc4     2af (0000abc0)     TX_MsgBuffer

0000ac04     2b0 (0000ac00)     currentResponderPtr
0000ac06     2b0 (0000ac00)     ControlAddr
0000ac08     2b0 (0000ac00)     EEPROM
0000ac1c     2b0 (0000ac00)     TempSensor
0000ac30     2b0 (0000ac00)     AvailableI2C_slaves

0000ac44     2b1 (0000ac40)     msg
0000ac46     2b1 (0000ac40)     __TI_enable_exit_profile_output
0000ac48     2b1 (0000ac40)     __TI_cleanup_ptr
0000ac4a     2b1 (0000ac40)     __TI_dtors_ptr
0000ac4c     2b1 (0000ac40)     passCount
0000ac4d     2b1 (0000ac40)     failCount
0000ac4e     2b1 (0000ac40)     status
0000ac4f     2b1 (0000ac40)     counter
0000ac50     2b1 (0000ac40)     _lock
0000ac52     2b1 (0000ac40)     _unlock


GLOBAL SYMBOLS: SORTED ALPHABETICALLY BY Name 

page  address   name                                 
----  -------   ----                                 
1     0000ac30  AvailableI2C_slaves                  
0     000092b6  C$$EXIT                              
1     0000ac06  ControlAddr                          
0     000088b6  Device_enableAllPeripherals          
0     00008865  Device_init                          
0     00008996  Device_initGPIO                      
1     0000ac08  EEPROM                               
0     000090bc  GPIO_setAnalogMode                   
0     000091d2  GPIO_setDirectionMode                
0     000090f7  GPIO_setMasterCore                   
0     00008ecd  GPIO_setPadConfig                    
0     00009167  GPIO_setPinConfig                    
0     0000912f  GPIO_setQualificationMode            
0     000081a6  I2CBusScan                           
0     000086c1  I2C_GPIO_init                        
0     000082af  I2C_MasterReceiver                   
0     00008260  I2C_MasterTransmitter                
0     0000820d  I2C_TransmitSlaveAddress_ControlBytes
0     00009370  I2C_clearInterruptStatus             
0     00009234  I2C_disableInterrupt                 
0     00009260  I2C_enableInterrupt                  
0     00009391  I2C_getInterruptStatus               
0     00008db0  I2C_initMaster                       
0     000086f0  I2Cinit                              
0     0000919e  Interrupt_enable                     
0     0000907f  Interrupt_initModule                 
0     000093d1  Interrupt_initVectorTable            
1     0000ab84  RX_MsgBuffer                         
0     00008f1f  SCI_clearInterruptStatus             
0     00008f65  SCI_disableInterrupt                 
0     00008fab  SCI_enableInterrupt                  
0     00009041  SCI_setConfig                        
0     00009000  SCI_writeCharArray                   
0     000000f6  SysCtl_delay                         
0     00008e14  SysCtl_getClock                      
0     00009444  SysCtl_getLowSpeedClock              
0     00008bf4  SysCtl_isPLLValid                    
0     00008e72  SysCtl_selectOscSource               
0     0000932a  SysCtl_selectXTAL                    
0     0000945e  SysCtl_selectXTALSingleEnded         
0     00008b2d  SysCtl_setClock                      
1     0000abc4  TX_MsgBuffer                         
1     0000ac1c  TempSensor                           
0     000083ce  Write_Read_TX_RX_FIFO                
0     00000110  __TI_CINIT_Base                      
0     00000118  __TI_CINIT_Limit                     
0     00000118  __TI_CINIT_Warm                      
0     00000104  __TI_Handler_Table_Base              
0     0000010a  __TI_Handler_Table_Limit             
1     00000500  __TI_STACK_END                       
abs   00000100  __TI_STACK_SIZE                      
0     0000928b  __TI_auto_init_nobinit_nopinit       
1     0000ac48  __TI_cleanup_ptr                     
0     00009203  __TI_decompress_lzss                 
0     0000962d  __TI_decompress_none                 
1     0000ac4a  __TI_dtors_ptr                       
1     0000ac46  __TI_enable_exit_profile_output      
abs   ffffffff  __TI_pprof_out_hndl                  
abs   ffffffff  __TI_prof_data_size                  
abs   ffffffff  __TI_prof_data_start                 
0     00009600  __TI_zero_init_nomemset              
n/a   UNDEFED   __c_args__                           
0     000089a6  __error__                            
1     00000400  __stack                              
0     0000960d  _args_main                           
0     000094ef  _c_int00                             
1     0000ac50  _lock                                
0     0000962c  _nop                                 
0     00009628  _register_lock                       
0     00009624  _register_unlock                     
0     000087ff  _system_post_cinit                   
0     00009646  _system_pre_init                     
1     0000ac52  _unlock                              
0     000092b6  abort                                
0     000082e4  checkBusStatus                       
0     00000000  code_start                           
1     0000ac4f  counter                              
1     0000ac04  currentResponderPtr                  
0     000092b8  exit                                 
0     0000869d  fail                                 
1     0000ac4d  failCount                            
0     00008311  handleI2C_ErrorCondition             
0     000082f8  handleNACK                           
0     00008d03  i2cFIFO_isr                          
0     00008cb4  i2c_isr                              
0     0000863e  main                                 
0     00008a84  main_                                
0     0000940c  memcpy                               
1     0000ac44  msg                                  
0     0000869b  pass                                 
1     0000ac4c  passCount                            
0     0000879b  sciaRxISR                            
0     00008757  sciaTxISR                            
1     0000ac4e  status                               
0     0000869f  verifyEEPROMRead                     


GLOBAL SYMBOLS: SORTED BY Symbol Address 

page  address   name                                 
----  -------   ----                                 
0     00000000  code_start                           
0     000000f6  SysCtl_delay                         
0     00000104  __TI_Handler_Table_Base              
0     0000010a  __TI_Handler_Table_Limit             
0     00000110  __TI_CINIT_Base                      
0     00000118  __TI_CINIT_Limit                     
0     00000118  __TI_CINIT_Warm                      
0     000081a6  I2CBusScan                           
0     0000820d  I2C_TransmitSlaveAddress_ControlBytes
0     00008260  I2C_MasterTransmitter                
0     000082af  I2C_MasterReceiver                   
0     000082e4  checkBusStatus                       
0     000082f8  handleNACK                           
0     00008311  handleI2C_ErrorCondition             
0     000083ce  Write_Read_TX_RX_FIFO                
0     0000863e  main                                 
0     0000869b  pass                                 
0     0000869d  fail                                 
0     0000869f  verifyEEPROMRead                     
0     000086c1  I2C_GPIO_init                        
0     000086f0  I2Cinit                              
0     00008757  sciaTxISR                            
0     0000879b  sciaRxISR                            
0     000087ff  _system_post_cinit                   
0     00008865  Device_init                          
0     000088b6  Device_enableAllPeripherals          
0     00008996  Device_initGPIO                      
0     000089a6  __error__                            
0     00008a84  main_                                
0     00008b2d  SysCtl_setClock                      
0     00008bf4  SysCtl_isPLLValid                    
0     00008cb4  i2c_isr                              
0     00008d03  i2cFIFO_isr                          
0     00008db0  I2C_initMaster                       
0     00008e14  SysCtl_getClock                      
0     00008e72  SysCtl_selectOscSource               
0     00008ecd  GPIO_setPadConfig                    
0     00008f1f  SCI_clearInterruptStatus             
0     00008f65  SCI_disableInterrupt                 
0     00008fab  SCI_enableInterrupt                  
0     00009000  SCI_writeCharArray                   
0     00009041  SCI_setConfig                        
0     0000907f  Interrupt_initModule                 
0     000090bc  GPIO_setAnalogMode                   
0     000090f7  GPIO_setMasterCore                   
0     0000912f  GPIO_setQualificationMode            
0     00009167  GPIO_setPinConfig                    
0     0000919e  Interrupt_enable                     
0     000091d2  GPIO_setDirectionMode                
0     00009203  __TI_decompress_lzss                 
0     00009234  I2C_disableInterrupt                 
0     00009260  I2C_enableInterrupt                  
0     0000928b  __TI_auto_init_nobinit_nopinit       
0     000092b6  C$$EXIT                              
0     000092b6  abort                                
0     000092b8  exit                                 
0     0000932a  SysCtl_selectXTAL                    
0     00009370  I2C_clearInterruptStatus             
0     00009391  I2C_getInterruptStatus               
0     000093d1  Interrupt_initVectorTable            
0     0000940c  memcpy                               
0     00009444  SysCtl_getLowSpeedClock              
0     0000945e  SysCtl_selectXTALSingleEnded         
0     000094ef  _c_int00                             
0     00009600  __TI_zero_init_nomemset              
0     0000960d  _args_main                           
0     00009624  _register_unlock                     
0     00009628  _register_lock                       
0     0000962c  _nop                                 
0     0000962d  __TI_decompress_none                 
0     00009646  _system_pre_init                     
1     00000400  __stack                              
1     00000500  __TI_STACK_END                       
1     0000ab84  RX_MsgBuffer                         
1     0000abc4  TX_MsgBuffer                         
1     0000ac04  currentResponderPtr                  
1     0000ac06  ControlAddr                          
1     0000ac08  EEPROM                               
1     0000ac1c  TempSensor                           
1     0000ac30  AvailableI2C_slaves                  
1     0000ac44  msg                                  
1     0000ac46  __TI_enable_exit_profile_output      
1     0000ac48  __TI_cleanup_ptr                     
1     0000ac4a  __TI_dtors_ptr                       
1     0000ac4c  passCount                            
1     0000ac4d  failCount                            
1     0000ac4e  status                               
1     0000ac4f  counter                              
1     0000ac50  _lock                                
1     0000ac52  _unlock                              
abs   00000100  __TI_STACK_SIZE                      
abs   ffffffff  __TI_pprof_out_hndl                  
abs   ffffffff  __TI_prof_data_size                  
abs   ffffffff  __TI_prof_data_start                 
n/a   UNDEFED   __c_args__                           

[95 symbols]
