******************************************************************************
             TMS320C2000 Linker PC v21.6.0                     
******************************************************************************
>> Linked Tue Feb 22 22:04:26 2022

OUTPUT FILE NAME:   <BMS_Firmware.out>
ENTRY POINT SYMBOL: "code_start"  address: 00000000


MEMORY CONFIGURATION

         name            origin    length      used     unused   attr    fill
----------------------  --------  ---------  --------  --------  ----  --------
PAGE 0:
  BEGIN                 00000000   00000002  00000002  00000000  RWIX
  RAMM0                 000000f6   0000030a  00000020  000002ea  RWIX
  RAMLS0                00008000   00000800  00000800  00000000  RWIX
  RAMLS1                00008800   00000800  00000800  00000000  RWIX
  RAMLS2                00009000   00000800  00000778  00000088  RWIX
  RAMLS3                00009800   00000800  00000000  00000800  RWIX
  RAMLS4                0000a000   00000800  00000000  00000800  RWIX
  FLASH_BANK0_SEC0      00080000   00001000  00000000  00001000  RWIX
  FLASH_BANK0_SEC1      00081000   00001000  00000000  00001000  RWIX
  FLASH_BANK0_SEC2      00082000   00001000  00000000  00001000  RWIX
  FLASH_BANK0_SEC3      00083000   00001000  00000000  00001000  RWIX
  FLASH_BANK0_SEC4      00084000   00001000  00000000  00001000  RWIX
  FLASH_BANK0_SEC5      00085000   00001000  00000000  00001000  RWIX
  FLASH_BANK0_SEC6      00086000   00001000  00000000  00001000  RWIX
  FLASH_BANK0_SEC7      00087000   00001000  00000000  00001000  RWIX
  FLASH_BANK0_SEC8      00088000   00001000  00000000  00001000  RWIX
  FLASH_BANK0_SEC9      00089000   00001000  00000000  00001000  RWIX
  FLASH_BANK0_SEC10     0008a000   00001000  00000000  00001000  RWIX
  FLASH_BANK0_SEC11     0008b000   00001000  00000000  00001000  RWIX
  FLASH_BANK0_SEC12     0008c000   00001000  00000000  00001000  RWIX
  FLASH_BANK0_SEC13     0008d000   00001000  00000000  00001000  RWIX
  FLASH_BANK0_SEC14     0008e000   00001000  00000000  00001000  RWIX
  FLASH_BANK0_SEC15     0008f000   00001000  00000000  00001000  RWIX
  FLASH_BANK1_SEC0      00090000   00001000  00000000  00001000  RWIX
  FLASH_BANK1_SEC1      00091000   00001000  00000000  00001000  RWIX
  FLASH_BANK1_SEC2      00092000   00001000  00000000  00001000  RWIX
  FLASH_BANK1_SEC3      00093000   00001000  00000000  00001000  RWIX
  FLASH_BANK1_SEC4      00094000   00001000  00000000  00001000  RWIX
  FLASH_BANK1_SEC5      00095000   00001000  00000000  00001000  RWIX
  FLASH_BANK1_SEC6      00096000   00001000  00000000  00001000  RWIX
  FLASH_BANK1_SEC7      00097000   00001000  00000000  00001000  RWIX
  FLASH_BANK1_SEC8      00098000   00001000  00000000  00001000  RWIX
  FLASH_BANK1_SEC9      00099000   00001000  00000000  00001000  RWIX
  FLASH_BANK1_SEC10     0009a000   00001000  00000000  00001000  RWIX
  FLASH_BANK1_SEC11     0009b000   00001000  00000000  00001000  RWIX
  FLASH_BANK1_SEC12     0009c000   00001000  00000000  00001000  RWIX
  FLASH_BANK1_SEC13     0009d000   00001000  00000000  00001000  RWIX
  FLASH_BANK1_SEC14     0009e000   00001000  00000000  00001000  RWIX
  FLASH_BANK1_SEC15     0009f000   00001000  00000000  00001000  RWIX
  RESET                 003fffc0   00000002  00000000  00000002  RWIX

PAGE 1:
  BOOT_RSVD             00000002   000000f1  00000000  000000f1  RWIX
  RAMM1                 00000400   000003f8  00000100  000002f8  RWIX
  RAMLS5                0000a800   00000800  00000479  00000387  RWIX
  RAMLS6                0000b000   00000800  00000000  00000800  RWIX
  RAMLS7                0000b800   00000800  00000000  00000800  RWIX
  RAMGS0                0000c000   00002000  00000000  00002000  RWIX
  RAMGS1                0000e000   00002000  00000000  00002000  RWIX
  RAMGS2                00010000   00002000  00000000  00002000  RWIX
  RAMGS3                00012000   00001ff8  00000000  00001ff8  RWIX


SECTION ALLOCATION MAP

 output                                  attributes/
section   page    origin      length       input sections
--------  ----  ----------  ----------   ----------------
codestart 
*          0    00000000    00000002     
                  00000000    00000002     f28004x_codestartbranch.obj (codestart)

.TI.ramfunc 
*          0    000000f6    00000004     
                  000000f6    00000004     driverlib_eabi.lib : sysctl.obj (.TI.ramfunc)

.cinit     0    000000fc    0000001c     
                  000000fc    00000008     (.cinit..data.load) [load image, compression = lzss]
                  00000104    00000006     (__TI_handler_table)
                  0000010a    00000004     (.cinit..bss.load) [load image, compression = zero_init]
                  0000010e    00000002     --HOLE-- [fill = 0]
                  00000110    00000008     (__TI_cinit_table)

.reset     0    003fffc0    00000000     DSECT

.stack     1    00000400    00000100     UNINITIALIZED
                  00000400    00000100     --HOLE--

.bss       1    0000ab46    00000126     UNINITIALIZED
                  0000ab46    00000064     uart_helper.obj (.bss:UART_TxBuffer)
                  0000abaa    00000040     main.obj (.bss:RX_MsgBuffer)
                  0000abea    00000040     main.obj (.bss:TX_MsgBuffer)
                  0000ac2a    0000000a     main.obj (.bss:AvailableI2C_slaves)
                  0000ac34    00000002     uart_helper.obj (.bss)
                  0000ac36    0000000a     --HOLE--
                  0000ac40    0000002c     main.obj (.bss)

.init_array 
*          0    000000f6    00000000     UNINITIALIZED

.const     1    0000a800    00000345     
                  0000a800    0000009a     driverlib_eabi.lib : sysctl.obj (.const:.string)
                  0000a89a    00000098                        : gpio.obj (.const:.string)
                  0000a932    00000097                        : sci.obj (.const:.string)
                  0000a9c9    00000001     --HOLE-- [fill = 0]
                  0000a9ca    00000084     uart_helper.obj (.const:.string)
                  0000aa4e    00000054     i2c_helper.obj (.const:.string)
                  0000aaa2    0000004b     driverlib_eabi.lib : i2c.obj (.const:.string)
                  0000aaed    00000001     --HOLE-- [fill = 0]
                  0000aaee    00000043     main.obj (.const:.string)
                  0000ab31    00000001     --HOLE-- [fill = 0]
                  0000ab32    00000013     device.obj (.const:.string)

.data      1    0000ac6c    0000000e     UNINITIALIZED
                  0000ac6c    00000006     rts2800_fpu32_eabi.lib : exit.c.obj (.data)
                  0000ac72    00000003     main.obj (.data)
                  0000ac75    00000001     uart_helper.obj (.data)
                  0000ac76    00000002     rts2800_fpu32_eabi.lib : _lock.c.obj (.data:_lock)
                  0000ac78    00000002                            : _lock.c.obj (.data:_unlock)

.text.1    0    00008000    00000800     
                  00008000    000004d3     i2c_helper.obj (.text)
                  000084d3    00000310     main.obj (.text)
                  000087e3    0000001d     driverlib_eabi.lib : sysctl.obj (.text:DCC_setCounter0ClkSource)

.text.2    0    00008800    00000800     
                  00008800    000001ed     uart_helper.obj (.text)
                  000089ed    000001ad     device.obj (.text)
                  00008b9a    000000c7     driverlib_eabi.lib : sysctl.obj (.text:SysCtl_setClock)
                  00008c61    000000c0                        : sysctl.obj (.text:SysCtl_isPLLValid)
                  00008d21    00000096     uart_helper.obj (.text:retain)
                  00008db7    00000082     main.obj (.text:retain)
                  00008e39    0000007a     driverlib_eabi.lib : sysctl.obj (.text:DCC_setCounterSeeds)
                  00008eb3    00000064                        : i2c.obj (.text:I2C_initMaster)
                  00008f17    0000005e                        : sysctl.obj (.text:SysCtl_getClock)
                  00008f75    0000005b                        : sysctl.obj (.text:SysCtl_selectOscSource)
                  00008fd0    0000002c                        : i2c.obj (.text:I2C_disableInterrupt)
                  00008ffc    00000002                        : interrupt.obj (.text:Interrupt_illegalOperationHandler)
                  00008ffe    00000002                        : interrupt.obj (.text:Interrupt_nmiHandler)

.text.3    0    00009000    00000778     
                  00009000    00000052     driverlib_eabi.lib : gpio.obj (.text:GPIO_setPadConfig)
                  00009052    00000046                        : sci.obj (.text:SCI_clearInterruptStatus)
                  00009098    00000046                        : sci.obj (.text:SCI_disableInterrupt)
                  000090de    00000044                        : sci.obj (.text:SCI_enableInterrupt)
                  00009122    00000041                        : sci.obj (.text:SCI_writeCharArray)
                  00009163    0000003e                        : sci.obj (.text:SCI_setConfig)
                  000091a1    0000003d                        : interrupt.obj (.text:Interrupt_initModule)
                  000091de    0000003b                        : gpio.obj (.text:GPIO_setAnalogMode)
                  00009219    00000038                        : gpio.obj (.text:GPIO_setMasterCore)
                  00009251    00000038                        : gpio.obj (.text:GPIO_setQualificationMode)
                  00009289    00000037                        : gpio.obj (.text:GPIO_setPinConfig)
                  000092c0    00000034                        : interrupt.obj (.text:Interrupt_enable)
                  000092f4    00000031                        : gpio.obj (.text:GPIO_setDirectionMode)
                  00009325    00000031     rts2800_fpu32_eabi.lib : copy_decompress_lzss.c.obj (.text:decompress:lzss)
                  00009356    0000002b     driverlib_eabi.lib : i2c.obj (.text:I2C_enableInterrupt)
                  00009381    0000002b     rts2800_fpu32_eabi.lib : autoinit.c.obj (.text:__TI_auto_init_nobinit_nopinit)
                  000093ac    00000029                            : exit.c.obj (.text)
                  000093d5    00000026     driverlib_eabi.lib : sysctl.obj (.text:SysCtl_pollX1Counter)
                  000093fb    00000025                        : sysctl.obj (.text:DCC_enableSingleShotMode)
                  00009420    00000024                        : sysctl.obj (.text:SysCtl_selectXTAL)
                  00009444    00000022                        : sci.obj (.text:SCI_isFIFOEnabled)
                  00009466    00000022     rts2800_fpu32_eabi.lib : i_div28.asm.obj (.text)
                  00009488    00000021     driverlib_eabi.lib : i2c.obj (.text:I2C_clearInterruptStatus)
                  000094a9    00000021                        : i2c.obj (.text:I2C_getInterruptStatus)
                  000094ca    0000001f                        : sysctl.obj (.text:DCC_setCounter1ClkSource)
                  000094e9    0000001e                        : interrupt.obj (.text:Interrupt_initVectorTable)
                  00009507    0000001d     rts2800_fpu32_eabi.lib : memcpy.c.obj (.text)
                  00009524    0000001b     driverlib_eabi.lib : sci.obj (.text:SCI_isSpaceAvailableNonFIFO)
                  0000953f    0000001a                        : sysctl.obj (.text:SysCtl_getLowSpeedClock)
                  00009559    0000001a                        : sysctl.obj (.text:SysCtl_selectXTALSingleEnded)
                  00009573    00000019                        : sci.obj (.text:SCI_disableModule)
                  0000958c    00000019                        : sci.obj (.text:SCI_performSoftwareReset)
                  000095a5    00000017                        : sysctl.obj (.text:DCC_disableDoneSignal)
                  000095bc    00000017                        : sysctl.obj (.text:DCC_enableDoneSignal)
                  000095d3    00000017                        : sysctl.obj (.text:SysCtl_enablePeripheral)
                  000095ea    00000017     rts2800_fpu32_eabi.lib : boot28.asm.obj (.text)
                  00009601    00000016     driverlib_eabi.lib : sysctl.obj (.text:DCC_clearDoneFlag)
                  00009617    00000016                        : sysctl.obj (.text:DCC_clearErrorFlag)
                  0000962d    00000016                        : sysctl.obj (.text:DCC_disableErrorSignal)
                  00009643    00000016                        : sysctl.obj (.text:DCC_enableErrorSignal)
                  00009659    00000015                        : sci.obj (.text:SCI_getTxFIFOStatus)
                  0000966e    00000015                        : sci.obj (.text:SCI_isBaseValid)
                  00009683    00000014                        : sysctl.obj (.text:DCC_disableModule)
                  00009697    00000014                        : sysctl.obj (.text:DCC_enableModule)
                  000096ab    00000014                        : gpio.obj (.text:GPIO_isPinValid)
                  000096bf    00000014                        : sci.obj (.text:SCI_enableModule)
                  000096d3    00000010                        : sysctl.obj (.text:DCC_isBaseValid)
                  000096e3    00000010                        : i2c.obj (.text:I2C_isBaseValid)
                  000096f3    0000000e                        : interrupt.obj (.text:Interrupt_defaultHandler)
                  00009701    0000000d                        : interrupt.obj (.text:Interrupt_disableMaster)
                  0000970e    0000000d                        : interrupt.obj (.text:Interrupt_enableMaster)
                  0000971b    0000000d     rts2800_fpu32_eabi.lib : copy_zero_init.c.obj (.text:decompress:ZI:__TI_zero_init_nomemset)
                  00009728    0000000c                            : args_main.c.obj (.text)
                  00009734    0000000b     driverlib_eabi.lib : sysctl.obj (.text:SysCtl_isMCDClockFailureDetected)
                  0000973f    00000009     rts2800_fpu32_eabi.lib : _lock.c.obj (.text)
                  00009748    00000009                            : strcat.c.obj (.text)
                  00009751    00000008                            : copy_decompress_none.c.obj (.text:decompress:none)
                  00009759    00000008     f28004x_codestartbranch.obj (.text)
                  00009761    00000008     rts2800_fpu32_eabi.lib : strlen.c.obj (.text)
                  00009769    00000007     driverlib_eabi.lib : sysctl.obj (.text:SysCtl_resetMCD)
                  00009770    00000005     rts2800_fpu32_eabi.lib : strcpy.c.obj (.text)
                  00009775    00000002                            : pre_init.c.obj (.text)
                  00009777    00000001                            : startup.c.obj (.text)

MODULE SUMMARY

       Module                        code   ro data   rw data
       ------                        ----   -------   -------
    .\
       i2c_helper.obj                1235   84        0      
       main.obj                      914    67        185    
       uart_helper.obj               643    132       103    
    +--+-----------------------------+------+---------+---------+
       Total:                        2792   283       288    
                                                             
    .\device\
       device.obj                    429    19        0      
       f28004x_codestartbranch.obj   10     0         0      
    +--+-----------------------------+------+---------+---------+
       Total:                        439    19        0      
                                                             
    C:\ti\c2000\C2000Ware_4_00_00_00\driverlib\f28004x\driverlib\ccs\Debug\driverlib_eabi.lib
       sysctl.obj                    1156   154       0      
       sci.obj                       508    151       0      
       gpio.obj                      377    152       0      
       i2c.obj                       269    75        0      
       interrupt.obj                 187    0         0      
    +--+-----------------------------+------+---------+---------+
       Total:                        2497   532       0      
                                                             
    C:\ti\ccs1100\ccs\tools\compiler\ti-cgt-c2000_21.6.0.LTS\lib\rts2800_fpu32_eabi.lib
       copy_decompress_lzss.c.obj    49     0         0      
       exit.c.obj                    41     0         6      
       autoinit.c.obj                43     0         0      
       i_div28.asm.obj               34     0         0      
       memcpy.c.obj                  29     0         0      
       boot28.asm.obj                23     0         0      
       _lock.c.obj                   9      0         4      
       copy_zero_init.c.obj          13     0         0      
       args_main.c.obj               12     0         0      
       strcat.c.obj                  9      0         0      
       copy_decompress_none.c.obj    8      0         0      
       strlen.c.obj                  8      0         0      
       strcpy.c.obj                  5      0         0      
       pre_init.c.obj                2      0         0      
       startup.c.obj                 1      0         0      
    +--+-----------------------------+------+---------+---------+
       Total:                        286    0         10     
                                                             
       Stack:                        0      0         256    
       Linker Generated:             0      26        0      
    +--+-----------------------------+------+---------+---------+
       Grand Total:                  6014   860       554    


LINKER GENERATED COPY TABLES

__TI_cinit_table @ 00000110 records: 2, size/record: 4, table size: 8
	.data: load addr=000000fc, load size=00000008 bytes, run addr=0000ac6c, run size=0000000e bytes, compression=lzss
	.bss: load addr=0000010a, load size=00000004 bytes, run addr=0000ab46, run size=00000126 bytes, compression=zero_init


LINKER GENERATED HANDLER TABLE

__TI_handler_table @ 00000104 records: 3, size/record: 2, table size: 6
	index: 0, handler: __TI_zero_init
	index: 1, handler: __TI_decompress_lzss
	index: 2, handler: __TI_decompress_none


GLOBAL DATA SYMBOLS: SORTED BY DATA PAGE

address     data page           name
--------    ----------------    ----
00000400      10 (00000400)     __stack

0000ab46     2ad (0000ab40)     UART_TxBuffer

0000abaa     2ae (0000ab80)     RX_MsgBuffer

0000abea     2af (0000abc0)     TX_MsgBuffer

0000ac2a     2b0 (0000ac00)     AvailableI2C_slaves
0000ac34     2b0 (0000ac00)     msg

0000ac40     2b1 (0000ac40)     currentResponderPtr
0000ac42     2b1 (0000ac40)     ControlAddr
0000ac44     2b1 (0000ac40)     EEPROM
0000ac58     2b1 (0000ac40)     TempSensor
0000ac6c     2b1 (0000ac40)     __TI_enable_exit_profile_output
0000ac6e     2b1 (0000ac40)     __TI_cleanup_ptr
0000ac70     2b1 (0000ac40)     __TI_dtors_ptr
0000ac72     2b1 (0000ac40)     passCount
0000ac73     2b1 (0000ac40)     failCount
0000ac74     2b1 (0000ac40)     status
0000ac75     2b1 (0000ac40)     counter
0000ac76     2b1 (0000ac40)     _lock
0000ac78     2b1 (0000ac40)     _unlock


GLOBAL SYMBOLS: SORTED ALPHABETICALLY BY Name 

page  address   name                                 
----  -------   ----                                 
1     0000ac2a  AvailableI2C_slaves                  
0     000093ac  C$$EXIT                              
1     0000ac42  ControlAddr                          
0     00008aa3  Device_enableAllPeripherals          
0     00008a52  Device_init                          
0     00008b83  Device_initGPIO                      
1     0000ac44  EEPROM                               
0     000091de  GPIO_setAnalogMode                   
0     000092f4  GPIO_setDirectionMode                
0     00009219  GPIO_setMasterCore                   
0     00009000  GPIO_setPadConfig                    
0     00009289  GPIO_setPinConfig                    
0     00009251  GPIO_setQualificationMode            
0     000081a6  I2CBusScan                           
0     0000874d  I2C_GPIO_init                        
0     000082af  I2C_MasterReceiver                   
0     00008260  I2C_MasterTransmitter                
0     0000820d  I2C_TransmitSlaveAddress_ControlBytes
0     00009488  I2C_clearInterruptStatus             
0     00008fd0  I2C_disableInterrupt                 
0     00009356  I2C_enableInterrupt                  
0     000094a9  I2C_getInterruptStatus               
0     00008eb3  I2C_initMaster                       
0     0000877c  I2Cinit                              
0     000092c0  Interrupt_enable                     
0     000091a1  Interrupt_initModule                 
0     000094e9  Interrupt_initVectorTable            
1     0000abaa  RX_MsgBuffer                         
0     00009052  SCI_clearInterruptStatus             
0     00009098  SCI_disableInterrupt                 
0     000090de  SCI_enableInterrupt                  
0     00009163  SCI_setConfig                        
0     00009122  SCI_writeCharArray                   
0     000000f6  SysCtl_delay                         
0     00008f17  SysCtl_getClock                      
0     0000953f  SysCtl_getLowSpeedClock              
0     00008c61  SysCtl_isPLLValid                    
0     00008f75  SysCtl_selectOscSource               
0     00009420  SysCtl_selectXTAL                    
0     00009559  SysCtl_selectXTALSingleEnded         
0     00008b9a  SysCtl_setClock                      
1     0000abea  TX_MsgBuffer                         
1     0000ac58  TempSensor                           
1     0000ab46  UART_TxBuffer                        
0     00008909  UART_init                            
0     00008966  UART_initInterrupt                   
0     000088f3  UART_transmitPlain                   
0     000088d7  UART_transmitString                  
0     000083ce  Write_Read_TX_RX_FIFO                
0     00000110  __TI_CINIT_Base                      
0     00000118  __TI_CINIT_Limit                     
0     00000118  __TI_CINIT_Warm                      
0     00000104  __TI_Handler_Table_Base              
0     0000010a  __TI_Handler_Table_Limit             
1     00000500  __TI_STACK_END                       
abs   00000100  __TI_STACK_SIZE                      
0     00009381  __TI_auto_init_nobinit_nopinit       
1     0000ac6e  __TI_cleanup_ptr                     
0     00009325  __TI_decompress_lzss                 
0     00009751  __TI_decompress_none                 
1     0000ac70  __TI_dtors_ptr                       
1     0000ac6c  __TI_enable_exit_profile_output      
abs   ffffffff  __TI_pprof_out_hndl                  
abs   ffffffff  __TI_prof_data_size                  
abs   ffffffff  __TI_prof_data_start                 
0     0000971b  __TI_zero_init_nomemset              
0     00009466  __c28xabi_divi                       
0     00009477  __c28xabi_modi                       
n/a   UNDEFED   __c_args__                           
0     00008b93  __error__                            
1     00000400  __stack                              
0     00009728  _args_main                           
0     000095ea  _c_int00                             
1     0000ac76  _lock                                
0     00009747  _nop                                 
0     00009743  _register_lock                       
0     0000973f  _register_unlock                     
0     00009777  _system_post_cinit                   
0     00009775  _system_pre_init                     
1     0000ac78  _unlock                              
0     000093ac  abort                                
0     000082e4  checkBusStatus                       
0     00000000  code_start                           
1     0000ac75  counter                              
1     0000ac40  currentResponderPtr                  
0     000093ae  exit                                 
0     00008729  fail                                 
1     0000ac73  failCount                            
0     00008311  handleI2C_ErrorCondition             
0     000082f8  handleNACK                           
0     00008e06  i2cFIFO_isr                          
0     00008db7  i2c_isr                              
0     00008669  itoa                                 
0     000086b5  main                                 
0     00009507  memcpy                               
1     0000ac34  msg                                  
0     00008727  pass                                 
1     0000ac72  passCount                            
0     0000864c  reverse                              
0     00008d65  sciaRxISR                            
0     00008d21  sciaTxISR                            
1     0000ac74  status                               
0     00009748  strcat                               
0     00009770  strcpy                               
0     00009761  strlen                               
0     0000863e  swap                                 
0     0000872b  verifyEEPROMRead                     


GLOBAL SYMBOLS: SORTED BY Symbol Address 

page  address   name                                 
----  -------   ----                                 
0     00000000  code_start                           
0     000000f6  SysCtl_delay                         
0     00000104  __TI_Handler_Table_Base              
0     0000010a  __TI_Handler_Table_Limit             
0     00000110  __TI_CINIT_Base                      
0     00000118  __TI_CINIT_Limit                     
0     00000118  __TI_CINIT_Warm                      
0     000081a6  I2CBusScan                           
0     0000820d  I2C_TransmitSlaveAddress_ControlBytes
0     00008260  I2C_MasterTransmitter                
0     000082af  I2C_MasterReceiver                   
0     000082e4  checkBusStatus                       
0     000082f8  handleNACK                           
0     00008311  handleI2C_ErrorCondition             
0     000083ce  Write_Read_TX_RX_FIFO                
0     0000863e  swap                                 
0     0000864c  reverse                              
0     00008669  itoa                                 
0     000086b5  main                                 
0     00008727  pass                                 
0     00008729  fail                                 
0     0000872b  verifyEEPROMRead                     
0     0000874d  I2C_GPIO_init                        
0     0000877c  I2Cinit                              
0     000088d7  UART_transmitString                  
0     000088f3  UART_transmitPlain                   
0     00008909  UART_init                            
0     00008966  UART_initInterrupt                   
0     00008a52  Device_init                          
0     00008aa3  Device_enableAllPeripherals          
0     00008b83  Device_initGPIO                      
0     00008b93  __error__                            
0     00008b9a  SysCtl_setClock                      
0     00008c61  SysCtl_isPLLValid                    
0     00008d21  sciaTxISR                            
0     00008d65  sciaRxISR                            
0     00008db7  i2c_isr                              
0     00008e06  i2cFIFO_isr                          
0     00008eb3  I2C_initMaster                       
0     00008f17  SysCtl_getClock                      
0     00008f75  SysCtl_selectOscSource               
0     00008fd0  I2C_disableInterrupt                 
0     00009000  GPIO_setPadConfig                    
0     00009052  SCI_clearInterruptStatus             
0     00009098  SCI_disableInterrupt                 
0     000090de  SCI_enableInterrupt                  
0     00009122  SCI_writeCharArray                   
0     00009163  SCI_setConfig                        
0     000091a1  Interrupt_initModule                 
0     000091de  GPIO_setAnalogMode                   
0     00009219  GPIO_setMasterCore                   
0     00009251  GPIO_setQualificationMode            
0     00009289  GPIO_setPinConfig                    
0     000092c0  Interrupt_enable                     
0     000092f4  GPIO_setDirectionMode                
0     00009325  __TI_decompress_lzss                 
0     00009356  I2C_enableInterrupt                  
0     00009381  __TI_auto_init_nobinit_nopinit       
0     000093ac  C$$EXIT                              
0     000093ac  abort                                
0     000093ae  exit                                 
0     00009420  SysCtl_selectXTAL                    
0     00009466  __c28xabi_divi                       
0     00009477  __c28xabi_modi                       
0     00009488  I2C_clearInterruptStatus             
0     000094a9  I2C_getInterruptStatus               
0     000094e9  Interrupt_initVectorTable            
0     00009507  memcpy                               
0     0000953f  SysCtl_getLowSpeedClock              
0     00009559  SysCtl_selectXTALSingleEnded         
0     000095ea  _c_int00                             
0     0000971b  __TI_zero_init_nomemset              
0     00009728  _args_main                           
0     0000973f  _register_unlock                     
0     00009743  _register_lock                       
0     00009747  _nop                                 
0     00009748  strcat                               
0     00009751  __TI_decompress_none                 
0     00009761  strlen                               
0     00009770  strcpy                               
0     00009775  _system_pre_init                     
0     00009777  _system_post_cinit                   
1     00000400  __stack                              
1     00000500  __TI_STACK_END                       
1     0000ab46  UART_TxBuffer                        
1     0000abaa  RX_MsgBuffer                         
1     0000abea  TX_MsgBuffer                         
1     0000ac2a  AvailableI2C_slaves                  
1     0000ac34  msg                                  
1     0000ac40  currentResponderPtr                  
1     0000ac42  ControlAddr                          
1     0000ac44  EEPROM                               
1     0000ac58  TempSensor                           
1     0000ac6c  __TI_enable_exit_profile_output      
1     0000ac6e  __TI_cleanup_ptr                     
1     0000ac70  __TI_dtors_ptr                       
1     0000ac72  passCount                            
1     0000ac73  failCount                            
1     0000ac74  status                               
1     0000ac75  counter                              
1     0000ac76  _lock                                
1     0000ac78  _unlock                              
abs   00000100  __TI_STACK_SIZE                      
abs   ffffffff  __TI_pprof_out_hndl                  
abs   ffffffff  __TI_prof_data_size                  
abs   ffffffff  __TI_prof_data_start                 
n/a   UNDEFED   __c_args__                           

[107 symbols]
