******************************************************************************
             TMS320C2000 Linker PC v21.6.0                     
******************************************************************************
>> Linked Wed Mar  2 11:02:11 2022

OUTPUT FILE NAME:   <BMS_Firmware.out>
ENTRY POINT SYMBOL: "code_start"  address: 00000000


MEMORY CONFIGURATION

         name            origin    length      used     unused   attr    fill
----------------------  --------  ---------  --------  --------  ----  --------
PAGE 0:
  BEGIN                 00000000   00000002  00000002  00000000  RWIX
  RAMM0                 000000f6   0000030a  00000020  000002ea  RWIX
  RAMLS0                00008000   00000800  00000800  00000000  RWIX
  RAMLS1                00008800   00000800  00000800  00000000  RWIX
  RAMLS2                00009000   00000800  00000800  00000000  RWIX
  RAMLS3                00009800   00000800  00000203  000005fd  RWIX
  RAMLS4                0000a000   00000800  00000000  00000800  RWIX
  FLASH_BANK0_SEC0      00080000   00001000  00000000  00001000  RWIX
  FLASH_BANK0_SEC1      00081000   00001000  00000000  00001000  RWIX
  FLASH_BANK0_SEC2      00082000   00001000  00000000  00001000  RWIX
  FLASH_BANK0_SEC3      00083000   00001000  00000000  00001000  RWIX
  FLASH_BANK0_SEC4      00084000   00001000  00000000  00001000  RWIX
  FLASH_BANK0_SEC5      00085000   00001000  00000000  00001000  RWIX
  FLASH_BANK0_SEC6      00086000   00001000  00000000  00001000  RWIX
  FLASH_BANK0_SEC7      00087000   00001000  00000000  00001000  RWIX
  FLASH_BANK0_SEC8      00088000   00001000  00000000  00001000  RWIX
  FLASH_BANK0_SEC9      00089000   00001000  00000000  00001000  RWIX
  FLASH_BANK0_SEC10     0008a000   00001000  00000000  00001000  RWIX
  FLASH_BANK0_SEC11     0008b000   00001000  00000000  00001000  RWIX
  FLASH_BANK0_SEC12     0008c000   00001000  00000000  00001000  RWIX
  FLASH_BANK0_SEC13     0008d000   00001000  00000000  00001000  RWIX
  FLASH_BANK0_SEC14     0008e000   00001000  00000000  00001000  RWIX
  FLASH_BANK0_SEC15     0008f000   00001000  00000000  00001000  RWIX
  FLASH_BANK1_SEC0      00090000   00001000  00000000  00001000  RWIX
  FLASH_BANK1_SEC1      00091000   00001000  00000000  00001000  RWIX
  FLASH_BANK1_SEC2      00092000   00001000  00000000  00001000  RWIX
  FLASH_BANK1_SEC3      00093000   00001000  00000000  00001000  RWIX
  FLASH_BANK1_SEC4      00094000   00001000  00000000  00001000  RWIX
  FLASH_BANK1_SEC5      00095000   00001000  00000000  00001000  RWIX
  FLASH_BANK1_SEC6      00096000   00001000  00000000  00001000  RWIX
  FLASH_BANK1_SEC7      00097000   00001000  00000000  00001000  RWIX
  FLASH_BANK1_SEC8      00098000   00001000  00000000  00001000  RWIX
  FLASH_BANK1_SEC9      00099000   00001000  00000000  00001000  RWIX
  FLASH_BANK1_SEC10     0009a000   00001000  00000000  00001000  RWIX
  FLASH_BANK1_SEC11     0009b000   00001000  00000000  00001000  RWIX
  FLASH_BANK1_SEC12     0009c000   00001000  00000000  00001000  RWIX
  FLASH_BANK1_SEC13     0009d000   00001000  00000000  00001000  RWIX
  FLASH_BANK1_SEC14     0009e000   00001000  00000000  00001000  RWIX
  FLASH_BANK1_SEC15     0009f000   00001000  00000000  00001000  RWIX
  RESET                 003fffc0   00000002  00000000  00000002  RWIX

PAGE 1:
  BOOT_RSVD             00000002   000000f1  00000000  000000f1  RWIX
  RAMM1                 00000400   000003f8  00000100  000002f8  RWIX
  RAMLS5                0000a800   00000800  000007fd  00000003  RWIX
  RAMLS6                0000b000   00000800  00000000  00000800  RWIX
  RAMLS7                0000b800   00000800  00000000  00000800  RWIX
  RAMGS0                0000c000   00002000  00000000  00002000  RWIX
  RAMGS1                0000e000   00002000  00000000  00002000  RWIX
  RAMGS2                00010000   00002000  00000000  00002000  RWIX
  RAMGS3                00012000   00001ff8  00000000  00001ff8  RWIX


SECTION ALLOCATION MAP

 output                                  attributes/
section   page    origin      length       input sections
--------  ----  ----------  ----------   ----------------
codestart 
*          0    00000000    00000002     
                  00000000    00000002     f28004x_codestartbranch.obj (codestart)

.TI.ramfunc 
*          0    000000f6    00000004     
                  000000f6    00000004     driverlib_eabi.lib : sysctl.obj (.TI.ramfunc)

.cinit     0    000000fc    0000001c     
                  000000fc    00000008     (.cinit..data.load) [load image, compression = lzss]
                  00000104    00000006     (__TI_handler_table)
                  0000010a    00000004     (.cinit..bss.load) [load image, compression = zero_init]
                  0000010e    00000002     --HOLE-- [fill = 0]
                  00000110    00000008     (__TI_cinit_table)

.reset     0    003fffc0    00000000     DSECT

.stack     1    00000400    00000100     UNINITIALIZED
                  00000400    00000100     --HOLE--

.bss       1    0000ac1c    000003d0     UNINITIALIZED
                  0000ac1c    00000240     uart_helper.obj (.bss:ESP_RX_FIFO)
                  0000ae5c    00000064     uart_helper.obj (.bss:UART_RxBuffer)
                  0000aec0    00000064     uart_helper.obj (.bss:UART_TxBuffer)
                  0000af24    00000040     main.obj (.bss:RX_MsgBuffer)
                  0000af64    00000040     main.obj (.bss:TX_MsgBuffer)
                  0000afa4    0000000a     main.obj (.bss:AvailableI2C_slaves)
                  0000afae    00000004     uart_helper.obj (.bss)
                  0000afb2    0000000e     --HOLE--
                  0000afc0    0000002c     main.obj (.bss)

.init_array 
*          0    000000f6    00000000     UNINITIALIZED

.const     1    0000a800    0000041b     
                  0000a800    00000124     uart_helper.obj (.const:.string)
                  0000a924    0000009a     driverlib_eabi.lib : sysctl.obj (.const:.string)
                  0000a9be    00000098                        : gpio.obj (.const:.string)
                  0000aa56    00000097                        : sci.obj (.const:.string)
                  0000aaed    00000001     --HOLE-- [fill = 0]
                  0000aaee    00000077     main.obj (.const:.string)
                  0000ab65    00000001     --HOLE-- [fill = 0]
                  0000ab66    00000056     i2c_helper.obj (.const:.string)
                  0000abbc    0000004b     driverlib_eabi.lib : i2c.obj (.const:.string)
                  0000ac07    00000001     --HOLE-- [fill = 0]
                  0000ac08    00000013     device.obj (.const:.string)

.data      1    0000afec    00000012     UNINITIALIZED
                  0000afec    00000006     rts2800_fpu32_eabi.lib : exit.c.obj (.data)
                  0000aff2    00000004     uart_helper.obj (.data)
                  0000aff6    00000003     main.obj (.data)
                  0000aff9    00000001     --HOLE--
                  0000affa    00000002     rts2800_fpu32_eabi.lib : _lock.c.obj (.data:_lock)
                  0000affc    00000002                            : _lock.c.obj (.data:_unlock)

.text.1    0    00008000    00000800     
                  00008000    000004d3     i2c_helper.obj (.text)
                  000084d3    000001ad     device.obj (.text)
                  00008680    00000122     uart_helper.obj (.text:retain)
                  000087a2    0000005e     driverlib_eabi.lib : sysctl.obj (.text:SysCtl_getClock)

.text.2    0    00008800    00000800     
                  00008800    00000392     uart_helper.obj (.text)
                  00008b92    00000354     main.obj (.text)
                  00008ee6    000000c7     driverlib_eabi.lib : sysctl.obj (.text:SysCtl_setClock)
                  00008fad    00000052                        : gpio.obj (.text:GPIO_setPadConfig)
                  00008fff    00000001     rts2800_fpu32_eabi.lib : startup.c.obj (.text)

.text.3    0    00009000    00000800     
                  00009000    000000c0     driverlib_eabi.lib : sysctl.obj (.text:SysCtl_isPLLValid)
                  000090c0    00000082     main.obj (.text:retain)
                  00009142    0000007a     driverlib_eabi.lib : sysctl.obj (.text:DCC_setCounterSeeds)
                  000091bc    00000064                        : i2c.obj (.text:I2C_initMaster)
                  00009220    0000005b                        : sysctl.obj (.text:SysCtl_selectOscSource)
                  0000927b    00000046                        : sci.obj (.text:SCI_clearInterruptStatus)
                  000092c1    00000046                        : sci.obj (.text:SCI_disableInterrupt)
                  00009307    00000044                        : sci.obj (.text:SCI_enableInterrupt)
                  0000934b    00000041                        : sci.obj (.text:SCI_writeCharArray)
                  0000938c    0000003e                        : sci.obj (.text:SCI_setConfig)
                  000093ca    0000003d                        : interrupt.obj (.text:Interrupt_initModule)
                  00009407    0000003b                        : gpio.obj (.text:GPIO_setAnalogMode)
                  00009442    00000038                        : gpio.obj (.text:GPIO_setMasterCore)
                  0000947a    00000038                        : gpio.obj (.text:GPIO_setQualificationMode)
                  000094b2    00000037                        : gpio.obj (.text:GPIO_setPinConfig)
                  000094e9    00000034                        : interrupt.obj (.text:Interrupt_enable)
                  0000951d    00000031                        : gpio.obj (.text:GPIO_setDirectionMode)
                  0000954e    00000031     rts2800_fpu32_eabi.lib : copy_decompress_lzss.c.obj (.text:decompress:lzss)
                  0000957f    0000002c     driverlib_eabi.lib : i2c.obj (.text:I2C_disableInterrupt)
                  000095ab    0000002b                        : i2c.obj (.text:I2C_enableInterrupt)
                  000095d6    0000002b     rts2800_fpu32_eabi.lib : autoinit.c.obj (.text:__TI_auto_init_nobinit_nopinit)
                  00009601    00000029                            : exit.c.obj (.text)
                  0000962a    00000026     driverlib_eabi.lib : sysctl.obj (.text:SysCtl_pollX1Counter)
                  00009650    00000025                        : sysctl.obj (.text:DCC_enableSingleShotMode)
                  00009675    00000024                        : sysctl.obj (.text:SysCtl_selectXTAL)
                  00009699    00000022                        : sci.obj (.text:SCI_isFIFOEnabled)
                  000096bb    00000022     rts2800_fpu32_eabi.lib : i_div28.asm.obj (.text)
                  000096dd    00000021     driverlib_eabi.lib : i2c.obj (.text:I2C_clearInterruptStatus)
                  000096fe    00000021                        : i2c.obj (.text:I2C_getInterruptStatus)
                  0000971f    0000001f                        : sysctl.obj (.text:DCC_setCounter1ClkSource)
                  0000973e    0000001e                        : interrupt.obj (.text:Interrupt_initVectorTable)
                  0000975c    0000001d                        : sysctl.obj (.text:DCC_setCounter0ClkSource)
                  00009779    0000001d     rts2800_fpu32_eabi.lib : memcpy.c.obj (.text)
                  00009796    0000001b     driverlib_eabi.lib : sci.obj (.text:SCI_isSpaceAvailableNonFIFO)
                  000097b1    0000001a                        : sysctl.obj (.text:SysCtl_getLowSpeedClock)
                  000097cb    0000001a                        : sysctl.obj (.text:SysCtl_selectXTALSingleEnded)
                  000097e5    00000019                        : sci.obj (.text:SCI_disableModule)
                  000097fe    00000002                        : interrupt.obj (.text:Interrupt_illegalOperationHandler)

.text.4    0    00009800    00000203     
                  00009800    00000019     driverlib_eabi.lib : sci.obj (.text:SCI_performSoftwareReset)
                  00009819    00000017                        : sysctl.obj (.text:DCC_disableDoneSignal)
                  00009830    00000017                        : sysctl.obj (.text:DCC_enableDoneSignal)
                  00009847    00000017                        : sysctl.obj (.text:SysCtl_enablePeripheral)
                  0000985e    00000017     rts2800_fpu32_eabi.lib : boot28.asm.obj (.text)
                  00009875    00000016     driverlib_eabi.lib : sysctl.obj (.text:DCC_clearDoneFlag)
                  0000988b    00000016                        : sysctl.obj (.text:DCC_clearErrorFlag)
                  000098a1    00000016                        : sysctl.obj (.text:DCC_disableErrorSignal)
                  000098b7    00000016                        : sysctl.obj (.text:DCC_enableErrorSignal)
                  000098cd    00000016     rts2800_fpu32_eabi.lib : strncmp.c.obj (.text)
                  000098e3    00000015     driverlib_eabi.lib : sci.obj (.text:SCI_getTxFIFOStatus)
                  000098f8    00000015                        : sci.obj (.text:SCI_isBaseValid)
                  0000990d    00000014                        : sysctl.obj (.text:DCC_disableModule)
                  00009921    00000014                        : sysctl.obj (.text:DCC_enableModule)
                  00009935    00000014                        : gpio.obj (.text:GPIO_isPinValid)
                  00009949    00000014                        : sci.obj (.text:SCI_enableModule)
                  0000995d    00000010                        : sysctl.obj (.text:DCC_isBaseValid)
                  0000996d    00000010                        : i2c.obj (.text:I2C_isBaseValid)
                  0000997d    0000000e                        : interrupt.obj (.text:Interrupt_defaultHandler)
                  0000998b    0000000d                        : interrupt.obj (.text:Interrupt_disableMaster)
                  00009998    0000000d                        : interrupt.obj (.text:Interrupt_enableMaster)
                  000099a5    0000000d     rts2800_fpu32_eabi.lib : copy_zero_init.c.obj (.text:decompress:ZI:__TI_zero_init_nomemset)
                  000099b2    0000000c                            : args_main.c.obj (.text)
                  000099be    0000000b     driverlib_eabi.lib : sysctl.obj (.text:SysCtl_isMCDClockFailureDetected)
                  000099c9    00000009     rts2800_fpu32_eabi.lib : _lock.c.obj (.text)
                  000099d2    00000009                            : strcat.c.obj (.text)
                  000099db    00000008                            : copy_decompress_none.c.obj (.text:decompress:none)
                  000099e3    00000008     f28004x_codestartbranch.obj (.text)
                  000099eb    00000008     rts2800_fpu32_eabi.lib : strlen.c.obj (.text)
                  000099f3    00000007     driverlib_eabi.lib : sysctl.obj (.text:SysCtl_resetMCD)
                  000099fa    00000005     rts2800_fpu32_eabi.lib : strcpy.c.obj (.text)
                  000099ff    00000002     driverlib_eabi.lib : interrupt.obj (.text:Interrupt_nmiHandler)
                  00009a01    00000002     rts2800_fpu32_eabi.lib : pre_init.c.obj (.text)

MODULE SUMMARY

       Module                        code   ro data   rw data
       ------                        ----   -------   -------
    .\
       uart_helper.obj               1204   292       784    
       i2c_helper.obj                1235   86        0      
       main.obj                      982    119       185    
    +--+-----------------------------+------+---------+---------+
       Total:                        3421   497       969    
                                                             
    .\device\
       device.obj                    429    19        0      
       f28004x_codestartbranch.obj   10     0         0      
    +--+-----------------------------+------+---------+---------+
       Total:                        439    19        0      
                                                             
    D:\Programs\TI\C2000Ware_4_00_00_00\driverlib\f28004x\driverlib\ccs\Debug\driverlib_eabi.lib
       sysctl.obj                    1156   154       0      
       sci.obj                       508    151       0      
       gpio.obj                      377    152       0      
       i2c.obj                       269    75        0      
       interrupt.obj                 187    0         0      
    +--+-----------------------------+------+---------+---------+
       Total:                        2497   532       0      
                                                             
    D:\Programs\TI\ccs\tools\compiler\ti-cgt-c2000_21.6.0.LTS\lib\rts2800_fpu32_eabi.lib
       copy_decompress_lzss.c.obj    49     0         0      
       exit.c.obj                    41     0         6      
       autoinit.c.obj                43     0         0      
       i_div28.asm.obj               34     0         0      
       memcpy.c.obj                  29     0         0      
       boot28.asm.obj                23     0         0      
       strncmp.c.obj                 22     0         0      
       _lock.c.obj                   9      0         4      
       copy_zero_init.c.obj          13     0         0      
       args_main.c.obj               12     0         0      
       strcat.c.obj                  9      0         0      
       copy_decompress_none.c.obj    8      0         0      
       strlen.c.obj                  8      0         0      
       strcpy.c.obj                  5      0         0      
       pre_init.c.obj                2      0         0      
       startup.c.obj                 1      0         0      
    +--+-----------------------------+------+---------+---------+
       Total:                        308    0         10     
                                                             
       Stack:                        0      0         256    
       Linker Generated:             0      26        0      
    +--+-----------------------------+------+---------+---------+
       Grand Total:                  6665   1074      1235   


LINKER GENERATED COPY TABLES

__TI_cinit_table @ 00000110 records: 2, size/record: 4, table size: 8
	.data: load addr=000000fc, load size=00000008 bytes, run addr=0000afec, run size=00000012 bytes, compression=lzss
	.bss: load addr=0000010a, load size=00000004 bytes, run addr=0000ac1c, run size=000003d0 bytes, compression=zero_init


LINKER GENERATED HANDLER TABLE

__TI_handler_table @ 00000104 records: 3, size/record: 2, table size: 6
	index: 0, handler: __TI_zero_init
	index: 1, handler: __TI_decompress_lzss
	index: 2, handler: __TI_decompress_none


GLOBAL DATA SYMBOLS: SORTED BY DATA PAGE

address     data page           name
--------    ----------------    ----
00000400      10 (00000400)     __stack

0000ac1c     2b0 (0000ac00)     ESP_RX_FIFO

0000ae5c     2b9 (0000ae40)     UART_RxBuffer

0000aec0     2bb (0000aec0)     UART_TxBuffer

0000af24     2bc (0000af00)     RX_MsgBuffer

0000af64     2bd (0000af40)     TX_MsgBuffer

0000afa4     2be (0000af80)     AvailableI2C_slaves
0000afae     2be (0000af80)     CONNECTION_ID
0000afb0     2be (0000af80)     msg

0000afc0     2bf (0000afc0)     currentResponderPtr
0000afc2     2bf (0000afc0)     ControlAddr
0000afc4     2bf (0000afc0)     EEPROM
0000afd8     2bf (0000afc0)     TempSensor
0000afec     2bf (0000afc0)     __TI_enable_exit_profile_output
0000afee     2bf (0000afc0)     __TI_cleanup_ptr
0000aff0     2bf (0000afc0)     __TI_dtors_ptr
0000aff2     2bf (0000afc0)     counter
0000aff3     2bf (0000afc0)     UART_RxIndex
0000aff4     2bf (0000afc0)     ESP_RX_FIFO_PutI
0000aff5     2bf (0000afc0)     ESP_RX_FIFO_GetI
0000aff6     2bf (0000afc0)     passCount
0000aff7     2bf (0000afc0)     failCount
0000aff8     2bf (0000afc0)     status
0000affa     2bf (0000afc0)     _lock
0000affc     2bf (0000afc0)     _unlock


GLOBAL SYMBOLS: SORTED ALPHABETICALLY BY Name 

page  address   name                                 
----  -------   ----                                 
1     0000afa4  AvailableI2C_slaves                  
0     00009601  C$$EXIT                              
1     0000afae  CONNECTION_ID                        
1     0000afc2  ControlAddr                          
0     00008589  Device_enableAllPeripherals          
0     00008538  Device_init                          
0     00008669  Device_initGPIO                      
1     0000afc4  EEPROM                               
0     00008999  ESP_DisableRXInts                    
0     0000897b  ESP_EnableRXInts                     
0     00008a86  ESP_Init                             
0     00008a3b  ESP_OutCharArr                       
0     00008a22  ESP_OutString                        
1     0000ac1c  ESP_RX_FIFO                          
1     0000aff5  ESP_RX_FIFO_GetI                     
1     0000aff4  ESP_RX_FIFO_PutI                     
0     00008a04  ESP_SendCommand                      
0     00009407  GPIO_setAnalogMode                   
0     0000951d  GPIO_setDirectionMode                
0     00009442  GPIO_setMasterCore                   
0     00008fad  GPIO_setPadConfig                    
0     000094b2  GPIO_setPinConfig                    
0     0000947a  GPIO_setQualificationMode            
0     000081a6  I2CBusScan                           
0     00008e50  I2C_GPIO_init                        
0     000082af  I2C_MasterReceiver                   
0     00008260  I2C_MasterTransmitter                
0     0000820d  I2C_TransmitSlaveAddress_ControlBytes
0     000096dd  I2C_clearInterruptStatus             
0     0000957f  I2C_disableInterrupt                 
0     000095ab  I2C_enableInterrupt                  
0     000096fe  I2C_getInterruptStatus               
0     000091bc  I2C_initMaster                       
0     00008e7f  I2Cinit                              
0     000094e9  Interrupt_enable                     
0     000093ca  Interrupt_initModule                 
0     0000973e  Interrupt_initVectorTable            
1     0000af24  RX_MsgBuffer                         
0     0000927b  SCI_clearInterruptStatus             
0     000092c1  SCI_disableInterrupt                 
0     00009307  SCI_enableInterrupt                  
0     0000938c  SCI_setConfig                        
0     0000934b  SCI_writeCharArray                   
0     000000f6  SysCtl_delay                         
0     000087a2  SysCtl_getClock                      
0     000097b1  SysCtl_getLowSpeedClock              
0     00009000  SysCtl_isPLLValid                    
0     00009220  SysCtl_selectOscSource               
0     00009675  SysCtl_selectXTAL                    
0     000097cb  SysCtl_selectXTALSingleEnded         
0     00008ee6  SysCtl_setClock                      
1     0000af64  TX_MsgBuffer                         
1     0000afd8  TempSensor                           
1     0000ae5c  UART_RxBuffer                        
1     0000aff3  UART_RxIndex                         
1     0000aec0  UART_TxBuffer                        
0     00008aab  UART_init                            
0     000089cc  UART_printRxBuffer                   
0     000089b7  UART_resetRxBuffer                   
0     00008a55  UART_sendCommand                     
0     00008a70  UART_transmitPlain                   
0     000089e8  UART_transmitString                  
0     000083ce  Write_Read_TX_RX_FIFO                
0     00000110  __TI_CINIT_Base                      
0     00000118  __TI_CINIT_Limit                     
0     00000118  __TI_CINIT_Warm                      
0     00000104  __TI_Handler_Table_Base              
0     0000010a  __TI_Handler_Table_Limit             
1     00000500  __TI_STACK_END                       
abs   00000100  __TI_STACK_SIZE                      
0     000095d6  __TI_auto_init_nobinit_nopinit       
1     0000afee  __TI_cleanup_ptr                     
0     0000954e  __TI_decompress_lzss                 
0     000099db  __TI_decompress_none                 
1     0000aff0  __TI_dtors_ptr                       
1     0000afec  __TI_enable_exit_profile_output      
abs   ffffffff  __TI_pprof_out_hndl                  
abs   ffffffff  __TI_prof_data_size                  
abs   ffffffff  __TI_prof_data_start                 
0     000099a5  __TI_zero_init_nomemset              
0     000096bb  __c28xabi_divi                       
0     000096cc  __c28xabi_modi                       
n/a   UNDEFED   __c_args__                           
0     00008679  __error__                            
1     00000400  __stack                              
0     000099b2  _args_main                           
0     0000985e  _c_int00                             
1     0000affa  _lock                                
0     000099d1  _nop                                 
0     000099cd  _register_lock                       
0     000099c9  _register_unlock                     
0     00008fff  _system_post_cinit                   
0     00009a01  _system_pre_init                     
1     0000affc  _unlock                              
0     00009601  abort                                
0     000082e4  checkBusStatus                       
0     00000000  code_start                           
1     0000aff2  counter                              
1     0000afc0  currentResponderPtr                  
0     00009603  exit                                 
0     00008e2c  fail                                 
1     0000aff7  failCount                            
0     00008311  handleI2C_ErrorCondition             
0     000082f8  handleNACK                           
0     0000910f  i2cFIFO_isr                          
0     000090c0  i2c_isr                              
0     00008d28  itoa                                 
0     00008d74  main                                 
0     00008d98  main_                                
0     00009779  memcpy                               
1     0000afb0  msg                                  
0     00008e2a  pass                                 
1     0000aff6  passCount                            
0     00008d0b  reverse                              
0     000086c0  scibRxISR                            
0     00008680  scibTxISR                            
1     0000aff8  status                               
0     000099d2  strcat                               
0     000099fa  strcpy                               
0     000099eb  strlen                               
0     000098cd  strncmp                              
0     00008cfd  swap                                 
0     00008e2e  verifyEEPROMRead                     


GLOBAL SYMBOLS: SORTED BY Symbol Address 

page  address   name                                 
----  -------   ----                                 
0     00000000  code_start                           
0     000000f6  SysCtl_delay                         
0     00000104  __TI_Handler_Table_Base              
0     0000010a  __TI_Handler_Table_Limit             
0     00000110  __TI_CINIT_Base                      
0     00000118  __TI_CINIT_Limit                     
0     00000118  __TI_CINIT_Warm                      
0     000081a6  I2CBusScan                           
0     0000820d  I2C_TransmitSlaveAddress_ControlBytes
0     00008260  I2C_MasterTransmitter                
0     000082af  I2C_MasterReceiver                   
0     000082e4  checkBusStatus                       
0     000082f8  handleNACK                           
0     00008311  handleI2C_ErrorCondition             
0     000083ce  Write_Read_TX_RX_FIFO                
0     00008538  Device_init                          
0     00008589  Device_enableAllPeripherals          
0     00008669  Device_initGPIO                      
0     00008679  __error__                            
0     00008680  scibTxISR                            
0     000086c0  scibRxISR                            
0     000087a2  SysCtl_getClock                      
0     0000897b  ESP_EnableRXInts                     
0     00008999  ESP_DisableRXInts                    
0     000089b7  UART_resetRxBuffer                   
0     000089cc  UART_printRxBuffer                   
0     000089e8  UART_transmitString                  
0     00008a04  ESP_SendCommand                      
0     00008a22  ESP_OutString                        
0     00008a3b  ESP_OutCharArr                       
0     00008a55  UART_sendCommand                     
0     00008a70  UART_transmitPlain                   
0     00008a86  ESP_Init                             
0     00008aab  UART_init                            
0     00008cfd  swap                                 
0     00008d0b  reverse                              
0     00008d28  itoa                                 
0     00008d74  main                                 
0     00008d98  main_                                
0     00008e2a  pass                                 
0     00008e2c  fail                                 
0     00008e2e  verifyEEPROMRead                     
0     00008e50  I2C_GPIO_init                        
0     00008e7f  I2Cinit                              
0     00008ee6  SysCtl_setClock                      
0     00008fad  GPIO_setPadConfig                    
0     00008fff  _system_post_cinit                   
0     00009000  SysCtl_isPLLValid                    
0     000090c0  i2c_isr                              
0     0000910f  i2cFIFO_isr                          
0     000091bc  I2C_initMaster                       
0     00009220  SysCtl_selectOscSource               
0     0000927b  SCI_clearInterruptStatus             
0     000092c1  SCI_disableInterrupt                 
0     00009307  SCI_enableInterrupt                  
0     0000934b  SCI_writeCharArray                   
0     0000938c  SCI_setConfig                        
0     000093ca  Interrupt_initModule                 
0     00009407  GPIO_setAnalogMode                   
0     00009442  GPIO_setMasterCore                   
0     0000947a  GPIO_setQualificationMode            
0     000094b2  GPIO_setPinConfig                    
0     000094e9  Interrupt_enable                     
0     0000951d  GPIO_setDirectionMode                
0     0000954e  __TI_decompress_lzss                 
0     0000957f  I2C_disableInterrupt                 
0     000095ab  I2C_enableInterrupt                  
0     000095d6  __TI_auto_init_nobinit_nopinit       
0     00009601  C$$EXIT                              
0     00009601  abort                                
0     00009603  exit                                 
0     00009675  SysCtl_selectXTAL                    
0     000096bb  __c28xabi_divi                       
0     000096cc  __c28xabi_modi                       
0     000096dd  I2C_clearInterruptStatus             
0     000096fe  I2C_getInterruptStatus               
0     0000973e  Interrupt_initVectorTable            
0     00009779  memcpy                               
0     000097b1  SysCtl_getLowSpeedClock              
0     000097cb  SysCtl_selectXTALSingleEnded         
0     0000985e  _c_int00                             
0     000098cd  strncmp                              
0     000099a5  __TI_zero_init_nomemset              
0     000099b2  _args_main                           
0     000099c9  _register_unlock                     
0     000099cd  _register_lock                       
0     000099d1  _nop                                 
0     000099d2  strcat                               
0     000099db  __TI_decompress_none                 
0     000099eb  strlen                               
0     000099fa  strcpy                               
0     00009a01  _system_pre_init                     
1     00000400  __stack                              
1     00000500  __TI_STACK_END                       
1     0000ac1c  ESP_RX_FIFO                          
1     0000ae5c  UART_RxBuffer                        
1     0000aec0  UART_TxBuffer                        
1     0000af24  RX_MsgBuffer                         
1     0000af64  TX_MsgBuffer                         
1     0000afa4  AvailableI2C_slaves                  
1     0000afae  CONNECTION_ID                        
1     0000afb0  msg                                  
1     0000afc0  currentResponderPtr                  
1     0000afc2  ControlAddr                          
1     0000afc4  EEPROM                               
1     0000afd8  TempSensor                           
1     0000afec  __TI_enable_exit_profile_output      
1     0000afee  __TI_cleanup_ptr                     
1     0000aff0  __TI_dtors_ptr                       
1     0000aff2  counter                              
1     0000aff3  UART_RxIndex                         
1     0000aff4  ESP_RX_FIFO_PutI                     
1     0000aff5  ESP_RX_FIFO_GetI                     
1     0000aff6  passCount                            
1     0000aff7  failCount                            
1     0000aff8  status                               
1     0000affa  _lock                                
1     0000affc  _unlock                              
abs   00000100  __TI_STACK_SIZE                      
abs   ffffffff  __TI_pprof_out_hndl                  
abs   ffffffff  __TI_prof_data_size                  
abs   ffffffff  __TI_prof_data_start                 
n/a   UNDEFED   __c_args__                           

[123 symbols]
