******************************************************************************
             TMS320C2000 Linker PC v21.6.0                     
******************************************************************************
>> Linked Tue Feb 15 22:02:39 2022

OUTPUT FILE NAME:   <BMS_Firmware.out>
ENTRY POINT SYMBOL: "code_start"  address: 00000000


MEMORY CONFIGURATION

         name            origin    length      used     unused   attr    fill
----------------------  --------  ---------  --------  --------  ----  --------
PAGE 0:
  BEGIN                 00000000   00000002  00000002  00000000  RWIX
  RAMM0                 000000f6   0000030a  00000020  000002ea  RWIX
  RAMLS0                00008000   00000800  00000800  00000000  RWIX
  RAMLS1                00008800   00000800  000007ff  00000001  RWIX
  RAMLS2                00009000   00000800  00000674  0000018c  RWIX
  RAMLS3                00009800   00000800  00000000  00000800  RWIX
  RAMLS4                0000a000   00000800  00000000  00000800  RWIX
  FLASH_BANK0_SEC0      00080000   00001000  00000000  00001000  RWIX
  FLASH_BANK0_SEC1      00081000   00001000  00000000  00001000  RWIX
  FLASH_BANK0_SEC2      00082000   00001000  00000000  00001000  RWIX
  FLASH_BANK0_SEC3      00083000   00001000  00000000  00001000  RWIX
  FLASH_BANK0_SEC4      00084000   00001000  00000000  00001000  RWIX
  FLASH_BANK0_SEC5      00085000   00001000  00000000  00001000  RWIX
  FLASH_BANK0_SEC6      00086000   00001000  00000000  00001000  RWIX
  FLASH_BANK0_SEC7      00087000   00001000  00000000  00001000  RWIX
  FLASH_BANK0_SEC8      00088000   00001000  00000000  00001000  RWIX
  FLASH_BANK0_SEC9      00089000   00001000  00000000  00001000  RWIX
  FLASH_BANK0_SEC10     0008a000   00001000  00000000  00001000  RWIX
  FLASH_BANK0_SEC11     0008b000   00001000  00000000  00001000  RWIX
  FLASH_BANK0_SEC12     0008c000   00001000  00000000  00001000  RWIX
  FLASH_BANK0_SEC13     0008d000   00001000  00000000  00001000  RWIX
  FLASH_BANK0_SEC14     0008e000   00001000  00000000  00001000  RWIX
  FLASH_BANK0_SEC15     0008f000   00001000  00000000  00001000  RWIX
  FLASH_BANK1_SEC0      00090000   00001000  00000000  00001000  RWIX
  FLASH_BANK1_SEC1      00091000   00001000  00000000  00001000  RWIX
  FLASH_BANK1_SEC2      00092000   00001000  00000000  00001000  RWIX
  FLASH_BANK1_SEC3      00093000   00001000  00000000  00001000  RWIX
  FLASH_BANK1_SEC4      00094000   00001000  00000000  00001000  RWIX
  FLASH_BANK1_SEC5      00095000   00001000  00000000  00001000  RWIX
  FLASH_BANK1_SEC6      00096000   00001000  00000000  00001000  RWIX
  FLASH_BANK1_SEC7      00097000   00001000  00000000  00001000  RWIX
  FLASH_BANK1_SEC8      00098000   00001000  00000000  00001000  RWIX
  FLASH_BANK1_SEC9      00099000   00001000  00000000  00001000  RWIX
  FLASH_BANK1_SEC10     0009a000   00001000  00000000  00001000  RWIX
  FLASH_BANK1_SEC11     0009b000   00001000  00000000  00001000  RWIX
  FLASH_BANK1_SEC12     0009c000   00001000  00000000  00001000  RWIX
  FLASH_BANK1_SEC13     0009d000   00001000  00000000  00001000  RWIX
  FLASH_BANK1_SEC14     0009e000   00001000  00000000  00001000  RWIX
  FLASH_BANK1_SEC15     0009f000   00001000  00000000  00001000  RWIX
  RESET                 003fffc0   00000002  00000000  00000002  RWIX

PAGE 1:
  BOOT_RSVD             00000002   000000f1  00000000  000000f1  RWIX
  RAMM1                 00000400   000003f8  00000100  000002f8  RWIX
  RAMLS5                0000a800   00000800  0000044d  000003b3  RWIX
  RAMLS6                0000b000   00000800  00000000  00000800  RWIX
  RAMLS7                0000b800   00000800  00000000  00000800  RWIX
  RAMGS0                0000c000   00002000  00000000  00002000  RWIX
  RAMGS1                0000e000   00002000  00000000  00002000  RWIX
  RAMGS2                00010000   00002000  00000000  00002000  RWIX
  RAMGS3                00012000   00001ff8  00000000  00001ff8  RWIX


SECTION ALLOCATION MAP

 output                                  attributes/
section   page    origin      length       input sections
--------  ----  ----------  ----------   ----------------
codestart 
*          0    00000000    00000002     
                  00000000    00000002     f28004x_codestartbranch.obj (codestart)

.TI.ramfunc 
*          0    000000f6    00000004     
                  000000f6    00000004     driverlib_eabi.lib : sysctl.obj (.TI.ramfunc)

.cinit     0    000000fc    0000001c     
                  000000fc    00000008     (.cinit..data.load) [load image, compression = lzss]
                  00000104    00000006     (__TI_handler_table)
                  0000010a    00000004     (.cinit..bss.load) [load image, compression = zero_init]
                  0000010e    00000002     --HOLE-- [fill = 0]
                  00000110    00000008     (__TI_cinit_table)

.reset     0    003fffc0    00000000     DSECT

.stack     1    00000400    00000100     UNINITIALIZED
                  00000400    00000100     --HOLE--

.bss       1    0000ab7e    000000c2     UNINITIALIZED
                  0000ab7e    00000040     main.obj (.bss:RX_MsgBuffer)
                  0000abbe    00000040     main.obj (.bss:TX_MsgBuffer)
                  0000abfe    00000002     uart_helper.obj (.bss)
                  0000ac00    0000002c     main.obj (.bss)
                  0000ac2c    00000014     main.obj (.bss:AvailableI2C_slaves)

.init_array 
*          0    000000f6    00000000     UNINITIALIZED

.const     1    0000a800    0000037d     
                  0000a800    000000bc     uart_helper.obj (.const:.string)
                  0000a8bc    0000009a     driverlib_eabi.lib : sysctl.obj (.const:.string)
                  0000a956    00000098                        : gpio.obj (.const:.string)
                  0000a9ee    00000097                        : sci.obj (.const:.string)
                  0000aa85    00000001     --HOLE-- [fill = 0]
                  0000aa86    00000054     i2c_helper.obj (.const:.string)
                  0000aada    0000004b     driverlib_eabi.lib : i2c.obj (.const:.string)
                  0000ab25    00000001     --HOLE-- [fill = 0]
                  0000ab26    00000043     main.obj (.const:.string)
                  0000ab69    00000001     --HOLE-- [fill = 0]
                  0000ab6a    00000013     device.obj (.const:.string)

.data      1    0000ac40    0000000e     UNINITIALIZED
                  0000ac40    00000006     rts2800_fpu32_eabi.lib : exit.c.obj (.data)
                  0000ac46    00000003     main.obj (.data)
                  0000ac49    00000001     uart_helper.obj (.data)
                  0000ac4a    00000002     rts2800_fpu32_eabi.lib : _lock.c.obj (.data:_lock)
                  0000ac4c    00000002                            : _lock.c.obj (.data:_unlock)

.text.1    0    00008000    00000800     
                  00008000    000004d3     i2c_helper.obj (.text)
                  000084d3    000002b0     main.obj (.text)
                  00008783    0000007a     driverlib_eabi.lib : sysctl.obj (.text:DCC_setCounterSeeds)
                  000087fd    00000002                        : interrupt.obj (.text:Interrupt_illegalOperationHandler)
                  000087ff    00000001     rts2800_fpu32_eabi.lib : startup.c.obj (.text)

.text.2    0    00008800    000007ff     
                  00008800    000001ad     device.obj (.text)
                  000089ad    00000180     uart_helper.obj (.text)
                  00008b2d    000000c7     driverlib_eabi.lib : sysctl.obj (.text:SysCtl_setClock)
                  00008bf4    000000c0                        : sysctl.obj (.text:SysCtl_isPLLValid)
                  00008cb4    00000096     uart_helper.obj (.text:retain)
                  00008d4a    00000082     main.obj (.text:retain)
                  00008dcc    00000064     driverlib_eabi.lib : i2c.obj (.text:I2C_initMaster)
                  00008e30    0000005e                        : sysctl.obj (.text:SysCtl_getClock)
                  00008e8e    0000005b                        : sysctl.obj (.text:SysCtl_selectOscSource)
                  00008ee9    00000052                        : gpio.obj (.text:GPIO_setPadConfig)
                  00008f3b    00000046                        : sci.obj (.text:SCI_clearInterruptStatus)
                  00008f81    00000046                        : sci.obj (.text:SCI_disableInterrupt)
                  00008fc7    00000038                        : gpio.obj (.text:GPIO_setMasterCore)

.text.3    0    00009000    00000674     
                  00009000    00000044     driverlib_eabi.lib : sci.obj (.text:SCI_enableInterrupt)
                  00009044    00000041                        : sci.obj (.text:SCI_writeCharArray)
                  00009085    0000003e                        : sci.obj (.text:SCI_setConfig)
                  000090c3    0000003d                        : interrupt.obj (.text:Interrupt_initModule)
                  00009100    0000003b                        : gpio.obj (.text:GPIO_setAnalogMode)
                  0000913b    00000038                        : gpio.obj (.text:GPIO_setQualificationMode)
                  00009173    00000037                        : gpio.obj (.text:GPIO_setPinConfig)
                  000091aa    00000034                        : interrupt.obj (.text:Interrupt_enable)
                  000091de    00000031                        : gpio.obj (.text:GPIO_setDirectionMode)
                  0000920f    00000031     rts2800_fpu32_eabi.lib : copy_decompress_lzss.c.obj (.text:decompress:lzss)
                  00009240    0000002c     driverlib_eabi.lib : i2c.obj (.text:I2C_disableInterrupt)
                  0000926c    0000002b                        : i2c.obj (.text:I2C_enableInterrupt)
                  00009297    0000002b     rts2800_fpu32_eabi.lib : autoinit.c.obj (.text:__TI_auto_init_nobinit_nopinit)
                  000092c2    00000029                            : exit.c.obj (.text)
                  000092eb    00000026     driverlib_eabi.lib : sysctl.obj (.text:SysCtl_pollX1Counter)
                  00009311    00000025                        : sysctl.obj (.text:DCC_enableSingleShotMode)
                  00009336    00000024                        : sysctl.obj (.text:SysCtl_selectXTAL)
                  0000935a    00000022                        : sci.obj (.text:SCI_isFIFOEnabled)
                  0000937c    00000021                        : i2c.obj (.text:I2C_clearInterruptStatus)
                  0000939d    00000021                        : i2c.obj (.text:I2C_getInterruptStatus)
                  000093be    0000001f                        : sysctl.obj (.text:DCC_setCounter1ClkSource)
                  000093dd    0000001e                        : interrupt.obj (.text:Interrupt_initVectorTable)
                  000093fb    0000001d                        : sysctl.obj (.text:DCC_setCounter0ClkSource)
                  00009418    0000001d     rts2800_fpu32_eabi.lib : memcpy.c.obj (.text)
                  00009435    0000001b     driverlib_eabi.lib : sci.obj (.text:SCI_isSpaceAvailableNonFIFO)
                  00009450    0000001a                        : sysctl.obj (.text:SysCtl_getLowSpeedClock)
                  0000946a    0000001a                        : sysctl.obj (.text:SysCtl_selectXTALSingleEnded)
                  00009484    00000019                        : sci.obj (.text:SCI_disableModule)
                  0000949d    00000019                        : sci.obj (.text:SCI_performSoftwareReset)
                  000094b6    00000017                        : sysctl.obj (.text:DCC_disableDoneSignal)
                  000094cd    00000017                        : sysctl.obj (.text:DCC_enableDoneSignal)
                  000094e4    00000017                        : sysctl.obj (.text:SysCtl_enablePeripheral)
                  000094fb    00000017     rts2800_fpu32_eabi.lib : boot28.asm.obj (.text)
                  00009512    00000016     driverlib_eabi.lib : sysctl.obj (.text:DCC_clearDoneFlag)
                  00009528    00000016                        : sysctl.obj (.text:DCC_clearErrorFlag)
                  0000953e    00000016                        : sysctl.obj (.text:DCC_disableErrorSignal)
                  00009554    00000016                        : sysctl.obj (.text:DCC_enableErrorSignal)
                  0000956a    00000015                        : sci.obj (.text:SCI_getTxFIFOStatus)
                  0000957f    00000015                        : sci.obj (.text:SCI_isBaseValid)
                  00009594    00000014                        : sysctl.obj (.text:DCC_disableModule)
                  000095a8    00000014                        : sysctl.obj (.text:DCC_enableModule)
                  000095bc    00000014                        : gpio.obj (.text:GPIO_isPinValid)
                  000095d0    00000014                        : sci.obj (.text:SCI_enableModule)
                  000095e4    00000010                        : sysctl.obj (.text:DCC_isBaseValid)
                  000095f4    00000010                        : i2c.obj (.text:I2C_isBaseValid)
                  00009604    0000000e                        : interrupt.obj (.text:Interrupt_defaultHandler)
                  00009612    0000000d                        : interrupt.obj (.text:Interrupt_disableMaster)
                  0000961f    0000000d                        : interrupt.obj (.text:Interrupt_enableMaster)
                  0000962c    0000000d     rts2800_fpu32_eabi.lib : copy_zero_init.c.obj (.text:decompress:ZI:__TI_zero_init_nomemset)
                  00009639    0000000c                            : args_main.c.obj (.text)
                  00009645    0000000b     driverlib_eabi.lib : sysctl.obj (.text:SysCtl_isMCDClockFailureDetected)
                  00009650    00000009     rts2800_fpu32_eabi.lib : _lock.c.obj (.text)
                  00009659    00000008                            : copy_decompress_none.c.obj (.text:decompress:none)
                  00009661    00000008     f28004x_codestartbranch.obj (.text)
                  00009669    00000007     driverlib_eabi.lib : sysctl.obj (.text:SysCtl_resetMCD)
                  00009670    00000002                        : interrupt.obj (.text:Interrupt_nmiHandler)
                  00009672    00000002     rts2800_fpu32_eabi.lib : pre_init.c.obj (.text)

MODULE SUMMARY

       Module                        code   ro data   rw data
       ------                        ----   -------   -------
    .\
       i2c_helper.obj                1235   84        0      
       main.obj                      818    67        195    
       uart_helper.obj               534    188       3      
    +--+-----------------------------+------+---------+---------+
       Total:                        2587   339       198    
                                                             
    .\device\
       device.obj                    429    19        0      
       f28004x_codestartbranch.obj   10     0         0      
    +--+-----------------------------+------+---------+---------+
       Total:                        439    19        0      
                                                             
    C:\ti\c2000\C2000Ware_4_00_00_00\driverlib\f28004x\driverlib\ccs\Debug\driverlib_eabi.lib
       sysctl.obj                    1156   154       0      
       sci.obj                       508    151       0      
       gpio.obj                      377    152       0      
       i2c.obj                       269    75        0      
       interrupt.obj                 187    0         0      
    +--+-----------------------------+------+---------+---------+
       Total:                        2497   532       0      
                                                             
    C:\ti\ccs1100\ccs\tools\compiler\ti-cgt-c2000_21.6.0.LTS\lib\rts2800_fpu32_eabi.lib
       copy_decompress_lzss.c.obj    49     0         0      
       exit.c.obj                    41     0         6      
       autoinit.c.obj                43     0         0      
       memcpy.c.obj                  29     0         0      
       boot28.asm.obj                23     0         0      
       _lock.c.obj                   9      0         4      
       copy_zero_init.c.obj          13     0         0      
       args_main.c.obj               12     0         0      
       copy_decompress_none.c.obj    8      0         0      
       pre_init.c.obj                2      0         0      
       startup.c.obj                 1      0         0      
    +--+-----------------------------+------+---------+---------+
       Total:                        230    0         10     
                                                             
       Stack:                        0      0         256    
       Linker Generated:             0      26        0      
    +--+-----------------------------+------+---------+---------+
       Grand Total:                  5753   916       464    


LINKER GENERATED COPY TABLES

__TI_cinit_table @ 00000110 records: 2, size/record: 4, table size: 8
	.data: load addr=000000fc, load size=00000008 bytes, run addr=0000ac40, run size=0000000e bytes, compression=lzss
	.bss: load addr=0000010a, load size=00000004 bytes, run addr=0000ab7e, run size=000000c2 bytes, compression=zero_init


LINKER GENERATED HANDLER TABLE

__TI_handler_table @ 00000104 records: 3, size/record: 2, table size: 6
	index: 0, handler: __TI_zero_init
	index: 1, handler: __TI_decompress_lzss
	index: 2, handler: __TI_decompress_none


GLOBAL DATA SYMBOLS: SORTED BY DATA PAGE

address     data page           name
--------    ----------------    ----
00000400      10 (00000400)     __stack

0000ab7e     2ad (0000ab40)     RX_MsgBuffer

0000abbe     2ae (0000ab80)     TX_MsgBuffer

0000abfe     2af (0000abc0)     msg

0000ac00     2b0 (0000ac00)     currentResponderPtr
0000ac02     2b0 (0000ac00)     ControlAddr
0000ac04     2b0 (0000ac00)     EEPROM
0000ac18     2b0 (0000ac00)     TempSensor
0000ac2c     2b0 (0000ac00)     AvailableI2C_slaves

0000ac40     2b1 (0000ac40)     __TI_enable_exit_profile_output
0000ac42     2b1 (0000ac40)     __TI_cleanup_ptr
0000ac44     2b1 (0000ac40)     __TI_dtors_ptr
0000ac46     2b1 (0000ac40)     passCount
0000ac47     2b1 (0000ac40)     failCount
0000ac48     2b1 (0000ac40)     status
0000ac49     2b1 (0000ac40)     counter
0000ac4a     2b1 (0000ac40)     _lock
0000ac4c     2b1 (0000ac40)     _unlock


GLOBAL SYMBOLS: SORTED ALPHABETICALLY BY Name 

page  address   name                                 
----  -------   ----                                 
1     0000ac2c  AvailableI2C_slaves                  
0     000092c2  C$$EXIT                              
1     0000ac02  ControlAddr                          
0     000088b6  Device_enableAllPeripherals          
0     00008865  Device_init                          
0     00008996  Device_initGPIO                      
1     0000ac04  EEPROM                               
0     00009100  GPIO_setAnalogMode                   
0     000091de  GPIO_setDirectionMode                
0     00008fc7  GPIO_setMasterCore                   
0     00008ee9  GPIO_setPadConfig                    
0     00009173  GPIO_setPinConfig                    
0     0000913b  GPIO_setQualificationMode            
0     000081a6  I2CBusScan                           
0     000086ed  I2C_GPIO_init                        
0     000082af  I2C_MasterReceiver                   
0     00008260  I2C_MasterTransmitter                
0     0000820d  I2C_TransmitSlaveAddress_ControlBytes
0     0000937c  I2C_clearInterruptStatus             
0     00009240  I2C_disableInterrupt                 
0     0000926c  I2C_enableInterrupt                  
0     0000939d  I2C_getInterruptStatus               
0     00008dcc  I2C_initMaster                       
0     0000871c  I2Cinit                              
0     000091aa  Interrupt_enable                     
0     000090c3  Interrupt_initModule                 
0     000093dd  Interrupt_initVectorTable            
1     0000ab7e  RX_MsgBuffer                         
0     00008f3b  SCI_clearInterruptStatus             
0     00008f81  SCI_disableInterrupt                 
0     00009000  SCI_enableInterrupt                  
0     00009085  SCI_setConfig                        
0     00009044  SCI_writeCharArray                   
0     000000f6  SysCtl_delay                         
0     00008e30  SysCtl_getClock                      
0     00009450  SysCtl_getLowSpeedClock              
0     00008bf4  SysCtl_isPLLValid                    
0     00008e8e  SysCtl_selectOscSource               
0     00009336  SysCtl_selectXTAL                    
0     0000946a  SysCtl_selectXTALSingleEnded         
0     00008b2d  SysCtl_setClock                      
1     0000abbe  TX_MsgBuffer                         
1     0000ac18  TempSensor                           
0     000083ce  Write_Read_TX_RX_FIFO                
0     00000110  __TI_CINIT_Base                      
0     00000118  __TI_CINIT_Limit                     
0     00000118  __TI_CINIT_Warm                      
0     00000104  __TI_Handler_Table_Base              
0     0000010a  __TI_Handler_Table_Limit             
1     00000500  __TI_STACK_END                       
abs   00000100  __TI_STACK_SIZE                      
0     00009297  __TI_auto_init_nobinit_nopinit       
1     0000ac42  __TI_cleanup_ptr                     
0     0000920f  __TI_decompress_lzss                 
0     00009659  __TI_decompress_none                 
1     0000ac44  __TI_dtors_ptr                       
1     0000ac40  __TI_enable_exit_profile_output      
abs   ffffffff  __TI_pprof_out_hndl                  
abs   ffffffff  __TI_prof_data_size                  
abs   ffffffff  __TI_prof_data_start                 
0     0000962c  __TI_zero_init_nomemset              
n/a   UNDEFED   __c_args__                           
0     000089a6  __error__                            
1     00000400  __stack                              
0     00009639  _args_main                           
0     000094fb  _c_int00                             
1     0000ac4a  _lock                                
0     00009658  _nop                                 
0     00009654  _register_lock                       
0     00009650  _register_unlock                     
0     000087ff  _system_post_cinit                   
0     00009672  _system_pre_init                     
1     0000ac4c  _unlock                              
0     000092c2  abort                                
0     000082e4  checkBusStatus                       
0     00000000  code_start                           
1     0000ac49  counter                              
1     0000ac00  currentResponderPtr                  
0     000092c4  exit                                 
0     000086c9  fail                                 
1     0000ac47  failCount                            
0     00008311  handleI2C_ErrorCondition             
0     000082f8  handleNACK                           
0     00008d99  i2cFIFO_isr                          
0     00008d4a  i2c_isr                              
0     0000863e  main                                 
0     00008a84  main_                                
0     00009418  memcpy                               
1     0000abfe  msg                                  
0     000086c7  pass                                 
1     0000ac46  passCount                            
0     00008cf8  sciaRxISR                            
0     00008cb4  sciaTxISR                            
1     0000ac48  status                               
0     000086cb  verifyEEPROMRead                     


GLOBAL SYMBOLS: SORTED BY Symbol Address 

page  address   name                                 
----  -------   ----                                 
0     00000000  code_start                           
0     000000f6  SysCtl_delay                         
0     00000104  __TI_Handler_Table_Base              
0     0000010a  __TI_Handler_Table_Limit             
0     00000110  __TI_CINIT_Base                      
0     00000118  __TI_CINIT_Limit                     
0     00000118  __TI_CINIT_Warm                      
0     000081a6  I2CBusScan                           
0     0000820d  I2C_TransmitSlaveAddress_ControlBytes
0     00008260  I2C_MasterTransmitter                
0     000082af  I2C_MasterReceiver                   
0     000082e4  checkBusStatus                       
0     000082f8  handleNACK                           
0     00008311  handleI2C_ErrorCondition             
0     000083ce  Write_Read_TX_RX_FIFO                
0     0000863e  main                                 
0     000086c7  pass                                 
0     000086c9  fail                                 
0     000086cb  verifyEEPROMRead                     
0     000086ed  I2C_GPIO_init                        
0     0000871c  I2Cinit                              
0     000087ff  _system_post_cinit                   
0     00008865  Device_init                          
0     000088b6  Device_enableAllPeripherals          
0     00008996  Device_initGPIO                      
0     000089a6  __error__                            
0     00008a84  main_                                
0     00008b2d  SysCtl_setClock                      
0     00008bf4  SysCtl_isPLLValid                    
0     00008cb4  sciaTxISR                            
0     00008cf8  sciaRxISR                            
0     00008d4a  i2c_isr                              
0     00008d99  i2cFIFO_isr                          
0     00008dcc  I2C_initMaster                       
0     00008e30  SysCtl_getClock                      
0     00008e8e  SysCtl_selectOscSource               
0     00008ee9  GPIO_setPadConfig                    
0     00008f3b  SCI_clearInterruptStatus             
0     00008f81  SCI_disableInterrupt                 
0     00008fc7  GPIO_setMasterCore                   
0     00009000  SCI_enableInterrupt                  
0     00009044  SCI_writeCharArray                   
0     00009085  SCI_setConfig                        
0     000090c3  Interrupt_initModule                 
0     00009100  GPIO_setAnalogMode                   
0     0000913b  GPIO_setQualificationMode            
0     00009173  GPIO_setPinConfig                    
0     000091aa  Interrupt_enable                     
0     000091de  GPIO_setDirectionMode                
0     0000920f  __TI_decompress_lzss                 
0     00009240  I2C_disableInterrupt                 
0     0000926c  I2C_enableInterrupt                  
0     00009297  __TI_auto_init_nobinit_nopinit       
0     000092c2  C$$EXIT                              
0     000092c2  abort                                
0     000092c4  exit                                 
0     00009336  SysCtl_selectXTAL                    
0     0000937c  I2C_clearInterruptStatus             
0     0000939d  I2C_getInterruptStatus               
0     000093dd  Interrupt_initVectorTable            
0     00009418  memcpy                               
0     00009450  SysCtl_getLowSpeedClock              
0     0000946a  SysCtl_selectXTALSingleEnded         
0     000094fb  _c_int00                             
0     0000962c  __TI_zero_init_nomemset              
0     00009639  _args_main                           
0     00009650  _register_unlock                     
0     00009654  _register_lock                       
0     00009658  _nop                                 
0     00009659  __TI_decompress_none                 
0     00009672  _system_pre_init                     
1     00000400  __stack                              
1     00000500  __TI_STACK_END                       
1     0000ab7e  RX_MsgBuffer                         
1     0000abbe  TX_MsgBuffer                         
1     0000abfe  msg                                  
1     0000ac00  currentResponderPtr                  
1     0000ac02  ControlAddr                          
1     0000ac04  EEPROM                               
1     0000ac18  TempSensor                           
1     0000ac2c  AvailableI2C_slaves                  
1     0000ac40  __TI_enable_exit_profile_output      
1     0000ac42  __TI_cleanup_ptr                     
1     0000ac44  __TI_dtors_ptr                       
1     0000ac46  passCount                            
1     0000ac47  failCount                            
1     0000ac48  status                               
1     0000ac49  counter                              
1     0000ac4a  _lock                                
1     0000ac4c  _unlock                              
abs   00000100  __TI_STACK_SIZE                      
abs   ffffffff  __TI_pprof_out_hndl                  
abs   ffffffff  __TI_prof_data_size                  
abs   ffffffff  __TI_prof_data_start                 
n/a   UNDEFED   __c_args__                           

[95 symbols]
