<?xml version="1.0" encoding="ISO-8859-1" ?>
<link_info>
   <banner>TMS320C2000 Linker PC v21.6.0.LTS</banner>
   <copyright>Copyright (c) 1996-2018 Texas Instruments Incorporated</copyright>
   <link_time>0x621fa313</link_time>
   <link_errors>0x0</link_errors>
   <output_file>BMS_Firmware.out</output_file>
   <entry_point>
      <name>code_start</name>
      <address>0x0</address>
   </entry_point>
   <input_file_list>
      <input_file id="fl-2">
         <path>.\</path>
         <kind>object</kind>
         <file>ESP.obj</file>
         <name>ESP.obj</name>
      </input_file>
      <input_file id="fl-3">
         <path>.\</path>
         <kind>object</kind>
         <file>ESP_uart.obj</file>
         <name>ESP_uart.obj</name>
      </input_file>
      <input_file id="fl-4">
         <path>.\</path>
         <kind>object</kind>
         <file>i2c_helper.obj</file>
         <name>i2c_helper.obj</name>
      </input_file>
      <input_file id="fl-5">
         <path>.\</path>
         <kind>object</kind>
         <file>main.obj</file>
         <name>main.obj</name>
      </input_file>
      <input_file id="fl-6">
         <path>.\</path>
         <kind>object</kind>
         <file>uart_helper.obj</file>
         <name>uart_helper.obj</name>
      </input_file>
      <input_file id="fl-7">
         <path>.\device\</path>
         <kind>object</kind>
         <file>device.obj</file>
         <name>device.obj</name>
      </input_file>
      <input_file id="fl-8">
         <path>.\device\</path>
         <kind>object</kind>
         <file>f28004x_codestartbranch.obj</file>
         <name>f28004x_codestartbranch.obj</name>
      </input_file>
      <input_file id="fl-e">
         <kind>object</kind>
         <file>&lt;internal&gt;</file>
         <name>&lt;internal&gt;</name>
      </input_file>
      <input_file id="fl-15">
         <path>D:\Programs\TI\C2000Ware_4_00_00_00\driverlib\f28004x\driverlib\ccs\Debug\</path>
         <kind>archive</kind>
         <file>driverlib_eabi.lib</file>
         <name>gpio.obj</name>
      </input_file>
      <input_file id="fl-16">
         <path>D:\Programs\TI\C2000Ware_4_00_00_00\driverlib\f28004x\driverlib\ccs\Debug\</path>
         <kind>archive</kind>
         <file>driverlib_eabi.lib</file>
         <name>i2c.obj</name>
      </input_file>
      <input_file id="fl-17">
         <path>D:\Programs\TI\C2000Ware_4_00_00_00\driverlib\f28004x\driverlib\ccs\Debug\</path>
         <kind>archive</kind>
         <file>driverlib_eabi.lib</file>
         <name>interrupt.obj</name>
      </input_file>
      <input_file id="fl-18">
         <path>D:\Programs\TI\C2000Ware_4_00_00_00\driverlib\f28004x\driverlib\ccs\Debug\</path>
         <kind>archive</kind>
         <file>driverlib_eabi.lib</file>
         <name>sci.obj</name>
      </input_file>
      <input_file id="fl-19">
         <path>D:\Programs\TI\C2000Ware_4_00_00_00\driverlib\f28004x\driverlib\ccs\Debug\</path>
         <kind>archive</kind>
         <file>driverlib_eabi.lib</file>
         <name>sysctl.obj</name>
      </input_file>
      <input_file id="fl-25">
         <path>D:\Programs\TI\ccs\tools\compiler\ti-cgt-c2000_21.6.0.LTS\lib\</path>
         <kind>archive</kind>
         <file>rts2800_fpu32_eabi.lib</file>
         <name>boot28.asm.obj</name>
      </input_file>
      <input_file id="fl-26">
         <path>D:\Programs\TI\ccs\tools\compiler\ti-cgt-c2000_21.6.0.LTS\lib\</path>
         <kind>archive</kind>
         <file>rts2800_fpu32_eabi.lib</file>
         <name>fs_div28.asm.obj</name>
      </input_file>
      <input_file id="fl-27">
         <path>D:\Programs\TI\ccs\tools\compiler\ti-cgt-c2000_21.6.0.LTS\lib\</path>
         <kind>archive</kind>
         <file>rts2800_fpu32_eabi.lib</file>
         <name>i_div28.asm.obj</name>
      </input_file>
      <input_file id="fl-28">
         <path>D:\Programs\TI\ccs\tools\compiler\ti-cgt-c2000_21.6.0.LTS\lib\</path>
         <kind>archive</kind>
         <file>rts2800_fpu32_eabi.lib</file>
         <name>pre_init.c.obj</name>
      </input_file>
      <input_file id="fl-29">
         <path>D:\Programs\TI\ccs\tools\compiler\ti-cgt-c2000_21.6.0.LTS\lib\</path>
         <kind>archive</kind>
         <file>rts2800_fpu32_eabi.lib</file>
         <name>autoinit.c.obj</name>
      </input_file>
      <input_file id="fl-2a">
         <path>D:\Programs\TI\ccs\tools\compiler\ti-cgt-c2000_21.6.0.LTS\lib\</path>
         <kind>archive</kind>
         <file>rts2800_fpu32_eabi.lib</file>
         <name>copy_zero_init.c.obj</name>
      </input_file>
      <input_file id="fl-2b">
         <path>D:\Programs\TI\ccs\tools\compiler\ti-cgt-c2000_21.6.0.LTS\lib\</path>
         <kind>archive</kind>
         <file>rts2800_fpu32_eabi.lib</file>
         <name>copy_decompress_none.c.obj</name>
      </input_file>
      <input_file id="fl-2c">
         <path>D:\Programs\TI\ccs\tools\compiler\ti-cgt-c2000_21.6.0.LTS\lib\</path>
         <kind>archive</kind>
         <file>rts2800_fpu32_eabi.lib</file>
         <name>copy_decompress_lzss.c.obj</name>
      </input_file>
      <input_file id="fl-2d">
         <path>D:\Programs\TI\ccs\tools\compiler\ti-cgt-c2000_21.6.0.LTS\lib\</path>
         <kind>archive</kind>
         <file>rts2800_fpu32_eabi.lib</file>
         <name>exit.c.obj</name>
      </input_file>
      <input_file id="fl-2e">
         <path>D:\Programs\TI\ccs\tools\compiler\ti-cgt-c2000_21.6.0.LTS\lib\</path>
         <kind>archive</kind>
         <file>rts2800_fpu32_eabi.lib</file>
         <name>_lock.c.obj</name>
      </input_file>
      <input_file id="fl-2f">
         <path>D:\Programs\TI\ccs\tools\compiler\ti-cgt-c2000_21.6.0.LTS\lib\</path>
         <kind>archive</kind>
         <file>rts2800_fpu32_eabi.lib</file>
         <name>args_main.c.obj</name>
      </input_file>
      <input_file id="fl-30">
         <path>D:\Programs\TI\ccs\tools\compiler\ti-cgt-c2000_21.6.0.LTS\lib\</path>
         <kind>archive</kind>
         <file>rts2800_fpu32_eabi.lib</file>
         <name>memset.c.obj</name>
      </input_file>
      <input_file id="fl-31">
         <path>D:\Programs\TI\ccs\tools\compiler\ti-cgt-c2000_21.6.0.LTS\lib\</path>
         <kind>archive</kind>
         <file>rts2800_fpu32_eabi.lib</file>
         <name>strcat.c.obj</name>
      </input_file>
      <input_file id="fl-32">
         <path>D:\Programs\TI\ccs\tools\compiler\ti-cgt-c2000_21.6.0.LTS\lib\</path>
         <kind>archive</kind>
         <file>rts2800_fpu32_eabi.lib</file>
         <name>strcpy.c.obj</name>
      </input_file>
      <input_file id="fl-33">
         <path>D:\Programs\TI\ccs\tools\compiler\ti-cgt-c2000_21.6.0.LTS\lib\</path>
         <kind>archive</kind>
         <file>rts2800_fpu32_eabi.lib</file>
         <name>strlen.c.obj</name>
      </input_file>
      <input_file id="fl-34">
         <path>D:\Programs\TI\ccs\tools\compiler\ti-cgt-c2000_21.6.0.LTS\lib\</path>
         <kind>archive</kind>
         <file>rts2800_fpu32_eabi.lib</file>
         <name>strncmp.c.obj</name>
      </input_file>
      <input_file id="fl-35">
         <path>D:\Programs\TI\ccs\tools\compiler\ti-cgt-c2000_21.6.0.LTS\lib\</path>
         <kind>archive</kind>
         <file>rts2800_fpu32_eabi.lib</file>
         <name>cpy_tbl.c.obj</name>
      </input_file>
      <input_file id="fl-36">
         <path>D:\Programs\TI\ccs\tools\compiler\ti-cgt-c2000_21.6.0.LTS\lib\</path>
         <kind>archive</kind>
         <file>rts2800_fpu32_eabi.lib</file>
         <name>memcpy.c.obj</name>
      </input_file>
      <input_file id="fl-37">
         <path>D:\Programs\TI\ccs\tools\compiler\ti-cgt-c2000_21.6.0.LTS\lib\</path>
         <kind>archive</kind>
         <file>rts2800_fpu32_eabi.lib</file>
         <name>startup.c.obj</name>
      </input_file>
   </input_file_list>
   <object_component_list>
      <object_component id="oc-20">
         <name>codestart</name>
         <load_address>0x0</load_address>
         <run_address>0x0</run_address>
         <size>0x2</size>
         <input_file_ref idref="fl-8"/>
      </object_component>
      <object_component id="oc-87">
         <name>.TI.ramfunc</name>
         <load_address>0xf6</load_address>
         <run_address>0xf6</run_address>
         <size>0x4</size>
         <input_file_ref idref="fl-19"/>
      </object_component>
      <object_component id="oc-5d">
         <name>.text</name>
         <load_address>0x8000</load_address>
         <run_address>0x8000</run_address>
         <size>0x4d3</size>
         <input_file_ref idref="fl-4"/>
      </object_component>
      <object_component id="oc-70">
         <name>.text</name>
         <load_address>0x84d3</load_address>
         <run_address>0x84d3</run_address>
         <size>0x1ad</size>
         <input_file_ref idref="fl-7"/>
      </object_component>
      <object_component id="oc-31">
         <name>.text:retain</name>
         <load_address>0x8680</load_address>
         <run_address>0x8680</run_address>
         <size>0x122</size>
         <input_file_ref idref="fl-6"/>
      </object_component>
      <object_component id="oc-142">
         <name>.text:SysCtl_getClock</name>
         <load_address>0x87a2</load_address>
         <run_address>0x87a2</run_address>
         <size>0x5e</size>
         <input_file_ref idref="fl-19"/>
      </object_component>
      <object_component id="oc-32">
         <name>.text</name>
         <load_address>0x8800</load_address>
         <run_address>0x8800</run_address>
         <size>0x392</size>
         <input_file_ref idref="fl-6"/>
      </object_component>
      <object_component id="oc-26">
         <name>.text</name>
         <load_address>0x8b92</load_address>
         <run_address>0x8b92</run_address>
         <size>0x354</size>
         <input_file_ref idref="fl-5"/>
      </object_component>
      <object_component id="oc-13c">
         <name>.text:SysCtl_setClock</name>
         <load_address>0x8ee6</load_address>
         <run_address>0x8ee6</run_address>
         <size>0xc7</size>
         <input_file_ref idref="fl-19"/>
      </object_component>
      <object_component id="oc-a3">
         <name>.text:GPIO_setPadConfig</name>
         <load_address>0x8fad</load_address>
         <run_address>0x8fad</run_address>
         <size>0x52</size>
         <input_file_ref idref="fl-15"/>
      </object_component>
      <object_component id="oc-2dd">
         <name>.text</name>
         <load_address>0x8fff</load_address>
         <run_address>0x8fff</run_address>
         <size>0x1</size>
         <input_file_ref idref="fl-37"/>
      </object_component>
      <object_component id="oc-20b">
         <name>.text:SysCtl_isPLLValid</name>
         <load_address>0x9000</load_address>
         <run_address>0x9000</run_address>
         <size>0xc0</size>
         <input_file_ref idref="fl-19"/>
      </object_component>
      <object_component id="oc-25">
         <name>.text:retain</name>
         <load_address>0x90c0</load_address>
         <run_address>0x90c0</run_address>
         <size>0x82</size>
         <input_file_ref idref="fl-5"/>
      </object_component>
      <object_component id="oc-2b8">
         <name>.text:DCC_setCounterSeeds</name>
         <load_address>0x9142</load_address>
         <run_address>0x9142</run_address>
         <size>0x7a</size>
         <input_file_ref idref="fl-19"/>
      </object_component>
      <object_component id="oc-bb">
         <name>.text:I2C_initMaster</name>
         <load_address>0x91bc</load_address>
         <run_address>0x91bc</run_address>
         <size>0x64</size>
         <input_file_ref idref="fl-16"/>
      </object_component>
      <object_component id="oc-205">
         <name>.text:SysCtl_selectOscSource</name>
         <load_address>0x9220</load_address>
         <run_address>0x9220</run_address>
         <size>0x5b</size>
         <input_file_ref idref="fl-19"/>
      </object_component>
      <object_component id="oc-dd">
         <name>.text:SCI_clearInterruptStatus</name>
         <load_address>0x927b</load_address>
         <run_address>0x927b</run_address>
         <size>0x46</size>
         <input_file_ref idref="fl-18"/>
      </object_component>
      <object_component id="oc-c7">
         <name>.text:SCI_disableInterrupt</name>
         <load_address>0x92c1</load_address>
         <run_address>0x92c1</run_address>
         <size>0x46</size>
         <input_file_ref idref="fl-18"/>
      </object_component>
      <object_component id="oc-e3">
         <name>.text:SCI_enableInterrupt</name>
         <load_address>0x9307</load_address>
         <run_address>0x9307</run_address>
         <size>0x44</size>
         <input_file_ref idref="fl-18"/>
      </object_component>
      <object_component id="oc-fb">
         <name>.text:SCI_writeCharArray</name>
         <load_address>0x934b</load_address>
         <run_address>0x934b</run_address>
         <size>0x41</size>
         <input_file_ref idref="fl-18"/>
      </object_component>
      <object_component id="oc-101">
         <name>.text:SCI_setConfig</name>
         <load_address>0x938c</load_address>
         <run_address>0x938c</run_address>
         <size>0x3e</size>
         <input_file_ref idref="fl-18"/>
      </object_component>
      <object_component id="oc-7b">
         <name>.text:Interrupt_initModule</name>
         <load_address>0x93ca</load_address>
         <run_address>0x93ca</run_address>
         <size>0x3d</size>
         <input_file_ref idref="fl-17"/>
      </object_component>
      <object_component id="oc-14f">
         <name>.text:GPIO_setAnalogMode</name>
         <load_address>0x9407</load_address>
         <run_address>0x9407</run_address>
         <size>0x3b</size>
         <input_file_ref idref="fl-15"/>
      </object_component>
      <object_component id="oc-a9">
         <name>.text:GPIO_setMasterCore</name>
         <load_address>0x9442</load_address>
         <run_address>0x9442</run_address>
         <size>0x38</size>
         <input_file_ref idref="fl-15"/>
      </object_component>
      <object_component id="oc-af">
         <name>.text:GPIO_setQualificationMode</name>
         <load_address>0x947a</load_address>
         <run_address>0x947a</run_address>
         <size>0x38</size>
         <input_file_ref idref="fl-15"/>
      </object_component>
      <object_component id="oc-b5">
         <name>.text:GPIO_setPinConfig</name>
         <load_address>0x94b2</load_address>
         <run_address>0x94b2</run_address>
         <size>0x37</size>
         <input_file_ref idref="fl-15"/>
      </object_component>
      <object_component id="oc-88">
         <name>.text:Interrupt_enable</name>
         <load_address>0x94e9</load_address>
         <run_address>0x94e9</run_address>
         <size>0x34</size>
         <input_file_ref idref="fl-17"/>
      </object_component>
      <object_component id="oc-9d">
         <name>.text:GPIO_setDirectionMode</name>
         <load_address>0x951d</load_address>
         <run_address>0x951d</run_address>
         <size>0x31</size>
         <input_file_ref idref="fl-15"/>
      </object_component>
      <object_component id="oc-13">
         <name>.text:decompress:lzss</name>
         <load_address>0x954e</load_address>
         <run_address>0x954e</run_address>
         <size>0x31</size>
         <input_file_ref idref="fl-2c"/>
      </object_component>
      <object_component id="oc-124">
         <name>.text:I2C_disableInterrupt</name>
         <load_address>0x957f</load_address>
         <run_address>0x957f</run_address>
         <size>0x2c</size>
         <input_file_ref idref="fl-16"/>
      </object_component>
      <object_component id="oc-63">
         <name>.text:I2C_enableInterrupt</name>
         <load_address>0x95ab</load_address>
         <run_address>0x95ab</run_address>
         <size>0x2b</size>
         <input_file_ref idref="fl-16"/>
      </object_component>
      <object_component id="oc-240">
         <name>.text:__TI_auto_init_nobinit_nopinit</name>
         <load_address>0x95d6</load_address>
         <run_address>0x95d6</run_address>
         <size>0x2b</size>
         <input_file_ref idref="fl-29"/>
      </object_component>
      <object_component id="oc-1ee">
         <name>.text</name>
         <load_address>0x9601</load_address>
         <run_address>0x9601</run_address>
         <size>0x29</size>
         <input_file_ref idref="fl-2d"/>
      </object_component>
      <object_component id="oc-303">
         <name>.text:SysCtl_pollX1Counter</name>
         <load_address>0x962a</load_address>
         <run_address>0x962a</run_address>
         <size>0x26</size>
         <input_file_ref idref="fl-19"/>
      </object_component>
      <object_component id="oc-2be">
         <name>.text:DCC_enableSingleShotMode</name>
         <load_address>0x9650</load_address>
         <run_address>0x9650</run_address>
         <size>0x25</size>
         <input_file_ref idref="fl-19"/>
      </object_component>
      <object_component id="oc-27b">
         <name>.text:SysCtl_selectXTAL</name>
         <load_address>0x9675</load_address>
         <run_address>0x9675</run_address>
         <size>0x24</size>
         <input_file_ref idref="fl-19"/>
      </object_component>
      <object_component id="oc-1b6">
         <name>.text:SCI_isFIFOEnabled</name>
         <load_address>0x9699</load_address>
         <run_address>0x9699</run_address>
         <size>0x22</size>
         <input_file_ref idref="fl-18"/>
      </object_component>
      <object_component id="oc-76">
         <name>.text</name>
         <load_address>0x96bb</load_address>
         <run_address>0x96bb</run_address>
         <size>0x22</size>
         <input_file_ref idref="fl-27"/>
      </object_component>
      <object_component id="oc-69">
         <name>.text:I2C_clearInterruptStatus</name>
         <load_address>0x96dd</load_address>
         <run_address>0x96dd</run_address>
         <size>0x21</size>
         <input_file_ref idref="fl-16"/>
      </object_component>
      <object_component id="oc-12a">
         <name>.text:I2C_getInterruptStatus</name>
         <load_address>0x96fe</load_address>
         <run_address>0x96fe</run_address>
         <size>0x21</size>
         <input_file_ref idref="fl-16"/>
      </object_component>
      <object_component id="oc-2b2">
         <name>.text:DCC_setCounter1ClkSource</name>
         <load_address>0x971f</load_address>
         <run_address>0x971f</run_address>
         <size>0x1f</size>
         <input_file_ref idref="fl-19"/>
      </object_component>
      <object_component id="oc-81">
         <name>.text:Interrupt_initVectorTable</name>
         <load_address>0x973e</load_address>
         <run_address>0x973e</run_address>
         <size>0x1e</size>
         <input_file_ref idref="fl-17"/>
      </object_component>
      <object_component id="oc-2ac">
         <name>.text:DCC_setCounter0ClkSource</name>
         <load_address>0x975c</load_address>
         <run_address>0x975c</run_address>
         <size>0x1d</size>
         <input_file_ref idref="fl-19"/>
      </object_component>
      <object_component id="oc-40">
         <name>.text</name>
         <load_address>0x9779</load_address>
         <run_address>0x9779</run_address>
         <size>0x1d</size>
         <input_file_ref idref="fl-36"/>
      </object_component>
      <object_component id="oc-1c2">
         <name>.text:SCI_isSpaceAvailableNonFIFO</name>
         <load_address>0x9796</load_address>
         <run_address>0x9796</run_address>
         <size>0x1b</size>
         <input_file_ref idref="fl-18"/>
      </object_component>
      <object_component id="oc-149">
         <name>.text:SysCtl_getLowSpeedClock</name>
         <load_address>0x97b1</load_address>
         <run_address>0x97b1</run_address>
         <size>0x1a</size>
         <input_file_ref idref="fl-19"/>
      </object_component>
      <object_component id="oc-281">
         <name>.text:SysCtl_selectXTALSingleEnded</name>
         <load_address>0x97cb</load_address>
         <run_address>0x97cb</run_address>
         <size>0x1a</size>
         <input_file_ref idref="fl-19"/>
      </object_component>
      <object_component id="oc-1c9">
         <name>.text:SCI_disableModule</name>
         <load_address>0x97e5</load_address>
         <run_address>0x97e5</run_address>
         <size>0x19</size>
         <input_file_ref idref="fl-18"/>
      </object_component>
      <object_component id="oc-16c">
         <name>.text:Interrupt_illegalOperationHandler</name>
         <load_address>0x97fe</load_address>
         <run_address>0x97fe</run_address>
         <size>0x2</size>
         <input_file_ref idref="fl-17"/>
      </object_component>
      <object_component id="oc-1a6">
         <name>.text:SCI_performSoftwareReset</name>
         <load_address>0x9800</load_address>
         <run_address>0x9800</run_address>
         <size>0x19</size>
         <input_file_ref idref="fl-18"/>
      </object_component>
      <object_component id="oc-2a6">
         <name>.text:DCC_disableDoneSignal</name>
         <load_address>0x9819</load_address>
         <run_address>0x9819</run_address>
         <size>0x17</size>
         <input_file_ref idref="fl-19"/>
      </object_component>
      <object_component id="oc-2ca">
         <name>.text:DCC_enableDoneSignal</name>
         <load_address>0x9830</load_address>
         <run_address>0x9830</run_address>
         <size>0x17</size>
         <input_file_ref idref="fl-19"/>
      </object_component>
      <object_component id="oc-288">
         <name>.text:SysCtl_enablePeripheral</name>
         <load_address>0x9847</load_address>
         <run_address>0x9847</run_address>
         <size>0x17</size>
         <input_file_ref idref="fl-19"/>
      </object_component>
      <object_component id="oc-11b">
         <name>.text</name>
         <load_address>0x985e</load_address>
         <run_address>0x985e</run_address>
         <size>0x17</size>
         <input_file_ref idref="fl-25"/>
      </object_component>
      <object_component id="oc-294">
         <name>.text:DCC_clearDoneFlag</name>
         <load_address>0x9875</load_address>
         <run_address>0x9875</run_address>
         <size>0x16</size>
         <input_file_ref idref="fl-19"/>
      </object_component>
      <object_component id="oc-28e">
         <name>.text:DCC_clearErrorFlag</name>
         <load_address>0x988b</load_address>
         <run_address>0x988b</run_address>
         <size>0x16</size>
         <input_file_ref idref="fl-19"/>
      </object_component>
      <object_component id="oc-2a0">
         <name>.text:DCC_disableErrorSignal</name>
         <load_address>0x98a1</load_address>
         <run_address>0x98a1</run_address>
         <size>0x16</size>
         <input_file_ref idref="fl-19"/>
      </object_component>
      <object_component id="oc-2c4">
         <name>.text:DCC_enableErrorSignal</name>
         <load_address>0x98b7</load_address>
         <run_address>0x98b7</run_address>
         <size>0x16</size>
         <input_file_ref idref="fl-19"/>
      </object_component>
      <object_component id="oc-ce">
         <name>.text</name>
         <load_address>0x98cd</load_address>
         <run_address>0x98cd</run_address>
         <size>0x16</size>
         <input_file_ref idref="fl-34"/>
      </object_component>
      <object_component id="oc-1bc">
         <name>.text:SCI_getTxFIFOStatus</name>
         <load_address>0x98e3</load_address>
         <run_address>0x98e3</run_address>
         <size>0x15</size>
         <input_file_ref idref="fl-18"/>
      </object_component>
      <object_component id="oc-195">
         <name>.text:SCI_isBaseValid</name>
         <load_address>0x98f8</load_address>
         <run_address>0x98f8</run_address>
         <size>0x15</size>
         <input_file_ref idref="fl-18"/>
      </object_component>
      <object_component id="oc-29a">
         <name>.text:DCC_disableModule</name>
         <load_address>0x990d</load_address>
         <run_address>0x990d</run_address>
         <size>0x14</size>
         <input_file_ref idref="fl-19"/>
      </object_component>
      <object_component id="oc-2d0">
         <name>.text:DCC_enableModule</name>
         <load_address>0x9921</load_address>
         <run_address>0x9921</run_address>
         <size>0x14</size>
         <input_file_ref idref="fl-19"/>
      </object_component>
      <object_component id="oc-182">
         <name>.text:GPIO_isPinValid</name>
         <load_address>0x9935</load_address>
         <run_address>0x9935</run_address>
         <size>0x14</size>
         <input_file_ref idref="fl-15"/>
      </object_component>
      <object_component id="oc-1cf">
         <name>.text:SCI_enableModule</name>
         <load_address>0x9949</load_address>
         <run_address>0x9949</run_address>
         <size>0x14</size>
         <input_file_ref idref="fl-18"/>
      </object_component>
      <object_component id="oc-312">
         <name>.text:DCC_isBaseValid</name>
         <load_address>0x995d</load_address>
         <run_address>0x995d</run_address>
         <size>0x10</size>
         <input_file_ref idref="fl-19"/>
      </object_component>
      <object_component id="oc-132">
         <name>.text:I2C_isBaseValid</name>
         <load_address>0x996d</load_address>
         <run_address>0x996d</run_address>
         <size>0x10</size>
         <input_file_ref idref="fl-16"/>
      </object_component>
      <object_component id="oc-160">
         <name>.text:Interrupt_defaultHandler</name>
         <load_address>0x997d</load_address>
         <run_address>0x997d</run_address>
         <size>0xe</size>
         <input_file_ref idref="fl-17"/>
      </object_component>
      <object_component id="oc-158">
         <name>.text:Interrupt_disableMaster</name>
         <load_address>0x998b</load_address>
         <run_address>0x998b</run_address>
         <size>0xd</size>
         <input_file_ref idref="fl-17"/>
      </object_component>
      <object_component id="oc-173">
         <name>.text:Interrupt_enableMaster</name>
         <load_address>0x9998</load_address>
         <run_address>0x9998</run_address>
         <size>0xd</size>
         <input_file_ref idref="fl-17"/>
      </object_component>
      <object_component id="oc-48">
         <name>.text:decompress:ZI:__TI_zero_init_nomemset</name>
         <load_address>0x99a5</load_address>
         <run_address>0x99a5</run_address>
         <size>0xd</size>
         <input_file_ref idref="fl-2a"/>
      </object_component>
      <object_component id="oc-1e8">
         <name>.text</name>
         <load_address>0x99b2</load_address>
         <run_address>0x99b2</run_address>
         <size>0xc</size>
         <input_file_ref idref="fl-2f"/>
      </object_component>
      <object_component id="oc-1ff">
         <name>.text:SysCtl_isMCDClockFailureDetected</name>
         <load_address>0x99be</load_address>
         <run_address>0x99be</run_address>
         <size>0xb</size>
         <input_file_ref idref="fl-19"/>
      </object_component>
      <object_component id="oc-2f7">
         <name>.text</name>
         <load_address>0x99c9</load_address>
         <run_address>0x99c9</run_address>
         <size>0x9</size>
         <input_file_ref idref="fl-2e"/>
      </object_component>
      <object_component id="oc-f5">
         <name>.text</name>
         <load_address>0x99d2</load_address>
         <run_address>0x99d2</run_address>
         <size>0x9</size>
         <input_file_ref idref="fl-31"/>
      </object_component>
      <object_component id="oc-19">
         <name>.text:decompress:none</name>
         <load_address>0x99db</load_address>
         <run_address>0x99db</run_address>
         <size>0x8</size>
         <input_file_ref idref="fl-2b"/>
      </object_component>
      <object_component id="oc-54">
         <name>.text</name>
         <load_address>0x99e3</load_address>
         <run_address>0x99e3</run_address>
         <size>0x8</size>
         <input_file_ref idref="fl-8"/>
      </object_component>
      <object_component id="oc-94">
         <name>.text</name>
         <load_address>0x99eb</load_address>
         <run_address>0x99eb</run_address>
         <size>0x8</size>
         <input_file_ref idref="fl-33"/>
      </object_component>
      <object_component id="oc-309">
         <name>.text:SysCtl_resetMCD</name>
         <load_address>0x99f3</load_address>
         <run_address>0x99f3</run_address>
         <size>0x7</size>
         <input_file_ref idref="fl-19"/>
      </object_component>
      <object_component id="oc-ef">
         <name>.text</name>
         <load_address>0x99fa</load_address>
         <run_address>0x99fa</run_address>
         <size>0x5</size>
         <input_file_ref idref="fl-32"/>
      </object_component>
      <object_component id="oc-166">
         <name>.text:Interrupt_nmiHandler</name>
         <load_address>0x99ff</load_address>
         <run_address>0x99ff</run_address>
         <size>0x2</size>
         <input_file_ref idref="fl-17"/>
      </object_component>
      <object_component id="oc-1e1">
         <name>.text</name>
         <load_address>0x9a01</load_address>
         <run_address>0x9a01</run_address>
         <size>0x2</size>
         <input_file_ref idref="fl-28"/>
      </object_component>
      <object_component id="oc-366">
         <name>.cinit..data.load</name>
         <load_address>0xfc</load_address>
         <run_address>0xfc</run_address>
         <size>0x8</size>
      </object_component>
      <object_component id="oc-363">
         <name>__TI_handler_table</name>
         <load_address>0x104</load_address>
         <run_address>0x104</run_address>
         <size>0x6</size>
      </object_component>
      <object_component id="oc-365">
         <name>.cinit..bss.load</name>
         <load_address>0x10a</load_address>
         <run_address>0x10a</run_address>
         <size>0x4</size>
      </object_component>
      <object_component id="oc-364">
         <name>__TI_cinit_table</name>
         <load_address>0x110</load_address>
         <run_address>0x110</run_address>
         <size>0x8</size>
      </object_component>
      <object_component id="oc-3d">
         <name>.stack</name>
         <uninitialized>true</uninitialized>
         <run_address>0x400</run_address>
         <size>0x0</size>
         <input_file_ref idref="fl-25"/>
      </object_component>
      <object_component id="oc-367">
         <name>.stack</name>
         <uninitialized>true</uninitialized>
         <run_address>0x400</run_address>
         <size>0x0</size>
      </object_component>
      <object_component id="oc-5a">
         <name>.bss</name>
         <uninitialized>true</uninitialized>
         <run_address>0xafc0</run_address>
         <size>0x2c</size>
         <input_file_ref idref="fl-5"/>
      </object_component>
      <object_component id="oc-8e">
         <name>.bss:AvailableI2C_slaves</name>
         <uninitialized>true</uninitialized>
         <run_address>0xafa4</run_address>
         <size>0xa</size>
         <input_file_ref idref="fl-5"/>
      </object_component>
      <object_component id="oc-9a">
         <name>.bss:TX_MsgBuffer</name>
         <uninitialized>true</uninitialized>
         <run_address>0xaf64</run_address>
         <size>0x40</size>
         <input_file_ref idref="fl-5"/>
      </object_component>
      <object_component id="oc-91">
         <name>.bss:RX_MsgBuffer</name>
         <uninitialized>true</uninitialized>
         <run_address>0xaf24</run_address>
         <size>0x40</size>
         <input_file_ref idref="fl-5"/>
      </object_component>
      <object_component id="oc-d7">
         <name>.bss</name>
         <uninitialized>true</uninitialized>
         <run_address>0xafae</run_address>
         <size>0x4</size>
         <input_file_ref idref="fl-6"/>
      </object_component>
      <object_component id="oc-ec">
         <name>.bss:UART_TxBuffer</name>
         <uninitialized>true</uninitialized>
         <run_address>0xaec0</run_address>
         <size>0x64</size>
         <input_file_ref idref="fl-6"/>
      </object_component>
      <object_component id="oc-e9">
         <name>.bss:UART_RxBuffer</name>
         <uninitialized>true</uninitialized>
         <run_address>0xae5c</run_address>
         <size>0x64</size>
         <input_file_ref idref="fl-6"/>
      </object_component>
      <object_component id="oc-d4">
         <name>.bss:ESP_RX_FIFO</name>
         <uninitialized>true</uninitialized>
         <run_address>0xac1c</run_address>
         <size>0x240</size>
         <input_file_ref idref="fl-6"/>
      </object_component>
      <object_component id="oc-cd">
         <name>.const:.string</name>
         <load_address>0xa800</load_address>
         <run_address>0xa800</run_address>
         <size>0x124</size>
         <input_file_ref idref="fl-6"/>
      </object_component>
      <object_component id="oc-1fe">
         <name>.const:.string</name>
         <load_address>0xa924</load_address>
         <run_address>0xa924</run_address>
         <size>0x9a</size>
         <input_file_ref idref="fl-19"/>
      </object_component>
      <object_component id="oc-188">
         <name>.const:.string</name>
         <load_address>0xa9be</load_address>
         <run_address>0xa9be</run_address>
         <size>0x98</size>
         <input_file_ref idref="fl-15"/>
      </object_component>
      <object_component id="oc-19b">
         <name>.const:.string</name>
         <load_address>0xaa56</load_address>
         <run_address>0xaa56</run_address>
         <size>0x97</size>
         <input_file_ref idref="fl-18"/>
      </object_component>
      <object_component id="oc-6f">
         <name>.const:.string</name>
         <load_address>0xaaee</load_address>
         <run_address>0xaaee</run_address>
         <size>0x77</size>
         <input_file_ref idref="fl-5"/>
      </object_component>
      <object_component id="oc-123">
         <name>.const:.string</name>
         <load_address>0xab66</load_address>
         <run_address>0xab66</run_address>
         <size>0x56</size>
         <input_file_ref idref="fl-4"/>
      </object_component>
      <object_component id="oc-138">
         <name>.const:.string</name>
         <load_address>0xabbc</load_address>
         <run_address>0xabbc</run_address>
         <size>0x4b</size>
         <input_file_ref idref="fl-16"/>
      </object_component>
      <object_component id="oc-148">
         <name>.const:.string</name>
         <load_address>0xac08</load_address>
         <run_address>0xac08</run_address>
         <size>0x13</size>
         <input_file_ref idref="fl-7"/>
      </object_component>
      <object_component id="oc-c1">
         <name>.data</name>
         <load_address>0xaff6</load_address>
         <run_address>0xaff6</run_address>
         <size>0x3</size>
         <input_file_ref idref="fl-5"/>
      </object_component>
      <object_component id="oc-da">
         <name>.data</name>
         <load_address>0xaff2</load_address>
         <run_address>0xaff2</run_address>
         <size>0x4</size>
         <input_file_ref idref="fl-6"/>
      </object_component>
      <object_component id="oc-272">
         <name>.data</name>
         <load_address>0xafec</load_address>
         <run_address>0xafec</run_address>
         <size>0x6</size>
         <input_file_ref idref="fl-2d"/>
      </object_component>
      <object_component id="oc-275">
         <name>.data:_lock</name>
         <load_address>0xaffa</load_address>
         <run_address>0xaffa</run_address>
         <size>0x2</size>
         <input_file_ref idref="fl-2e"/>
      </object_component>
      <object_component id="oc-32b">
         <name>.data:_unlock</name>
         <load_address>0xaffc</load_address>
         <run_address>0xaffc</run_address>
         <size>0x2</size>
         <input_file_ref idref="fl-2e"/>
      </object_component>
      <object_component id="oc-131">
         <name>.debug_types</name>
         <load_address>0x0</load_address>
         <run_address>0x0</run_address>
         <size>0xbf3</size>
         <input_file_ref idref="fl-4"/>
      </object_component>
      <object_component id="oc-c5">
         <name>.debug_types</name>
         <load_address>0xbf3</load_address>
         <run_address>0xbf3</run_address>
         <size>0x574</size>
         <input_file_ref idref="fl-5"/>
      </object_component>
      <object_component id="oc-108">
         <name>.debug_types</name>
         <load_address>0x1167</load_address>
         <run_address>0x1167</run_address>
         <size>0x5e3</size>
         <input_file_ref idref="fl-6"/>
      </object_component>
      <object_component id="oc-156">
         <name>.debug_types</name>
         <load_address>0x174a</load_address>
         <run_address>0x174a</run_address>
         <size>0xa90</size>
         <input_file_ref idref="fl-7"/>
      </object_component>
      <object_component id="oc-18a">
         <name>.debug_types</name>
         <load_address>0x21da</load_address>
         <run_address>0x21da</run_address>
         <size>0x2bd</size>
         <input_file_ref idref="fl-15"/>
      </object_component>
      <object_component id="oc-13a">
         <name>.debug_types</name>
         <load_address>0x0</load_address>
         <run_address>0x0</run_address>
         <size>0x0</size>
         <input_file_ref idref="fl-16"/>
      </object_component>
      <object_component id="oc-15f">
         <name>.debug_types</name>
         <load_address>0x0</load_address>
         <run_address>0x0</run_address>
         <size>0x0</size>
         <input_file_ref idref="fl-17"/>
      </object_component>
      <object_component id="oc-19d">
         <name>.debug_types</name>
         <load_address>0x2497</load_address>
         <run_address>0x2497</run_address>
         <size>0x2f</size>
         <input_file_ref idref="fl-18"/>
      </object_component>
      <object_component id="oc-212">
         <name>.debug_types</name>
         <load_address>0x24c6</load_address>
         <run_address>0x24c6</run_address>
         <size>0x34b</size>
         <input_file_ref idref="fl-19"/>
      </object_component>
      <object_component id="oc-23f">
         <name>.debug_types</name>
         <load_address>0x0</load_address>
         <run_address>0x0</run_address>
         <size>0x0</size>
         <input_file_ref idref="fl-28"/>
      </object_component>
      <object_component id="oc-2e4">
         <name>.debug_types</name>
         <load_address>0x2811</load_address>
         <run_address>0x2811</run_address>
         <size>0x470</size>
         <input_file_ref idref="fl-29"/>
      </object_component>
      <object_component id="oc-113">
         <name>.debug_types</name>
         <load_address>0x2c81</load_address>
         <run_address>0x2c81</run_address>
         <size>0x194</size>
         <input_file_ref idref="fl-2a"/>
      </object_component>
      <object_component id="oc-47">
         <name>.debug_types</name>
         <load_address>0x0</load_address>
         <run_address>0x0</run_address>
         <size>0x0</size>
         <input_file_ref idref="fl-2b"/>
      </object_component>
      <object_component id="oc-3f">
         <name>.debug_types</name>
         <load_address>0x2e15</load_address>
         <run_address>0x2e15</run_address>
         <size>0x191</size>
         <input_file_ref idref="fl-2c"/>
      </object_component>
      <object_component id="oc-279">
         <name>.debug_types</name>
         <load_address>0x2fa6</load_address>
         <run_address>0x2fa6</run_address>
         <size>0xbf</size>
         <input_file_ref idref="fl-2d"/>
      </object_component>
      <object_component id="oc-2ff">
         <name>.debug_types</name>
         <load_address>0x3065</load_address>
         <run_address>0x3065</run_address>
         <size>0x2f</size>
         <input_file_ref idref="fl-2e"/>
      </object_component>
      <object_component id="oc-271">
         <name>.debug_types</name>
         <load_address>0x3094</load_address>
         <run_address>0x3094</run_address>
         <size>0xe1</size>
         <input_file_ref idref="fl-2f"/>
      </object_component>
      <object_component id="oc-1b5">
         <name>.debug_types</name>
         <load_address>0x3175</load_address>
         <run_address>0x3175</run_address>
         <size>0x34</size>
         <input_file_ref idref="fl-31"/>
      </object_component>
      <object_component id="oc-1b3">
         <name>.debug_types</name>
         <load_address>0x0</load_address>
         <run_address>0x0</run_address>
         <size>0x0</size>
         <input_file_ref idref="fl-32"/>
      </object_component>
      <object_component id="oc-17f">
         <name>.debug_types</name>
         <load_address>0x0</load_address>
         <run_address>0x0</run_address>
         <size>0x0</size>
         <input_file_ref idref="fl-33"/>
      </object_component>
      <object_component id="oc-19f">
         <name>.debug_types</name>
         <load_address>0x0</load_address>
         <run_address>0x0</run_address>
         <size>0x0</size>
         <input_file_ref idref="fl-34"/>
      </object_component>
      <object_component id="oc-10e">
         <name>.debug_types</name>
         <load_address>0x31a9</load_address>
         <run_address>0x31a9</run_address>
         <size>0xb8</size>
         <input_file_ref idref="fl-36"/>
      </object_component>
      <object_component id="oc-325">
         <name>.debug_types</name>
         <load_address>0x0</load_address>
         <run_address>0x0</run_address>
         <size>0x0</size>
         <input_file_ref idref="fl-37"/>
      </object_component>
      <object_component id="oc-60">
         <name>.debug_info</name>
         <load_address>0x0</load_address>
         <run_address>0x0</run_address>
         <size>0x1e8b</size>
         <input_file_ref idref="fl-4"/>
      </object_component>
      <object_component id="oc-c2">
         <name>.debug_info</name>
         <load_address>0x1e8b</load_address>
         <run_address>0x1e8b</run_address>
         <size>0x14f</size>
         <input_file_ref idref="fl-5"/>
      </object_component>
      <object_component id="oc-5b">
         <name>.debug_info</name>
         <load_address>0x1fda</load_address>
         <run_address>0x1fda</run_address>
         <size>0x18f</size>
         <input_file_ref idref="fl-5"/>
      </object_component>
      <object_component id="oc-8f">
         <name>.debug_info</name>
         <load_address>0x2169</load_address>
         <run_address>0x2169</run_address>
         <size>0x11d</size>
         <input_file_ref idref="fl-5"/>
      </object_component>
      <object_component id="oc-9b">
         <name>.debug_info</name>
         <load_address>0x2286</load_address>
         <run_address>0x2286</run_address>
         <size>0x10f</size>
         <input_file_ref idref="fl-5"/>
      </object_component>
      <object_component id="oc-92">
         <name>.debug_info</name>
         <load_address>0x2395</load_address>
         <run_address>0x2395</run_address>
         <size>0x10f</size>
         <input_file_ref idref="fl-5"/>
      </object_component>
      <object_component id="oc-27">
         <name>.debug_info</name>
         <load_address>0x24a4</load_address>
         <run_address>0x24a4</run_address>
         <size>0x1868</size>
         <input_file_ref idref="fl-5"/>
      </object_component>
      <object_component id="oc-2c">
         <name>.debug_info</name>
         <load_address>0x3d0c</load_address>
         <run_address>0x3d0c</run_address>
         <size>0x21f</size>
         <input_file_ref idref="fl-5"/>
      </object_component>
      <object_component id="oc-db">
         <name>.debug_info</name>
         <load_address>0x3f2b</load_address>
         <run_address>0x3f2b</run_address>
         <size>0x1a0</size>
         <input_file_ref idref="fl-6"/>
      </object_component>
      <object_component id="oc-d8">
         <name>.debug_info</name>
         <load_address>0x40cb</load_address>
         <run_address>0x40cb</run_address>
         <size>0x132</size>
         <input_file_ref idref="fl-6"/>
      </object_component>
      <object_component id="oc-ed">
         <name>.debug_info</name>
         <load_address>0x41fd</load_address>
         <run_address>0x41fd</run_address>
         <size>0x118</size>
         <input_file_ref idref="fl-6"/>
      </object_component>
      <object_component id="oc-ea">
         <name>.debug_info</name>
         <load_address>0x4315</load_address>
         <run_address>0x4315</run_address>
         <size>0x118</size>
         <input_file_ref idref="fl-6"/>
      </object_component>
      <object_component id="oc-d5">
         <name>.debug_info</name>
         <load_address>0x442d</load_address>
         <run_address>0x442d</run_address>
         <size>0x114</size>
         <input_file_ref idref="fl-6"/>
      </object_component>
      <object_component id="oc-36">
         <name>.debug_info</name>
         <load_address>0x4541</load_address>
         <run_address>0x4541</run_address>
         <size>0x1b8c</size>
         <input_file_ref idref="fl-6"/>
      </object_component>
      <object_component id="oc-38">
         <name>.debug_info</name>
         <load_address>0x60cd</load_address>
         <run_address>0x60cd</run_address>
         <size>0x2cd</size>
         <input_file_ref idref="fl-6"/>
      </object_component>
      <object_component id="oc-73">
         <name>.debug_info</name>
         <load_address>0x639a</load_address>
         <run_address>0x639a</run_address>
         <size>0xf67</size>
         <input_file_ref idref="fl-7"/>
      </object_component>
      <object_component id="oc-21">
         <name>.debug_info</name>
         <load_address>0x7301</load_address>
         <run_address>0x7301</run_address>
         <size>0x133</size>
         <input_file_ref idref="fl-8"/>
      </object_component>
      <object_component id="oc-55">
         <name>.debug_info</name>
         <load_address>0x7434</load_address>
         <run_address>0x7434</run_address>
         <size>0x134</size>
         <input_file_ref idref="fl-8"/>
      </object_component>
      <object_component id="oc-185">
         <name>.debug_info</name>
         <load_address>0x7568</load_address>
         <run_address>0x7568</run_address>
         <size>0x1cf</size>
         <input_file_ref idref="fl-15"/>
      </object_component>
      <object_component id="oc-9e">
         <name>.debug_info</name>
         <load_address>0x7737</load_address>
         <run_address>0x7737</run_address>
         <size>0x247</size>
         <input_file_ref idref="fl-15"/>
      </object_component>
      <object_component id="oc-a6">
         <name>.debug_info</name>
         <load_address>0x797e</load_address>
         <run_address>0x797e</run_address>
         <size>0x230</size>
         <input_file_ref idref="fl-15"/>
      </object_component>
      <object_component id="oc-b1">
         <name>.debug_info</name>
         <load_address>0x7bae</load_address>
         <run_address>0x7bae</run_address>
         <size>0x278</size>
         <input_file_ref idref="fl-15"/>
      </object_component>
      <object_component id="oc-aa">
         <name>.debug_info</name>
         <load_address>0x7e26</load_address>
         <run_address>0x7e26</run_address>
         <size>0x258</size>
         <input_file_ref idref="fl-15"/>
      </object_component>
      <object_component id="oc-152">
         <name>.debug_info</name>
         <load_address>0x807e</load_address>
         <run_address>0x807e</run_address>
         <size>0x22c</size>
         <input_file_ref idref="fl-15"/>
      </object_component>
      <object_component id="oc-b7">
         <name>.debug_info</name>
         <load_address>0x82aa</load_address>
         <run_address>0x82aa</run_address>
         <size>0x219</size>
         <input_file_ref idref="fl-15"/>
      </object_component>
      <object_component id="oc-133">
         <name>.debug_info</name>
         <load_address>0x84c3</load_address>
         <run_address>0x84c3</run_address>
         <size>0x1d1</size>
         <input_file_ref idref="fl-16"/>
      </object_component>
      <object_component id="oc-bc">
         <name>.debug_info</name>
         <load_address>0x8694</load_address>
         <run_address>0x8694</run_address>
         <size>0x28b</size>
         <input_file_ref idref="fl-16"/>
      </object_component>
      <object_component id="oc-64">
         <name>.debug_info</name>
         <load_address>0x891f</load_address>
         <run_address>0x891f</run_address>
         <size>0x208</size>
         <input_file_ref idref="fl-16"/>
      </object_component>
      <object_component id="oc-125">
         <name>.debug_info</name>
         <load_address>0x8b27</load_address>
         <run_address>0x8b27</run_address>
         <size>0x20a</size>
         <input_file_ref idref="fl-16"/>
      </object_component>
      <object_component id="oc-12b">
         <name>.debug_info</name>
         <load_address>0x8d31</load_address>
         <run_address>0x8d31</run_address>
         <size>0x212</size>
         <input_file_ref idref="fl-16"/>
      </object_component>
      <object_component id="oc-6a">
         <name>.debug_info</name>
         <load_address>0x8f43</load_address>
         <run_address>0x8f43</run_address>
         <size>0x212</size>
         <input_file_ref idref="fl-16"/>
      </object_component>
      <object_component id="oc-175">
         <name>.debug_info</name>
         <load_address>0x9155</load_address>
         <run_address>0x9155</run_address>
         <size>0x1c8</size>
         <input_file_ref idref="fl-17"/>
      </object_component>
      <object_component id="oc-15a">
         <name>.debug_info</name>
         <load_address>0x931d</load_address>
         <run_address>0x931d</run_address>
         <size>0x1cc</size>
         <input_file_ref idref="fl-17"/>
      </object_component>
      <object_component id="oc-161">
         <name>.debug_info</name>
         <load_address>0x94e9</load_address>
         <run_address>0x94e9</run_address>
         <size>0x1e6</size>
         <input_file_ref idref="fl-17"/>
      </object_component>
      <object_component id="oc-16d">
         <name>.debug_info</name>
         <load_address>0x96cf</load_address>
         <run_address>0x96cf</run_address>
         <size>0x1cc</size>
         <input_file_ref idref="fl-17"/>
      </object_component>
      <object_component id="oc-167">
         <name>.debug_info</name>
         <load_address>0x989b</load_address>
         <run_address>0x989b</run_address>
         <size>0x1b2</size>
         <input_file_ref idref="fl-17"/>
      </object_component>
      <object_component id="oc-7c">
         <name>.debug_info</name>
         <load_address>0x9a4d</load_address>
         <run_address>0x9a4d</run_address>
         <size>0x1d9</size>
         <input_file_ref idref="fl-17"/>
      </object_component>
      <object_component id="oc-82">
         <name>.debug_info</name>
         <load_address>0x9c26</load_address>
         <run_address>0x9c26</run_address>
         <size>0x1d4</size>
         <input_file_ref idref="fl-17"/>
      </object_component>
      <object_component id="oc-89">
         <name>.debug_info</name>
         <load_address>0x9dfa</load_address>
         <run_address>0x9dfa</run_address>
         <size>0x27c</size>
         <input_file_ref idref="fl-17"/>
      </object_component>
      <object_component id="oc-198">
         <name>.debug_info</name>
         <load_address>0xa076</load_address>
         <run_address>0xa076</run_address>
         <size>0x1cf</size>
         <input_file_ref idref="fl-18"/>
      </object_component>
      <object_component id="oc-1d2">
         <name>.debug_info</name>
         <load_address>0xa245</load_address>
         <run_address>0xa245</run_address>
         <size>0x1ef</size>
         <input_file_ref idref="fl-18"/>
      </object_component>
      <object_component id="oc-1cb">
         <name>.debug_info</name>
         <load_address>0xa434</load_address>
         <run_address>0xa434</run_address>
         <size>0x1f1</size>
         <input_file_ref idref="fl-18"/>
      </object_component>
      <object_component id="oc-1b7">
         <name>.debug_info</name>
         <load_address>0xa625</load_address>
         <run_address>0xa625</run_address>
         <size>0x1f9</size>
         <input_file_ref idref="fl-18"/>
      </object_component>
      <object_component id="oc-1c5">
         <name>.debug_info</name>
         <load_address>0xa81e</load_address>
         <run_address>0xa81e</run_address>
         <size>0x20d</size>
         <input_file_ref idref="fl-18"/>
      </object_component>
      <object_component id="oc-1be">
         <name>.debug_info</name>
         <load_address>0xaa2b</load_address>
         <run_address>0xaa2b</run_address>
         <size>0x1fd</size>
         <input_file_ref idref="fl-18"/>
      </object_component>
      <object_component id="oc-1a8">
         <name>.debug_info</name>
         <load_address>0xac28</load_address>
         <run_address>0xac28</run_address>
         <size>0x1ff</size>
         <input_file_ref idref="fl-18"/>
      </object_component>
      <object_component id="oc-104">
         <name>.debug_info</name>
         <load_address>0xae27</load_address>
         <run_address>0xae27</run_address>
         <size>0x27f</size>
         <input_file_ref idref="fl-18"/>
      </object_component>
      <object_component id="oc-fc">
         <name>.debug_info</name>
         <load_address>0xb0a6</load_address>
         <run_address>0xb0a6</run_address>
         <size>0x298</size>
         <input_file_ref idref="fl-18"/>
      </object_component>
      <object_component id="oc-e5">
         <name>.debug_info</name>
         <load_address>0xb33e</load_address>
         <run_address>0xb33e</run_address>
         <size>0x208</size>
         <input_file_ref idref="fl-18"/>
      </object_component>
      <object_component id="oc-c9">
         <name>.debug_info</name>
         <load_address>0xb546</load_address>
         <run_address>0xb546</run_address>
         <size>0x20c</size>
         <input_file_ref idref="fl-18"/>
      </object_component>
      <object_component id="oc-de">
         <name>.debug_info</name>
         <load_address>0xb752</load_address>
         <run_address>0xb752</run_address>
         <size>0x232</size>
         <input_file_ref idref="fl-18"/>
      </object_component>
      <object_component id="oc-28b">
         <name>.debug_info</name>
         <load_address>0xb984</load_address>
         <run_address>0xb984</run_address>
         <size>0x215</size>
         <input_file_ref idref="fl-19"/>
      </object_component>
      <object_component id="oc-201">
         <name>.debug_info</name>
         <load_address>0xbb99</load_address>
         <run_address>0xbb99</run_address>
         <size>0x1d8</size>
         <input_file_ref idref="fl-19"/>
      </object_component>
      <object_component id="oc-30c">
         <name>.debug_info</name>
         <load_address>0xbd71</load_address>
         <run_address>0xbd71</run_address>
         <size>0x1ae</size>
         <input_file_ref idref="fl-19"/>
      </object_component>
      <object_component id="oc-314">
         <name>.debug_info</name>
         <load_address>0xbf1f</load_address>
         <run_address>0xbf1f</run_address>
         <size>0x1d2</size>
         <input_file_ref idref="fl-19"/>
      </object_component>
      <object_component id="oc-2d1">
         <name>.debug_info</name>
         <load_address>0xc0f1</load_address>
         <run_address>0xc0f1</run_address>
         <size>0x1f0</size>
         <input_file_ref idref="fl-19"/>
      </object_component>
      <object_component id="oc-29b">
         <name>.debug_info</name>
         <load_address>0xc2e1</load_address>
         <run_address>0xc2e1</run_address>
         <size>0x1f2</size>
         <input_file_ref idref="fl-19"/>
      </object_component>
      <object_component id="oc-2c6">
         <name>.debug_info</name>
         <load_address>0xc4d3</load_address>
         <run_address>0xc4d3</run_address>
         <size>0x1fc</size>
         <input_file_ref idref="fl-19"/>
      </object_component>
      <object_component id="oc-2cb">
         <name>.debug_info</name>
         <load_address>0xc6cf</load_address>
         <run_address>0xc6cf</run_address>
         <size>0x1fa</size>
         <input_file_ref idref="fl-19"/>
      </object_component>
      <object_component id="oc-2a1">
         <name>.debug_info</name>
         <load_address>0xc8c9</load_address>
         <run_address>0xc8c9</run_address>
         <size>0x1fe</size>
         <input_file_ref idref="fl-19"/>
      </object_component>
      <object_component id="oc-2a8">
         <name>.debug_info</name>
         <load_address>0xcac7</load_address>
         <run_address>0xcac7</run_address>
         <size>0x1fc</size>
         <input_file_ref idref="fl-19"/>
      </object_component>
      <object_component id="oc-2bf">
         <name>.debug_info</name>
         <load_address>0xccc3</load_address>
         <run_address>0xccc3</run_address>
         <size>0x223</size>
         <input_file_ref idref="fl-19"/>
      </object_component>
      <object_component id="oc-28f">
         <name>.debug_info</name>
         <load_address>0xcee6</load_address>
         <run_address>0xcee6</run_address>
         <size>0x1f6</size>
         <input_file_ref idref="fl-19"/>
      </object_component>
      <object_component id="oc-295">
         <name>.debug_info</name>
         <load_address>0xd0dc</load_address>
         <run_address>0xd0dc</run_address>
         <size>0x1f4</size>
         <input_file_ref idref="fl-19"/>
      </object_component>
      <object_component id="oc-2b3">
         <name>.debug_info</name>
         <load_address>0xd2d0</load_address>
         <run_address>0xd2d0</run_address>
         <size>0x227</size>
         <input_file_ref idref="fl-19"/>
      </object_component>
      <object_component id="oc-2ad">
         <name>.debug_info</name>
         <load_address>0xd4f7</load_address>
         <run_address>0xd4f7</run_address>
         <size>0x227</size>
         <input_file_ref idref="fl-19"/>
      </object_component>
      <object_component id="oc-2ba">
         <name>.debug_info</name>
         <load_address>0xd71e</load_address>
         <run_address>0xd71e</run_address>
         <size>0x296</size>
         <input_file_ref idref="fl-19"/>
      </object_component>
      <object_component id="oc-305">
         <name>.debug_info</name>
         <load_address>0xd9b4</load_address>
         <run_address>0xd9b4</run_address>
         <size>0x1de</size>
         <input_file_ref idref="fl-19"/>
      </object_component>
      <object_component id="oc-144">
         <name>.debug_info</name>
         <load_address>0xdb92</load_address>
         <run_address>0xdb92</run_address>
         <size>0x241</size>
         <input_file_ref idref="fl-19"/>
      </object_component>
      <object_component id="oc-13d">
         <name>.debug_info</name>
         <load_address>0xddd3</load_address>
         <run_address>0xddd3</run_address>
         <size>0x31b</size>
         <input_file_ref idref="fl-19"/>
      </object_component>
      <object_component id="oc-27d">
         <name>.debug_info</name>
         <load_address>0xe0ee</load_address>
         <run_address>0xe0ee</run_address>
         <size>0x221</size>
         <input_file_ref idref="fl-19"/>
      </object_component>
      <object_component id="oc-283">
         <name>.debug_info</name>
         <load_address>0xe30f</load_address>
         <run_address>0xe30f</run_address>
         <size>0x208</size>
         <input_file_ref idref="fl-19"/>
      </object_component>
      <object_component id="oc-207">
         <name>.debug_info</name>
         <load_address>0xe517</load_address>
         <run_address>0xe517</run_address>
         <size>0x22f</size>
         <input_file_ref idref="fl-19"/>
      </object_component>
      <object_component id="oc-14b">
         <name>.debug_info</name>
         <load_address>0xe746</load_address>
         <run_address>0xe746</run_address>
         <size>0x21b</size>
         <input_file_ref idref="fl-19"/>
      </object_component>
      <object_component id="oc-20d">
         <name>.debug_info</name>
         <load_address>0xe961</load_address>
         <run_address>0xe961</run_address>
         <size>0x42e</size>
         <input_file_ref idref="fl-19"/>
      </object_component>
      <object_component id="oc-11d">
         <name>.debug_info</name>
         <load_address>0xed8f</load_address>
         <run_address>0xed8f</run_address>
         <size>0x158</size>
         <input_file_ref idref="fl-25"/>
      </object_component>
      <object_component id="oc-77">
         <name>.debug_info</name>
         <load_address>0xeee7</load_address>
         <run_address>0xeee7</run_address>
         <size>0x163</size>
         <input_file_ref idref="fl-27"/>
      </object_component>
      <object_component id="oc-1e2">
         <name>.debug_info</name>
         <load_address>0xf04a</load_address>
         <run_address>0xf04a</run_address>
         <size>0x14d</size>
         <input_file_ref idref="fl-28"/>
      </object_component>
      <object_component id="oc-244">
         <name>.debug_info</name>
         <load_address>0xf197</load_address>
         <run_address>0xf197</run_address>
         <size>0x1bf</size>
         <input_file_ref idref="fl-29"/>
      </object_component>
      <object_component id="oc-49">
         <name>.debug_info</name>
         <load_address>0xf356</load_address>
         <run_address>0xf356</run_address>
         <size>0x1b6</size>
         <input_file_ref idref="fl-2a"/>
      </object_component>
      <object_component id="oc-1a">
         <name>.debug_info</name>
         <load_address>0xf50c</load_address>
         <run_address>0xf50c</run_address>
         <size>0x1b7</size>
         <input_file_ref idref="fl-2b"/>
      </object_component>
      <object_component id="oc-17">
         <name>.debug_info</name>
         <load_address>0xf6c3</load_address>
         <run_address>0xf6c3</run_address>
         <size>0x20c</size>
         <input_file_ref idref="fl-2c"/>
      </object_component>
      <object_component id="oc-273">
         <name>.debug_info</name>
         <load_address>0xf8cf</load_address>
         <run_address>0xf8cf</run_address>
         <size>0x19e</size>
         <input_file_ref idref="fl-2d"/>
      </object_component>
      <object_component id="oc-1ef">
         <name>.debug_info</name>
         <load_address>0xfa6d</load_address>
         <run_address>0xfa6d</run_address>
         <size>0x1a9</size>
         <input_file_ref idref="fl-2d"/>
      </object_component>
      <object_component id="oc-276">
         <name>.debug_info</name>
         <load_address>0xfc16</load_address>
         <run_address>0xfc16</run_address>
         <size>0x107</size>
         <input_file_ref idref="fl-2e"/>
      </object_component>
      <object_component id="oc-32c">
         <name>.debug_info</name>
         <load_address>0xfd1d</load_address>
         <run_address>0xfd1d</run_address>
         <size>0x10b</size>
         <input_file_ref idref="fl-2e"/>
      </object_component>
      <object_component id="oc-2fb">
         <name>.debug_info</name>
         <load_address>0xfe28</load_address>
         <run_address>0xfe28</run_address>
         <size>0x203</size>
         <input_file_ref idref="fl-2e"/>
      </object_component>
      <object_component id="oc-1e9">
         <name>.debug_info</name>
         <load_address>0x1002b</load_address>
         <run_address>0x1002b</run_address>
         <size>0x15d</size>
         <input_file_ref idref="fl-2f"/>
      </object_component>
      <object_component id="oc-f6">
         <name>.debug_info</name>
         <load_address>0x10188</load_address>
         <run_address>0x10188</run_address>
         <size>0x1f2</size>
         <input_file_ref idref="fl-31"/>
      </object_component>
      <object_component id="oc-f0">
         <name>.debug_info</name>
         <load_address>0x1037a</load_address>
         <run_address>0x1037a</run_address>
         <size>0x1e5</size>
         <input_file_ref idref="fl-32"/>
      </object_component>
      <object_component id="oc-95">
         <name>.debug_info</name>
         <load_address>0x1055f</load_address>
         <run_address>0x1055f</run_address>
         <size>0x1c7</size>
         <input_file_ref idref="fl-33"/>
      </object_component>
      <object_component id="oc-d2">
         <name>.debug_info</name>
         <load_address>0x10726</load_address>
         <run_address>0x10726</run_address>
         <size>0x20f</size>
         <input_file_ref idref="fl-34"/>
      </object_component>
      <object_component id="oc-42">
         <name>.debug_info</name>
         <load_address>0x10935</load_address>
         <run_address>0x10935</run_address>
         <size>0x19b</size>
         <input_file_ref idref="fl-36"/>
      </object_component>
      <object_component id="oc-2df">
         <name>.debug_info</name>
         <load_address>0x10ad0</load_address>
         <run_address>0x10ad0</run_address>
         <size>0x147</size>
         <input_file_ref idref="fl-37"/>
      </object_component>
      <object_component id="oc-36c">
         <name>.debug_info</name>
         <load_address>0x10c17</load_address>
         <run_address>0x10c17</run_address>
         <size>0xd3</size>
      </object_component>
      <object_component id="oc-62">
         <name>.debug_line</name>
         <load_address>0x0</load_address>
         <run_address>0x0</run_address>
         <size>0x5ac</size>
         <input_file_ref idref="fl-4"/>
      </object_component>
      <object_component id="oc-1f8">
         <name>.debug_line</name>
         <load_address>0x5ac</load_address>
         <run_address>0x5ac</run_address>
         <size>0xb5</size>
         <input_file_ref idref="fl-4"/>
      </object_component>
      <object_component id="oc-191">
         <name>.debug_line</name>
         <load_address>0x661</load_address>
         <run_address>0x661</run_address>
         <size>0x2e</size>
         <input_file_ref idref="fl-5"/>
      </object_component>
      <object_component id="oc-122">
         <name>.debug_line</name>
         <load_address>0x68f</load_address>
         <run_address>0x68f</run_address>
         <size>0x2e</size>
         <input_file_ref idref="fl-5"/>
      </object_component>
      <object_component id="oc-17b">
         <name>.debug_line</name>
         <load_address>0x6bd</load_address>
         <run_address>0x6bd</run_address>
         <size>0x2e</size>
         <input_file_ref idref="fl-5"/>
      </object_component>
      <object_component id="oc-181">
         <name>.debug_line</name>
         <load_address>0x6eb</load_address>
         <run_address>0x6eb</run_address>
         <size>0x2e</size>
         <input_file_ref idref="fl-5"/>
      </object_component>
      <object_component id="oc-17d">
         <name>.debug_line</name>
         <load_address>0x719</load_address>
         <run_address>0x719</run_address>
         <size>0x2e</size>
         <input_file_ref idref="fl-5"/>
      </object_component>
      <object_component id="oc-2b">
         <name>.debug_line</name>
         <load_address>0x747</load_address>
         <run_address>0x747</run_address>
         <size>0x431</size>
         <input_file_ref idref="fl-5"/>
      </object_component>
      <object_component id="oc-30">
         <name>.debug_line</name>
         <load_address>0xb78</load_address>
         <run_address>0xb78</run_address>
         <size>0x69</size>
         <input_file_ref idref="fl-5"/>
      </object_component>
      <object_component id="oc-193">
         <name>.debug_line</name>
         <load_address>0xbe1</load_address>
         <run_address>0xbe1</run_address>
         <size>0x2d3</size>
         <input_file_ref idref="fl-5"/>
      </object_component>
      <object_component id="oc-1a5">
         <name>.debug_line</name>
         <load_address>0xeb4</load_address>
         <run_address>0xeb4</run_address>
         <size>0x35</size>
         <input_file_ref idref="fl-6"/>
      </object_component>
      <object_component id="oc-1a3">
         <name>.debug_line</name>
         <load_address>0xee9</load_address>
         <run_address>0xee9</run_address>
         <size>0x35</size>
         <input_file_ref idref="fl-6"/>
      </object_component>
      <object_component id="oc-1b1">
         <name>.debug_line</name>
         <load_address>0xf1e</load_address>
         <run_address>0xf1e</run_address>
         <size>0x35</size>
         <input_file_ref idref="fl-6"/>
      </object_component>
      <object_component id="oc-1af">
         <name>.debug_line</name>
         <load_address>0xf53</load_address>
         <run_address>0xf53</run_address>
         <size>0x35</size>
         <input_file_ref idref="fl-6"/>
      </object_component>
      <object_component id="oc-1a1">
         <name>.debug_line</name>
         <load_address>0xf88</load_address>
         <run_address>0xf88</run_address>
         <size>0x35</size>
         <input_file_ref idref="fl-6"/>
      </object_component>
      <object_component id="oc-33">
         <name>.debug_line</name>
         <load_address>0xfbd</load_address>
         <run_address>0xfbd</run_address>
         <size>0x49d</size>
         <input_file_ref idref="fl-6"/>
      </object_component>
      <object_component id="oc-3b">
         <name>.debug_line</name>
         <load_address>0x145a</load_address>
         <run_address>0x145a</run_address>
         <size>0xbb</size>
         <input_file_ref idref="fl-6"/>
      </object_component>
      <object_component id="oc-1d7">
         <name>.debug_line</name>
         <load_address>0x1515</load_address>
         <run_address>0x1515</run_address>
         <size>0x14b</size>
         <input_file_ref idref="fl-6"/>
      </object_component>
      <object_component id="oc-75">
         <name>.debug_line</name>
         <load_address>0x1660</load_address>
         <run_address>0x1660</run_address>
         <size>0x28d</size>
         <input_file_ref idref="fl-7"/>
      </object_component>
      <object_component id="oc-217">
         <name>.debug_line</name>
         <load_address>0x18ed</load_address>
         <run_address>0x18ed</run_address>
         <size>0x6d</size>
         <input_file_ref idref="fl-7"/>
      </object_component>
      <object_component id="oc-24">
         <name>.debug_line</name>
         <load_address>0x195a</load_address>
         <run_address>0x195a</run_address>
         <size>0x55</size>
         <input_file_ref idref="fl-8"/>
      </object_component>
      <object_component id="oc-58">
         <name>.debug_line</name>
         <load_address>0x19af</load_address>
         <run_address>0x19af</run_address>
         <size>0x5d</size>
         <input_file_ref idref="fl-8"/>
      </object_component>
      <object_component id="oc-184">
         <name>.debug_line</name>
         <load_address>0x1a0c</load_address>
         <run_address>0x1a0c</run_address>
         <size>0x86</size>
         <input_file_ref idref="fl-15"/>
      </object_component>
      <object_component id="oc-a1">
         <name>.debug_line</name>
         <load_address>0x1a92</load_address>
         <run_address>0x1a92</run_address>
         <size>0x90</size>
         <input_file_ref idref="fl-15"/>
      </object_component>
      <object_component id="oc-a5">
         <name>.debug_line</name>
         <load_address>0x1b22</load_address>
         <run_address>0x1b22</run_address>
         <size>0x9f</size>
         <input_file_ref idref="fl-15"/>
      </object_component>
      <object_component id="oc-b4">
         <name>.debug_line</name>
         <load_address>0x1bc1</load_address>
         <run_address>0x1bc1</run_address>
         <size>0x8d</size>
         <input_file_ref idref="fl-15"/>
      </object_component>
      <object_component id="oc-ae">
         <name>.debug_line</name>
         <load_address>0x1c4e</load_address>
         <run_address>0x1c4e</run_address>
         <size>0x8d</size>
         <input_file_ref idref="fl-15"/>
      </object_component>
      <object_component id="oc-151">
         <name>.debug_line</name>
         <load_address>0x1cdb</load_address>
         <run_address>0x1cdb</run_address>
         <size>0x91</size>
         <input_file_ref idref="fl-15"/>
      </object_component>
      <object_component id="oc-ba">
         <name>.debug_line</name>
         <load_address>0x1d6c</load_address>
         <run_address>0x1d6c</run_address>
         <size>0x8d</size>
         <input_file_ref idref="fl-15"/>
      </object_component>
      <object_component id="oc-226">
         <name>.debug_line</name>
         <load_address>0x1df9</load_address>
         <run_address>0x1df9</run_address>
         <size>0xc0</size>
         <input_file_ref idref="fl-15"/>
      </object_component>
      <object_component id="oc-136">
         <name>.debug_line</name>
         <load_address>0x1eb9</load_address>
         <run_address>0x1eb9</run_address>
         <size>0x85</size>
         <input_file_ref idref="fl-16"/>
      </object_component>
      <object_component id="oc-bf">
         <name>.debug_line</name>
         <load_address>0x1f3e</load_address>
         <run_address>0x1f3e</run_address>
         <size>0xa4</size>
         <input_file_ref idref="fl-16"/>
      </object_component>
      <object_component id="oc-68">
         <name>.debug_line</name>
         <load_address>0x1fe2</load_address>
         <run_address>0x1fe2</run_address>
         <size>0x96</size>
         <input_file_ref idref="fl-16"/>
      </object_component>
      <object_component id="oc-129">
         <name>.debug_line</name>
         <load_address>0x2078</load_address>
         <run_address>0x2078</run_address>
         <size>0x96</size>
         <input_file_ref idref="fl-16"/>
      </object_component>
      <object_component id="oc-12e">
         <name>.debug_line</name>
         <load_address>0x210e</load_address>
         <run_address>0x210e</run_address>
         <size>0x93</size>
         <input_file_ref idref="fl-16"/>
      </object_component>
      <object_component id="oc-6e">
         <name>.debug_line</name>
         <load_address>0x21a1</load_address>
         <run_address>0x21a1</run_address>
         <size>0x90</size>
         <input_file_ref idref="fl-16"/>
      </object_component>
      <object_component id="oc-1fc">
         <name>.debug_line</name>
         <load_address>0x2231</load_address>
         <run_address>0x2231</run_address>
         <size>0xbf</size>
         <input_file_ref idref="fl-16"/>
      </object_component>
      <object_component id="oc-174">
         <name>.debug_line</name>
         <load_address>0x22f0</load_address>
         <run_address>0x22f0</run_address>
         <size>0x8b</size>
         <input_file_ref idref="fl-17"/>
      </object_component>
      <object_component id="oc-159">
         <name>.debug_line</name>
         <load_address>0x237b</load_address>
         <run_address>0x237b</run_address>
         <size>0x8b</size>
         <input_file_ref idref="fl-17"/>
      </object_component>
      <object_component id="oc-164">
         <name>.debug_line</name>
         <load_address>0x2406</load_address>
         <run_address>0x2406</run_address>
         <size>0x91</size>
         <input_file_ref idref="fl-17"/>
      </object_component>
      <object_component id="oc-170">
         <name>.debug_line</name>
         <load_address>0x2497</load_address>
         <run_address>0x2497</run_address>
         <size>0x89</size>
         <input_file_ref idref="fl-17"/>
      </object_component>
      <object_component id="oc-16a">
         <name>.debug_line</name>
         <load_address>0x2520</load_address>
         <run_address>0x2520</run_address>
         <size>0x89</size>
         <input_file_ref idref="fl-17"/>
      </object_component>
      <object_component id="oc-7f">
         <name>.debug_line</name>
         <load_address>0x25a9</load_address>
         <run_address>0x25a9</run_address>
         <size>0xa6</size>
         <input_file_ref idref="fl-17"/>
      </object_component>
      <object_component id="oc-85">
         <name>.debug_line</name>
         <load_address>0x264f</load_address>
         <run_address>0x264f</run_address>
         <size>0x9f</size>
         <input_file_ref idref="fl-17"/>
      </object_component>
      <object_component id="oc-8c">
         <name>.debug_line</name>
         <load_address>0x26ee</load_address>
         <run_address>0x26ee</run_address>
         <size>0x9f</size>
         <input_file_ref idref="fl-17"/>
      </object_component>
      <object_component id="oc-21b">
         <name>.debug_line</name>
         <load_address>0x278d</load_address>
         <run_address>0x278d</run_address>
         <size>0x21</size>
         <input_file_ref idref="fl-17"/>
      </object_component>
      <object_component id="oc-197">
         <name>.debug_line</name>
         <load_address>0x27ae</load_address>
         <run_address>0x27ae</run_address>
         <size>0x85</size>
         <input_file_ref idref="fl-18"/>
      </object_component>
      <object_component id="oc-1d1">
         <name>.debug_line</name>
         <load_address>0x2833</load_address>
         <run_address>0x2833</run_address>
         <size>0x86</size>
         <input_file_ref idref="fl-18"/>
      </object_component>
[...]
      <handler>
         <index>0x0</index>
         <name>__TI_zero_init</name>
      </handler>
      <handler>
         <index>0x1</index>
         <name>__TI_decompress_lzss</name>
      </handler>
      <handler>
         <index>0x2</index>
         <name>__TI_decompress_none</name>
      </handler>
   </handler_table>
   <symbol_table>
      <symbol id="sm-1">
         <name>__TI_CINIT_Base</name>
         <value>0x110</value>
      </symbol>
      <symbol id="sm-2">
         <name>__TI_CINIT_Limit</name>
         <value>0x118</value>
      </symbol>
      <symbol id="sm-3">
         <name>__TI_CINIT_Warm</name>
         <value>0x118</value>
      </symbol>
      <symbol id="sm-4">
         <name>__TI_Handler_Table_Base</name>
         <value>0x104</value>
      </symbol>
      <symbol id="sm-5">
         <name>__TI_Handler_Table_Limit</name>
         <value>0x10a</value>
      </symbol>
      <symbol id="sm-6">
         <name>__TI_STACK_SIZE</name>
         <value>0x100</value>
      </symbol>
      <symbol id="sm-7">
         <name>__TI_STACK_END</name>
         <value>0x500</value>
      </symbol>
      <symbol id="sm-8">
         <name>__TI_pprof_out_hndl</name>
         <value>0xffffffff</value>
      </symbol>
      <symbol id="sm-9">
         <name>__TI_prof_data_start</name>
         <value>0xffffffff</value>
      </symbol>
      <symbol id="sm-a">
         <name>__TI_prof_data_size</name>
         <value>0xffffffff</value>
      </symbol>
      <symbol id="sm-97">
         <name>I2C_MasterReceiver</name>
         <value>0x82af</value>
         <object_component_ref idref="oc-5d"/>
      </symbol>
      <symbol id="sm-98">
         <name>checkBusStatus</name>
         <value>0x82e4</value>
         <object_component_ref idref="oc-5d"/>
      </symbol>
      <symbol id="sm-99">
         <name>handleNACK</name>
         <value>0x82f8</value>
         <object_component_ref idref="oc-5d"/>
      </symbol>
      <symbol id="sm-9a">
         <name>I2CBusScan</name>
         <value>0x81a6</value>
         <object_component_ref idref="oc-5d"/>
      </symbol>
      <symbol id="sm-9b">
         <name>I2C_MasterTransmitter</name>
         <value>0x8260</value>
         <object_component_ref idref="oc-5d"/>
      </symbol>
      <symbol id="sm-9c">
         <name>handleI2C_ErrorCondition</name>
         <value>0x8311</value>
         <object_component_ref idref="oc-5d"/>
      </symbol>
      <symbol id="sm-9d">
         <name>Write_Read_TX_RX_FIFO</name>
         <value>0x83ce</value>
         <object_component_ref idref="oc-5d"/>
      </symbol>
      <symbol id="sm-9e">
         <name>I2C_TransmitSlaveAddress_ControlBytes</name>
         <value>0x820d</value>
         <object_component_ref idref="oc-5d"/>
      </symbol>
      <symbol id="sm-107">
         <name>currentResponderPtr</name>
         <value>0xafc0</value>
         <object_component_ref idref="oc-5a"/>
      </symbol>
      <symbol id="sm-108">
         <name>EEPROM</name>
         <value>0xafc4</value>
         <object_component_ref idref="oc-5a"/>
      </symbol>
      <symbol id="sm-109">
         <name>TX_MsgBuffer</name>
         <value>0xaf64</value>
         <object_component_ref idref="oc-9a"/>
      </symbol>
      <symbol id="sm-10a">
         <name>reverse</name>
         <value>0x8d0b</value>
         <object_component_ref idref="oc-26"/>
      </symbol>
      <symbol id="sm-10b">
         <name>AvailableI2C_slaves</name>
         <value>0xafa4</value>
         <object_component_ref idref="oc-8e"/>
      </symbol>
      <symbol id="sm-10c">
         <name>failCount</name>
         <value>0xaff7</value>
         <object_component_ref idref="oc-c1"/>
      </symbol>
      <symbol id="sm-10d">
         <name>ControlAddr</name>
         <value>0xafc2</value>
         <object_component_ref idref="oc-5a"/>
      </symbol>
      <symbol id="sm-10e">
         <name>RX_MsgBuffer</name>
         <value>0xaf24</value>
         <object_component_ref idref="oc-91"/>
      </symbol>
      <symbol id="sm-10f">
         <name>i2cFIFO_isr</name>
         <value>0x910f</value>
         <object_component_ref idref="oc-25"/>
      </symbol>
      <symbol id="sm-110">
         <name>I2C_GPIO_init</name>
         <value>0x8e50</value>
         <object_component_ref idref="oc-26"/>
      </symbol>
      <symbol id="sm-111">
         <name>main</name>
         <value>0x8d74</value>
         <object_component_ref idref="oc-26"/>
      </symbol>
      <symbol id="sm-112">
         <name>passCount</name>
         <value>0xaff6</value>
         <object_component_ref idref="oc-c1"/>
      </symbol>
      <symbol id="sm-113">
         <name>swap</name>
         <value>0x8cfd</value>
         <object_component_ref idref="oc-26"/>
      </symbol>
      <symbol id="sm-114">
         <name>status</name>
         <value>0xaff8</value>
         <object_component_ref idref="oc-c1"/>
      </symbol>
      <symbol id="sm-115">
         <name>main_</name>
         <value>0x8d98</value>
         <object_component_ref idref="oc-26"/>
      </symbol>
      <symbol id="sm-116">
         <name>pass</name>
         <value>0x8e2a</value>
         <object_component_ref idref="oc-26"/>
      </symbol>
      <symbol id="sm-117">
         <name>i2c_isr</name>
         <value>0x90c0</value>
         <object_component_ref idref="oc-25"/>
      </symbol>
      <symbol id="sm-118">
         <name>fail</name>
         <value>0x8e2c</value>
         <object_component_ref idref="oc-26"/>
      </symbol>
      <symbol id="sm-119">
         <name>TempSensor</name>
         <value>0xafd8</value>
         <object_component_ref idref="oc-5a"/>
      </symbol>
      <symbol id="sm-11a">
         <name>itoa</name>
         <value>0x8d28</value>
         <object_component_ref idref="oc-26"/>
      </symbol>
      <symbol id="sm-11b">
         <name>I2Cinit</name>
         <value>0x8e7f</value>
         <object_component_ref idref="oc-26"/>
      </symbol>
      <symbol id="sm-11c">
         <name>verifyEEPROMRead</name>
         <value>0x8e2e</value>
         <object_component_ref idref="oc-26"/>
      </symbol>
      <symbol id="sm-196">
         <name>UART_transmitPlain</name>
         <value>0x8a70</value>
         <object_component_ref idref="oc-32"/>
      </symbol>
      <symbol id="sm-197">
         <name>CONNECTION_ID</name>
         <value>0xafae</value>
         <object_component_ref idref="oc-d7"/>
      </symbol>
      <symbol id="sm-198">
         <name>UART_RxBuffer</name>
         <value>0xae5c</value>
         <object_component_ref idref="oc-e9"/>
      </symbol>
      <symbol id="sm-199">
         <name>UART_resetRxBuffer</name>
         <value>0x89b7</value>
         <object_component_ref idref="oc-32"/>
      </symbol>
      <symbol id="sm-19a">
         <name>ESP_RX_FIFO</name>
         <value>0xac1c</value>
         <object_component_ref idref="oc-d4"/>
      </symbol>
      <symbol id="sm-19b">
         <name>ESP_RX_FIFO_PutI</name>
         <value>0xaff4</value>
         <object_component_ref idref="oc-da"/>
      </symbol>
      <symbol id="sm-19c">
         <name>msg</name>
         <value>0xafb0</value>
         <object_component_ref idref="oc-d7"/>
      </symbol>
      <symbol id="sm-19d">
         <name>UART_printRxBuffer</name>
         <value>0x89cc</value>
         <object_component_ref idref="oc-32"/>
      </symbol>
      <symbol id="sm-19e">
         <name>UART_sendCommand</name>
         <value>0x8a55</value>
         <object_component_ref idref="oc-32"/>
      </symbol>
      <symbol id="sm-19f">
         <name>UART_transmitString</name>
         <value>0x89e8</value>
         <object_component_ref idref="oc-32"/>
      </symbol>
      <symbol id="sm-1a0">
         <name>ESP_DisableRXInts</name>
         <value>0x8999</value>
         <object_component_ref idref="oc-32"/>
      </symbol>
      <symbol id="sm-1a1">
         <name>UART_init</name>
         <value>0x8aab</value>
         <object_component_ref idref="oc-32"/>
      </symbol>
      <symbol id="sm-1a2">
         <name>UART_TxBuffer</name>
         <value>0xaec0</value>
         <object_component_ref idref="oc-ec"/>
      </symbol>
      <symbol id="sm-1a3">
         <name>UART_RxIndex</name>
         <value>0xaff3</value>
         <object_component_ref idref="oc-da"/>
      </symbol>
      <symbol id="sm-1a4">
         <name>ESP_Init</name>
         <value>0x8a86</value>
         <object_component_ref idref="oc-32"/>
      </symbol>
      <symbol id="sm-1a5">
         <name>counter</name>
         <value>0xaff2</value>
         <object_component_ref idref="oc-da"/>
      </symbol>
      <symbol id="sm-1a6">
         <name>ESP_EnableRXInts</name>
         <value>0x897b</value>
         <object_component_ref idref="oc-32"/>
      </symbol>
      <symbol id="sm-1a7">
         <name>ESP_RX_FIFO_GetI</name>
         <value>0xaff5</value>
         <object_component_ref idref="oc-da"/>
      </symbol>
      <symbol id="sm-1a8">
         <name>scibTxISR</name>
         <value>0x8680</value>
         <object_component_ref idref="oc-31"/>
      </symbol>
      <symbol id="sm-1a9">
         <name>ESP_OutString</name>
         <value>0x8a22</value>
         <object_component_ref idref="oc-32"/>
      </symbol>
      <symbol id="sm-1aa">
         <name>scibRxISR</name>
         <value>0x86c0</value>
         <object_component_ref idref="oc-31"/>
      </symbol>
      <symbol id="sm-1ab">
         <name>ESP_SendCommand</name>
         <value>0x8a04</value>
         <object_component_ref idref="oc-32"/>
      </symbol>
      <symbol id="sm-1ac">
         <name>ESP_OutCharArr</name>
         <value>0x8a3b</value>
         <object_component_ref idref="oc-32"/>
      </symbol>
      <symbol id="sm-1c3">
         <name>Device_enableAllPeripherals</name>
         <value>0x8589</value>
         <object_component_ref idref="oc-70"/>
      </symbol>
      <symbol id="sm-1c4">
         <name>Device_initGPIO</name>
         <value>0x8669</value>
         <object_component_ref idref="oc-70"/>
      </symbol>
      <symbol id="sm-1c5">
         <name>Device_init</name>
         <value>0x8538</value>
         <object_component_ref idref="oc-70"/>
      </symbol>
      <symbol id="sm-1c6">
         <name>__error__</name>
         <value>0x8679</value>
         <object_component_ref idref="oc-70"/>
      </symbol>
      <symbol id="sm-1d5">
         <name>code_start</name>
         <value>0x0</value>
         <object_component_ref idref="oc-20"/>
      </symbol>
      <symbol id="sm-223">
         <name>GPIO_setQualificationMode</name>
         <value>0x947a</value>
         <object_component_ref idref="oc-af"/>
      </symbol>
      <symbol id="sm-224">
         <name>GPIO_setPadConfig</name>
         <value>0x8fad</value>
         <object_component_ref idref="oc-a3"/>
      </symbol>
      <symbol id="sm-225">
         <name>GPIO_setAnalogMode</name>
         <value>0x9407</value>
         <object_component_ref idref="oc-14f"/>
      </symbol>
      <symbol id="sm-226">
         <name>GPIO_setDirectionMode</name>
         <value>0x951d</value>
         <object_component_ref idref="oc-9d"/>
      </symbol>
      <symbol id="sm-227">
         <name>GPIO_setPinConfig</name>
         <value>0x94b2</value>
         <object_component_ref idref="oc-b5"/>
      </symbol>
      <symbol id="sm-228">
         <name>GPIO_setMasterCore</name>
         <value>0x9442</value>
         <object_component_ref idref="oc-a9"/>
      </symbol>
      <symbol id="sm-274">
         <name>I2C_disableInterrupt</name>
         <value>0x957f</value>
         <object_component_ref idref="oc-124"/>
      </symbol>
      <symbol id="sm-275">
         <name>I2C_getInterruptStatus</name>
         <value>0x96fe</value>
         <object_component_ref idref="oc-12a"/>
      </symbol>
      <symbol id="sm-276">
         <name>I2C_clearInterruptStatus</name>
         <value>0x96dd</value>
         <object_component_ref idref="oc-69"/>
      </symbol>
      <symbol id="sm-277">
         <name>I2C_initMaster</name>
         <value>0x91bc</value>
         <object_component_ref idref="oc-bb"/>
      </symbol>
      <symbol id="sm-278">
         <name>I2C_enableInterrupt</name>
         <value>0x95ab</value>
         <object_component_ref idref="oc-63"/>
      </symbol>
      <symbol id="sm-2ca">
         <name>Interrupt_initModule</name>
         <value>0x93ca</value>
         <object_component_ref idref="oc-7b"/>
      </symbol>
      <symbol id="sm-2cb">
         <name>Interrupt_enable</name>
         <value>0x94e9</value>
         <object_component_ref idref="oc-88"/>
      </symbol>
      <symbol id="sm-2cc">
         <name>Interrupt_initVectorTable</name>
         <value>0x973e</value>
         <object_component_ref idref="oc-81"/>
      </symbol>
      <symbol id="sm-357">
         <name>SCI_clearInterruptStatus</name>
         <value>0x927b</value>
         <object_component_ref idref="oc-dd"/>
      </symbol>
      <symbol id="sm-358">
         <name>SCI_writeCharArray</name>
         <value>0x934b</value>
         <object_component_ref idref="oc-fb"/>
      </symbol>
      <symbol id="sm-359">
         <name>SCI_disableInterrupt</name>
         <value>0x92c1</value>
         <object_component_ref idref="oc-c7"/>
      </symbol>
      <symbol id="sm-35a">
         <name>SCI_setConfig</name>
         <value>0x938c</value>
         <object_component_ref idref="oc-101"/>
      </symbol>
      <symbol id="sm-35b">
         <name>SCI_enableInterrupt</name>
         <value>0x9307</value>
         <object_component_ref idref="oc-e3"/>
      </symbol>
      <symbol id="sm-46d">
         <name>SysCtl_isPLLValid</name>
         <value>0x9000</value>
         <object_component_ref idref="oc-20b"/>
      </symbol>
      <symbol id="sm-46e">
         <name>SysCtl_delay</name>
         <value>0xf6</value>
         <object_component_ref idref="oc-87"/>
      </symbol>
      <symbol id="sm-46f">
         <name>SysCtl_selectXTALSingleEnded</name>
         <value>0x97cb</value>
         <object_component_ref idref="oc-281"/>
      </symbol>
      <symbol id="sm-470">
         <name>SysCtl_selectXTAL</name>
         <value>0x9675</value>
         <object_component_ref idref="oc-27b"/>
      </symbol>
      <symbol id="sm-471">
         <name>SysCtl_selectOscSource</name>
         <value>0x9220</value>
         <object_component_ref idref="oc-205"/>
      </symbol>
      <symbol id="sm-472">
         <name>SysCtl_getLowSpeedClock</name>
         <value>0x97b1</value>
         <object_component_ref idref="oc-149"/>
      </symbol>
      <symbol id="sm-473">
         <name>SysCtl_setClock</name>
         <value>0x8ee6</value>
         <object_component_ref idref="oc-13c"/>
      </symbol>
      <symbol id="sm-474">
         <name>SysCtl_getClock</name>
         <value>0x87a2</value>
         <object_component_ref idref="oc-142"/>
      </symbol>
      <symbol id="sm-47e">
         <name>_c_int00</name>
         <value>0x985e</value>
         <object_component_ref idref="oc-11b"/>
      </symbol>
      <symbol id="sm-47f">
         <name>__stack</name>
         <value>0x400</value>
         <object_component_ref idref="oc-3d"/>
      </symbol>
      <symbol id="sm-48a">
         <name>__c28xabi_modi</name>
         <value>0x96cc</value>
         <object_component_ref idref="oc-76"/>
      </symbol>
      <symbol id="sm-48b">
         <name>__c28xabi_divi</name>
         <value>0x96bb</value>
         <object_component_ref idref="oc-76"/>
      </symbol>
      <symbol id="sm-498">
         <name>_system_pre_init</name>
         <value>0x9a01</value>
         <object_component_ref idref="oc-1e1"/>
      </symbol>
      <symbol id="sm-4a7">
         <name>__TI_auto_init_nobinit_nopinit</name>
         <value>0x95d6</value>
         <object_component_ref idref="oc-240"/>
      </symbol>
      <symbol id="sm-4b6">
         <name>__TI_zero_init_nomemset</name>
         <value>0x99a5</value>
         <object_component_ref idref="oc-48"/>
      </symbol>
      <symbol id="sm-4c3">
         <name>__TI_decompress_none</name>
         <value>0x99db</value>
         <object_component_ref idref="oc-19"/>
      </symbol>
      <symbol id="sm-4d7">
         <name>__TI_decompress_lzss</name>
         <value>0x954e</value>
         <object_component_ref idref="oc-13"/>
      </symbol>
      <symbol id="sm-4ed">
         <name>C$$EXIT</name>
         <value>0x9601</value>
         <object_component_ref idref="oc-1ee"/>
      </symbol>
      <symbol id="sm-4ee">
         <name>abort</name>
         <value>0x9601</value>
         <object_component_ref idref="oc-1ee"/>
      </symbol>
      <symbol id="sm-4ef">
         <name>exit</name>
         <value>0x9603</value>
         <object_component_ref idref="oc-1ee"/>
      </symbol>
      <symbol id="sm-4f0">
         <name>__TI_dtors_ptr</name>
         <value>0xaff0</value>
         <object_component_ref idref="oc-272"/>
      </symbol>
      <symbol id="sm-4f1">
         <name>__TI_cleanup_ptr</name>
         <value>0xafee</value>
         <object_component_ref idref="oc-272"/>
      </symbol>
      <symbol id="sm-4f2">
         <name>__TI_enable_exit_profile_output</name>
         <value>0xafec</value>
         <object_component_ref idref="oc-272"/>
      </symbol>
      <symbol id="sm-509">
         <name>_nop</name>
         <value>0x99d1</value>
         <object_component_ref idref="oc-2f7"/>
      </symbol>
      <symbol id="sm-50a">
         <name>_lock</name>
         <value>0xaffa</value>
         <object_component_ref idref="oc-275"/>
      </symbol>
      <symbol id="sm-50b">
         <name>_unlock</name>
         <value>0xaffc</value>
         <object_component_ref idref="oc-32b"/>
      </symbol>
      <symbol id="sm-50c">
         <name>_register_lock</name>
         <value>0x99cd</value>
         <object_component_ref idref="oc-2f7"/>
      </symbol>
      <symbol id="sm-50d">
         <name>_register_unlock</name>
         <value>0x99c9</value>
         <object_component_ref idref="oc-2f7"/>
      </symbol>
      <symbol id="sm-51c">
         <name>_args_main</name>
         <value>0x99b2</value>
         <object_component_ref idref="oc-1e8"/>
      </symbol>
      <symbol id="sm-52d">
         <name>strcat</name>
         <value>0x99d2</value>
         <object_component_ref idref="oc-f5"/>
      </symbol>
      <symbol id="sm-53b">
         <name>strcpy</name>
         <value>0x99fa</value>
         <object_component_ref idref="oc-ef"/>
      </symbol>
      <symbol id="sm-549">
         <name>strlen</name>
         <value>0x99eb</value>
         <object_component_ref idref="oc-94"/>
      </symbol>
      <symbol id="sm-559">
         <name>strncmp</name>
         <value>0x98cd</value>
         <object_component_ref idref="oc-ce"/>
      </symbol>
      <symbol id="sm-56c">
         <name>memcpy</name>
         <value>0x9779</value>
         <object_component_ref idref="oc-40"/>
      </symbol>
      <symbol id="sm-579">
         <name>_system_post_cinit</name>
         <value>0x8fff</value>
         <object_component_ref idref="oc-2dd"/>
      </symbol>
      <symbol id="sm-57b">
         <name>__c_args__</name>
         <value>0x0</value>
      </symbol>
   </symbol_table>
   <title>Link successful</title>
</link_info>
